<!doctype html public "-//w3c//dtd html 4.0 transitional//en">
<html><head>
<title>Static Call Graph - [..\OBJ\STM32F030Demo.axf]</title></head>
<body><HR>
<H1>Static Call Graph for image ..\OBJ\STM32F030Demo.axf</H1><HR>
<BR><P>#&#060CALLGRAPH&#062# ARM Linker, 5060422: Last Updated: Mon Jan 29 20:13:22 2018
<BR><P>
<H3>Maximum Stack Usage =        760 bytes + Unknown(Functions without stacksize, Cycles, Untraceable Function Pointers)</H3><H3>
Call chain for Maximum Stack Depth:</H3>
CMD_ProcessTask &rArr; ModuleUnPackFrame &rArr; protocol_module_process &rArr; send_prameter_fram1_to_PC &rArr; __aeabi_memcpy
<P>
<H3>
Functions with no stack information
</H3><UL>
 <LI><a href="#[30]">__user_initial_stackheap</a>
</UL>
</UL>
<P>
<H3>
Mutually Recursive functions
</H3> <LI><a href="#[7]">HardFault_Handler</a>&nbsp;&nbsp;&nbsp;&rArr;&nbsp;&nbsp;&nbsp;<a href="#[7]">HardFault_Handler</a><BR>
 <LI><a href="#[17]">ADC1_COMP_IRQHandler</a>&nbsp;&nbsp;&nbsp;&rArr;&nbsp;&nbsp;&nbsp;<a href="#[17]">ADC1_COMP_IRQHandler</a><BR>
</UL>
<P>
<H3>
Function Pointers
</H3><UL>
 <LI><a href="#[17]">ADC1_COMP_IRQHandler</a> from startup_stm32f0xx.o(.text) referenced from startup_stm32f0xx.o(RESET)
 <LI><a href="#[27]">CEC_IRQHandler</a> from startup_stm32f0xx.o(.text) referenced from startup_stm32f0xx.o(RESET)
 <LI><a href="#[2a]">CMD_ProcessTask</a> from comm_task.o(.text) referenced from app.o(.text)
 <LI><a href="#[14]">DMA1_Channel1_IRQHandler</a> from startup_stm32f0xx.o(.text) referenced from startup_stm32f0xx.o(RESET)
 <LI><a href="#[15]">DMA1_Channel2_3_IRQHandler</a> from startup_stm32f0xx.o(.text) referenced from startup_stm32f0xx.o(RESET)
 <LI><a href="#[16]">DMA1_Channel4_5_IRQHandler</a> from startup_stm32f0xx.o(.text) referenced from startup_stm32f0xx.o(RESET)
 <LI><a href="#[10]">EXTI0_1_IRQHandler</a> from startup_stm32f0xx.o(.text) referenced from startup_stm32f0xx.o(RESET)
 <LI><a href="#[11]">EXTI2_3_IRQHandler</a> from startup_stm32f0xx.o(.text) referenced from startup_stm32f0xx.o(RESET)
 <LI><a href="#[12]">EXTI4_15_IRQHandler</a> from startup_stm32f0xx.o(.text) referenced from startup_stm32f0xx.o(RESET)
 <LI><a href="#[e]">FLASH_IRQHandler</a> from startup_stm32f0xx.o(.text) referenced from startup_stm32f0xx.o(RESET)
 <LI><a href="#[7]">HardFault_Handler</a> from stm32f0xx_it.o(.text) referenced from startup_stm32f0xx.o(RESET)
 <LI><a href="#[21]">I2C1_IRQHandler</a> from startup_stm32f0xx.o(.text) referenced from startup_stm32f0xx.o(RESET)
 <LI><a href="#[22]">I2C2_IRQHandler</a> from startup_stm32f0xx.o(.text) referenced from startup_stm32f0xx.o(RESET)
 <LI><a href="#[6]">NMI_Handler</a> from stm32f0xx_it.o(.text) referenced from startup_stm32f0xx.o(RESET)
 <LI><a href="#[c]">PVD_IRQHandler</a> from startup_stm32f0xx.o(.text) referenced from startup_stm32f0xx.o(RESET)
 <LI><a href="#[9]">PendSV_Handler</a> from stm32f0xx_it.o(.text) referenced from startup_stm32f0xx.o(RESET)
 <LI><a href="#[f]">RCC_IRQHandler</a> from startup_stm32f0xx.o(.text) referenced from startup_stm32f0xx.o(RESET)
 <LI><a href="#[d]">RTC_IRQHandler</a> from startup_stm32f0xx.o(.text) referenced from startup_stm32f0xx.o(RESET)
 <LI><a href="#[2e]">Reset_Handler</a> from startup_stm32f0xx.o(.text) referenced from startup_stm32f0xx.o(RESET)
 <LI><a href="#[23]">SPI1_IRQHandler</a> from startup_stm32f0xx.o(.text) referenced from startup_stm32f0xx.o(RESET)
 <LI><a href="#[24]">SPI2_IRQHandler</a> from startup_stm32f0xx.o(.text) referenced from startup_stm32f0xx.o(RESET)
 <LI><a href="#[8]">SVC_Handler</a> from stm32f0xx_it.o(.text) referenced from startup_stm32f0xx.o(RESET)
 <LI><a href="#[a]">SysTick_Handler</a> from stm32f0xx_it.o(.text) referenced from startup_stm32f0xx.o(RESET)
 <LI><a href="#[2c]">SystemInit</a> from system_stm32f0xx.o(.text) referenced from startup_stm32f0xx.o(.text)
 <LI><a href="#[1d]">TIM14_IRQHandler</a> from startup_stm32f0xx.o(.text) referenced from startup_stm32f0xx.o(RESET)
 <LI><a href="#[1e]">TIM15_IRQHandler</a> from startup_stm32f0xx.o(.text) referenced from startup_stm32f0xx.o(RESET)
 <LI><a href="#[1f]">TIM16_IRQHandler</a> from stm32f0xx_it.o(.text) referenced from startup_stm32f0xx.o(RESET)
 <LI><a href="#[20]">TIM17_IRQHandler</a> from startup_stm32f0xx.o(.text) referenced from startup_stm32f0xx.o(RESET)
 <LI><a href="#[18]">TIM1_BRK_UP_TRG_COM_IRQHandler</a> from startup_stm32f0xx.o(.text) referenced from startup_stm32f0xx.o(RESET)
 <LI><a href="#[19]">TIM1_CC_IRQHandler</a> from startup_stm32f0xx.o(.text) referenced from startup_stm32f0xx.o(RESET)
 <LI><a href="#[1a]">TIM2_IRQHandler</a> from startup_stm32f0xx.o(.text) referenced from startup_stm32f0xx.o(RESET)
 <LI><a href="#[1b]">TIM3_IRQHandler</a> from startup_stm32f0xx.o(.text) referenced from startup_stm32f0xx.o(RESET)
 <LI><a href="#[1c]">TIM6_DAC_IRQHandler</a> from startup_stm32f0xx.o(.text) referenced from startup_stm32f0xx.o(RESET)
 <LI><a href="#[13]">TS_IRQHandler</a> from startup_stm32f0xx.o(.text) referenced from startup_stm32f0xx.o(RESET)
 <LI><a href="#[29]">TaskDataSend</a> from comm_task.o(.text) referenced from app.o(.text)
 <LI><a href="#[25]">USART1_IRQHandler</a> from startup_stm32f0xx.o(.text) referenced from startup_stm32f0xx.o(RESET)
 <LI><a href="#[26]">USART2_IRQHandler</a> from startup_stm32f0xx.o(.text) referenced from startup_stm32f0xx.o(RESET)
 <LI><a href="#[b]">WWDG_IRQHandler</a> from startup_stm32f0xx.o(.text) referenced from startup_stm32f0xx.o(RESET)
 <LI><a href="#[2f]">__main</a> from __main.o(!!!main) referenced from startup_stm32f0xx.o(.text)
 <LI><a href="#[2b]">check_selectedMode_ouputPWM</a> from comm_task.o(.text) referenced from app.o(.text)
 <LI><a href="#[28]">init_task</a> from app.o(.text) referenced from main.o(.text)
</UL>
<P>
<H3>
Global Symbols
</H3>
<P><STRONG><a name="[2f]"></a>__main</STRONG> (Thumb, 8 bytes, Stack size 0 bytes, __main.o(!!!main))
<BR><BR>[Calls]<UL><LI><a href="#[31]">&gt;&gt;</a>&nbsp;&nbsp;&nbsp;__scatterload
<LI><a href="#[32]">&gt;&gt;</a>&nbsp;&nbsp;&nbsp;__rt_entry
</UL>

<P><STRONG><a name="[31]"></a>__scatterload</STRONG> (Thumb, 0 bytes, Stack size unknown bytes, __scatter.o(!!!scatter))
<BR><BR>[Called By]<UL><LI><a href="#[2f]">&gt;&gt;</a>&nbsp;&nbsp;&nbsp;__main
</UL>

<P><STRONG><a name="[33]"></a>__scatterload_rt2</STRONG> (Thumb, 52 bytes, Stack size unknown bytes, __scatter.o(!!!scatter), UNUSED)
<BR><BR>[Calls]<UL><LI><a href="#[32]">&gt;&gt;</a>&nbsp;&nbsp;&nbsp;__rt_entry
</UL>

<P><STRONG><a name="[e9]"></a>__scatterload_rt2_thumb_only</STRONG> (Thumb, 0 bytes, Stack size unknown bytes, __scatter.o(!!!scatter), UNUSED)

<P><STRONG><a name="[ea]"></a>__scatterload_null</STRONG> (Thumb, 0 bytes, Stack size unknown bytes, __scatter.o(!!!scatter), UNUSED)

<P><STRONG><a name="[eb]"></a>__scatterload_zeroinit</STRONG> (Thumb, 28 bytes, Stack size unknown bytes, __scatter_zi.o(!!handler_zi), UNUSED)

<P><STRONG><a name="[37]"></a>__rt_lib_init</STRONG> (Thumb, 0 bytes, Stack size unknown bytes, libinit.o(.ARM.Collect$$libinit$$00000000))
<BR><BR>[Called By]<UL><LI><a href="#[36]">&gt;&gt;</a>&nbsp;&nbsp;&nbsp;__rt_entry_li
</UL>

<P><STRONG><a name="[ec]"></a>__rt_lib_init_alloca_1</STRONG> (Thumb, 0 bytes, Stack size unknown bytes, libinit2.o(.ARM.Collect$$libinit$$0000002E))

<P><STRONG><a name="[ed]"></a>__rt_lib_init_argv_1</STRONG> (Thumb, 0 bytes, Stack size unknown bytes, libinit2.o(.ARM.Collect$$libinit$$0000002C))

<P><STRONG><a name="[ee]"></a>__rt_lib_init_atexit_1</STRONG> (Thumb, 0 bytes, Stack size unknown bytes, libinit2.o(.ARM.Collect$$libinit$$0000001B))

<P><STRONG><a name="[ef]"></a>__rt_lib_init_clock_1</STRONG> (Thumb, 0 bytes, Stack size unknown bytes, libinit2.o(.ARM.Collect$$libinit$$00000021))

<P><STRONG><a name="[f0]"></a>__rt_lib_init_cpp_1</STRONG> (Thumb, 0 bytes, Stack size unknown bytes, libinit2.o(.ARM.Collect$$libinit$$00000032))

<P><STRONG><a name="[f1]"></a>__rt_lib_init_exceptions_1</STRONG> (Thumb, 0 bytes, Stack size unknown bytes, libinit2.o(.ARM.Collect$$libinit$$00000030))

<P><STRONG><a name="[f2]"></a>__rt_lib_init_fp_1</STRONG> (Thumb, 0 bytes, Stack size unknown bytes, libinit2.o(.ARM.Collect$$libinit$$00000002))

<P><STRONG><a name="[f3]"></a>__rt_lib_init_fp_trap_1</STRONG> (Thumb, 0 bytes, Stack size unknown bytes, libinit2.o(.ARM.Collect$$libinit$$0000001F))

<P><STRONG><a name="[f4]"></a>__rt_lib_init_getenv_1</STRONG> (Thumb, 0 bytes, Stack size unknown bytes, libinit2.o(.ARM.Collect$$libinit$$00000023))

<P><STRONG><a name="[f5]"></a>__rt_lib_init_heap_1</STRONG> (Thumb, 0 bytes, Stack size unknown bytes, libinit2.o(.ARM.Collect$$libinit$$0000000A))

<P><STRONG><a name="[f6]"></a>__rt_lib_init_lc_collate_1</STRONG> (Thumb, 0 bytes, Stack size unknown bytes, libinit2.o(.ARM.Collect$$libinit$$00000011))

<P><STRONG><a name="[f7]"></a>__rt_lib_init_lc_ctype_1</STRONG> (Thumb, 0 bytes, Stack size unknown bytes, libinit2.o(.ARM.Collect$$libinit$$00000013))

<P><STRONG><a name="[f8]"></a>__rt_lib_init_lc_monetary_1</STRONG> (Thumb, 0 bytes, Stack size unknown bytes, libinit2.o(.ARM.Collect$$libinit$$00000015))

<P><STRONG><a name="[f9]"></a>__rt_lib_init_lc_numeric_1</STRONG> (Thumb, 0 bytes, Stack size unknown bytes, libinit2.o(.ARM.Collect$$libinit$$00000017))

<P><STRONG><a name="[fa]"></a>__rt_lib_init_lc_time_1</STRONG> (Thumb, 0 bytes, Stack size unknown bytes, libinit2.o(.ARM.Collect$$libinit$$00000019))

<P><STRONG><a name="[fb]"></a>__rt_lib_init_preinit_1</STRONG> (Thumb, 0 bytes, Stack size unknown bytes, libinit2.o(.ARM.Collect$$libinit$$00000004))

<P><STRONG><a name="[fc]"></a>__rt_lib_init_rand_1</STRONG> (Thumb, 0 bytes, Stack size unknown bytes, libinit2.o(.ARM.Collect$$libinit$$0000000E))

<P><STRONG><a name="[fd]"></a>__rt_lib_init_return</STRONG> (Thumb, 0 bytes, Stack size unknown bytes, libinit2.o(.ARM.Collect$$libinit$$00000033))

<P><STRONG><a name="[fe]"></a>__rt_lib_init_signal_1</STRONG> (Thumb, 0 bytes, Stack size unknown bytes, libinit2.o(.ARM.Collect$$libinit$$0000001D))

<P><STRONG><a name="[ff]"></a>__rt_lib_init_stdio_1</STRONG> (Thumb, 0 bytes, Stack size unknown bytes, libinit2.o(.ARM.Collect$$libinit$$00000025))

<P><STRONG><a name="[100]"></a>__rt_lib_init_user_alloc_1</STRONG> (Thumb, 0 bytes, Stack size unknown bytes, libinit2.o(.ARM.Collect$$libinit$$0000000C))

<P><STRONG><a name="[3c]"></a>__rt_lib_shutdown</STRONG> (Thumb, 0 bytes, Stack size unknown bytes, libshutdown.o(.ARM.Collect$$libshutdown$$00000000))
<BR><BR>[Called By]<UL><LI><a href="#[3b]">&gt;&gt;</a>&nbsp;&nbsp;&nbsp;__rt_exit_ls
</UL>

<P><STRONG><a name="[101]"></a>__rt_lib_shutdown_cpp_1</STRONG> (Thumb, 0 bytes, Stack size unknown bytes, libshutdown2.o(.ARM.Collect$$libshutdown$$00000002))

<P><STRONG><a name="[102]"></a>__rt_lib_shutdown_fp_trap_1</STRONG> (Thumb, 0 bytes, Stack size unknown bytes, libshutdown2.o(.ARM.Collect$$libshutdown$$00000007))

<P><STRONG><a name="[103]"></a>__rt_lib_shutdown_heap_1</STRONG> (Thumb, 0 bytes, Stack size unknown bytes, libshutdown2.o(.ARM.Collect$$libshutdown$$0000000F))

<P><STRONG><a name="[104]"></a>__rt_lib_shutdown_return</STRONG> (Thumb, 0 bytes, Stack size unknown bytes, libshutdown2.o(.ARM.Collect$$libshutdown$$00000010))

<P><STRONG><a name="[105]"></a>__rt_lib_shutdown_signal_1</STRONG> (Thumb, 0 bytes, Stack size unknown bytes, libshutdown2.o(.ARM.Collect$$libshutdown$$0000000A))

<P><STRONG><a name="[106]"></a>__rt_lib_shutdown_stdio_1</STRONG> (Thumb, 0 bytes, Stack size unknown bytes, libshutdown2.o(.ARM.Collect$$libshutdown$$00000004))

<P><STRONG><a name="[107]"></a>__rt_lib_shutdown_user_alloc_1</STRONG> (Thumb, 0 bytes, Stack size unknown bytes, libshutdown2.o(.ARM.Collect$$libshutdown$$0000000C))

<P><STRONG><a name="[32]"></a>__rt_entry</STRONG> (Thumb, 0 bytes, Stack size unknown bytes, __rtentry.o(.ARM.Collect$$rtentry$$00000000))
<BR><BR>[Called By]<UL><LI><a href="#[33]">&gt;&gt;</a>&nbsp;&nbsp;&nbsp;__scatterload_rt2
<LI><a href="#[2f]">&gt;&gt;</a>&nbsp;&nbsp;&nbsp;__main
</UL>

<P><STRONG><a name="[108]"></a>__rt_entry_presh_1</STRONG> (Thumb, 0 bytes, Stack size unknown bytes, __rtentry2.o(.ARM.Collect$$rtentry$$00000002))

<P><STRONG><a name="[34]"></a>__rt_entry_sh</STRONG> (Thumb, 0 bytes, Stack size unknown bytes, __rtentry4.o(.ARM.Collect$$rtentry$$00000004))
<BR><BR>[Stack]<UL><LI>Max Depth = 8 + Unknown Stack Size
<LI>Call Chain = __rt_entry_sh &rArr; __user_setup_stackheap
</UL>
<BR>[Calls]<UL><LI><a href="#[35]">&gt;&gt;</a>&nbsp;&nbsp;&nbsp;__user_setup_stackheap
</UL>

<P><STRONG><a name="[36]"></a>__rt_entry_li</STRONG> (Thumb, 0 bytes, Stack size unknown bytes, __rtentry2.o(.ARM.Collect$$rtentry$$0000000A))
<BR><BR>[Calls]<UL><LI><a href="#[37]">&gt;&gt;</a>&nbsp;&nbsp;&nbsp;__rt_lib_init
</UL>

<P><STRONG><a name="[109]"></a>__rt_entry_postsh_1</STRONG> (Thumb, 0 bytes, Stack size unknown bytes, __rtentry2.o(.ARM.Collect$$rtentry$$00000009))

<P><STRONG><a name="[38]"></a>__rt_entry_main</STRONG> (Thumb, 0 bytes, Stack size unknown bytes, __rtentry2.o(.ARM.Collect$$rtentry$$0000000D))
<BR><BR>[Stack]<UL><LI>Max Depth = 52 + Unknown Stack Size
<LI>Call Chain = __rt_entry_main &rArr; main &rArr; os_init &rArr; init_tim &rArr; NVIC_Init
</UL>
<BR>[Calls]<UL><LI><a href="#[39]">&gt;&gt;</a>&nbsp;&nbsp;&nbsp;main
<LI><a href="#[3a]">&gt;&gt;</a>&nbsp;&nbsp;&nbsp;exit
</UL>

<P><STRONG><a name="[10a]"></a>__rt_entry_postli_1</STRONG> (Thumb, 0 bytes, Stack size unknown bytes, __rtentry2.o(.ARM.Collect$$rtentry$$0000000C))

<P><STRONG><a name="[e8]"></a>__rt_exit</STRONG> (Thumb, 0 bytes, Stack size unknown bytes, rtexit.o(.ARM.Collect$$rtexit$$00000000))
<BR><BR>[Called By]<UL><LI><a href="#[3a]">&gt;&gt;</a>&nbsp;&nbsp;&nbsp;exit
</UL>

<P><STRONG><a name="[3b]"></a>__rt_exit_ls</STRONG> (Thumb, 0 bytes, Stack size unknown bytes, rtexit2.o(.ARM.Collect$$rtexit$$00000003))
<BR><BR>[Calls]<UL><LI><a href="#[3c]">&gt;&gt;</a>&nbsp;&nbsp;&nbsp;__rt_lib_shutdown
</UL>

<P><STRONG><a name="[10b]"></a>__rt_exit_prels_1</STRONG> (Thumb, 0 bytes, Stack size unknown bytes, rtexit2.o(.ARM.Collect$$rtexit$$00000002))

<P><STRONG><a name="[3d]"></a>__rt_exit_exit</STRONG> (Thumb, 0 bytes, Stack size unknown bytes, rtexit2.o(.ARM.Collect$$rtexit$$00000004))
<BR><BR>[Calls]<UL><LI><a href="#[3e]">&gt;&gt;</a>&nbsp;&nbsp;&nbsp;_sys_exit
</UL>

<P><STRONG><a name="[55]"></a>__aeabi_memcpy4</STRONG> (Thumb, 56 bytes, Stack size 0 bytes, rt_memcpy.o(.emb_text))
<BR><BR>[Called By]<UL><LI><a href="#[52]">&gt;&gt;</a>&nbsp;&nbsp;&nbsp;ModuleUnPackFrame
<LI><a href="#[60]">&gt;&gt;</a>&nbsp;&nbsp;&nbsp;__aeabi_memcpy
</UL>

<P><STRONG><a name="[10c]"></a>__aeabi_memcpy8</STRONG> (Thumb, 0 bytes, Stack size 0 bytes, rt_memcpy.o(.emb_text), UNUSED)

<P><STRONG><a name="[39]"></a>main</STRONG> (Thumb, 28 bytes, Stack size 8 bytes, main.o(.text))
<BR><BR>[Stack]<UL><LI>Max Depth = 52<LI>Call Chain = main &rArr; os_init &rArr; init_tim &rArr; NVIC_Init
</UL>
<BR>[Calls]<UL><LI><a href="#[42]">&gt;&gt;</a>&nbsp;&nbsp;&nbsp;os_start
<LI><a href="#[40]">&gt;&gt;</a>&nbsp;&nbsp;&nbsp;os_init
<LI><a href="#[41]">&gt;&gt;</a>&nbsp;&nbsp;&nbsp;os_create_task
<LI><a href="#[3f]">&gt;&gt;</a>&nbsp;&nbsp;&nbsp;delay_init
</UL>
<BR>[Called By]<UL><LI><a href="#[38]">&gt;&gt;</a>&nbsp;&nbsp;&nbsp;__rt_entry_main
</UL>

<P><STRONG><a name="[6]"></a>NMI_Handler</STRONG> (Thumb, 2 bytes, Stack size 0 bytes, stm32f0xx_it.o(.text))
<BR>[Address Reference Count : 1]<UL><LI> startup_stm32f0xx.o(RESET)
</UL>
<P><STRONG><a name="[7]"></a>HardFault_Handler</STRONG> (Thumb, 2 bytes, Stack size 0 bytes, stm32f0xx_it.o(.text))
<BR><BR>[Calls]<UL><LI><a href="#[7]">&gt;&gt;</a>&nbsp;&nbsp;&nbsp;HardFault_Handler
</UL>
<BR>[Called By]<UL><LI><a href="#[7]">&gt;&gt;</a>&nbsp;&nbsp;&nbsp;HardFault_Handler
</UL>
<BR>[Address Reference Count : 1]<UL><LI> startup_stm32f0xx.o(RESET)
</UL>
<P><STRONG><a name="[8]"></a>SVC_Handler</STRONG> (Thumb, 2 bytes, Stack size 0 bytes, stm32f0xx_it.o(.text))
<BR>[Address Reference Count : 1]<UL><LI> startup_stm32f0xx.o(RESET)
</UL>
<P><STRONG><a name="[9]"></a>PendSV_Handler</STRONG> (Thumb, 2 bytes, Stack size 0 bytes, stm32f0xx_it.o(.text))
<BR>[Address Reference Count : 1]<UL><LI> startup_stm32f0xx.o(RESET)
</UL>
<P><STRONG><a name="[a]"></a>SysTick_Handler</STRONG> (Thumb, 2 bytes, Stack size 0 bytes, stm32f0xx_it.o(.text))
<BR>[Address Reference Count : 1]<UL><LI> startup_stm32f0xx.o(RESET)
</UL>
<P><STRONG><a name="[1f]"></a>TIM16_IRQHandler</STRONG> (Thumb, 30 bytes, Stack size 8 bytes, stm32f0xx_it.o(.text))
<BR><BR>[Stack]<UL><LI>Max Depth = 8<LI>Call Chain = TIM16_IRQHandler
</UL>
<BR>[Calls]<UL><LI><a href="#[44]">&gt;&gt;</a>&nbsp;&nbsp;&nbsp;os_isr_ticks
<LI><a href="#[43]">&gt;&gt;</a>&nbsp;&nbsp;&nbsp;TIM_GetITStatus
<LI><a href="#[45]">&gt;&gt;</a>&nbsp;&nbsp;&nbsp;TIM_ClearITPendingBit
</UL>
<BR>[Address Reference Count : 1]<UL><LI> startup_stm32f0xx.o(RESET)
</UL>
<P><STRONG><a name="[2c]"></a>SystemInit</STRONG> (Thumb, 84 bytes, Stack size 8 bytes, system_stm32f0xx.o(.text))
<BR><BR>[Stack]<UL><LI>Max Depth = 24<LI>Call Chain = SystemInit &rArr; SetSysClock
</UL>
<BR>[Calls]<UL><LI><a href="#[46]">&gt;&gt;</a>&nbsp;&nbsp;&nbsp;SetSysClock
</UL>
<BR>[Address Reference Count : 1]<UL><LI> startup_stm32f0xx.o(.text)
</UL>
<P><STRONG><a name="[47]"></a>SystemCoreClockUpdate</STRONG> (Thumb, 90 bytes, Stack size 16 bytes, system_stm32f0xx.o(.text), UNUSED)
<BR><BR>[Calls]<UL><LI><a href="#[48]">&gt;&gt;</a>&nbsp;&nbsp;&nbsp;__aeabi_uidivmod
</UL>

<P><STRONG><a name="[28]"></a>init_task</STRONG> (Thumb, 74 bytes, Stack size 8 bytes, app.o(.text))
<BR><BR>[Stack]<UL><LI>Max Depth = 184<LI>Call Chain = init_task &rArr; UARTInit &rArr; USART_Init &rArr; RCC_GetClocksFreq
</UL>
<BR>[Calls]<UL><LI><a href="#[4f]">&gt;&gt;</a>&nbsp;&nbsp;&nbsp;os_pend_task
<LI><a href="#[4a]">&gt;&gt;</a>&nbsp;&nbsp;&nbsp;init_hardware
<LI><a href="#[4c]">&gt;&gt;</a>&nbsp;&nbsp;&nbsp;fifoInit
<LI><a href="#[4d]">&gt;&gt;</a>&nbsp;&nbsp;&nbsp;UARTInit
<LI><a href="#[4b]">&gt;&gt;</a>&nbsp;&nbsp;&nbsp;Motor_PWM_Init
<LI><a href="#[4e]">&gt;&gt;</a>&nbsp;&nbsp;&nbsp;Init_Receive
<LI><a href="#[41]">&gt;&gt;</a>&nbsp;&nbsp;&nbsp;os_create_task
</UL>
<BR>[Address Reference Count : 1]<UL><LI> main.o(.text)
</UL>
<P><STRONG><a name="[50]"></a>test_task</STRONG> (Thumb, 12 bytes, Stack size 8 bytes, app.o(.text), UNUSED)
<BR><BR>[Calls]<UL><LI><a href="#[51]">&gt;&gt;</a>&nbsp;&nbsp;&nbsp;os_delay_ms
</UL>

<P><STRONG><a name="[63]"></a>CalcCheckSum</STRONG> (Thumb, 34 bytes, Stack size 8 bytes, comm_task.o(.text))
<BR><BR>[Stack]<UL><LI>Max Depth = 8<LI>Call Chain = CalcCheckSum
</UL>
<BR>[Called By]<UL><LI><a href="#[70]">&gt;&gt;</a>&nbsp;&nbsp;&nbsp;send_prameter_fram2_to_PC
<LI><a href="#[6e]">&gt;&gt;</a>&nbsp;&nbsp;&nbsp;send_prameter_fram1_to_PC
<LI><a href="#[62]">&gt;&gt;</a>&nbsp;&nbsp;&nbsp;protocol_module_send_train_data_check_sum
</UL>

<P><STRONG><a name="[29]"></a>TaskDataSend</STRONG> (Thumb, 50 bytes, Stack size 312 bytes, comm_task.o(.text))
<BR><BR>[Stack]<UL><LI>Max Depth = 328<LI>Call Chain = TaskDataSend &rArr; fifoReadData
</UL>
<BR>[Calls]<UL><LI><a href="#[59]">&gt;&gt;</a>&nbsp;&nbsp;&nbsp;fifoReadData
<LI><a href="#[5a]">&gt;&gt;</a>&nbsp;&nbsp;&nbsp;UartSendNBytes
<LI><a href="#[51]">&gt;&gt;</a>&nbsp;&nbsp;&nbsp;os_delay_ms
<LI><a href="#[58]">&gt;&gt;</a>&nbsp;&nbsp;&nbsp;__aeabi_memclr4
</UL>
<BR>[Address Reference Count : 1]<UL><LI> app.o(.text)
</UL>
<P><STRONG><a name="[5b]"></a>PaintPWM</STRONG> (Thumb, 436 bytes, Stack size 24 bytes, comm_task.o(.text))
<BR><BR>[Stack]<UL><LI>Max Depth = 84<LI>Call Chain = PaintPWM &rArr; Motor_PWM_Freq_Dudy_Set &rArr; TIM_OC1Init
</UL>
<BR>[Calls]<UL><LI><a href="#[5c]">&gt;&gt;</a>&nbsp;&nbsp;&nbsp;Motor_PWM_Freq_Dudy_Set
</UL>
<BR>[Called By]<UL><LI><a href="#[2b]">&gt;&gt;</a>&nbsp;&nbsp;&nbsp;check_selectedMode_ouputPWM
</UL>

<P><STRONG><a name="[2b]"></a>check_selectedMode_ouputPWM</STRONG> (Thumb, 188 bytes, Stack size 16 bytes, comm_task.o(.text))
<BR><BR>[Stack]<UL><LI>Max Depth = 100<LI>Call Chain = check_selectedMode_ouputPWM &rArr; PaintPWM &rArr; Motor_PWM_Freq_Dudy_Set &rArr; TIM_OC1Init
</UL>
<BR>[Calls]<UL><LI><a href="#[5d]">&gt;&gt;</a>&nbsp;&nbsp;&nbsp;GetModeSelected
<LI><a href="#[5e]">&gt;&gt;</a>&nbsp;&nbsp;&nbsp;Delay_ms
<LI><a href="#[5f]">&gt;&gt;</a>&nbsp;&nbsp;&nbsp;ADS115_readByte
<LI><a href="#[5b]">&gt;&gt;</a>&nbsp;&nbsp;&nbsp;PaintPWM
<LI><a href="#[51]">&gt;&gt;</a>&nbsp;&nbsp;&nbsp;os_delay_ms
<LI><a href="#[60]">&gt;&gt;</a>&nbsp;&nbsp;&nbsp;__aeabi_memcpy
</UL>
<BR>[Address Reference Count : 1]<UL><LI> app.o(.text)
</UL>
<P><STRONG><a name="[2a]"></a>CMD_ProcessTask</STRONG> (Thumb, 22 bytes, Stack size 8 bytes, comm_task.o(.text))
<BR><BR>[Stack]<UL><LI>Max Depth = 760<LI>Call Chain = CMD_ProcessTask &rArr; ModuleUnPackFrame &rArr; protocol_module_process &rArr; send_prameter_fram1_to_PC &rArr; __aeabi_memcpy
</UL>
<BR>[Calls]<UL><LI><a href="#[61]">&gt;&gt;</a>&nbsp;&nbsp;&nbsp;ReceiveData
<LI><a href="#[52]">&gt;&gt;</a>&nbsp;&nbsp;&nbsp;ModuleUnPackFrame
<LI><a href="#[51]">&gt;&gt;</a>&nbsp;&nbsp;&nbsp;os_delay_ms
</UL>
<BR>[Address Reference Count : 1]<UL><LI> app.o(.text)
</UL>
<P><STRONG><a name="[62]"></a>protocol_module_send_train_data_check_sum</STRONG> (Thumb, 58 bytes, Stack size 256 bytes, protocol_module.o(.text), UNUSED)
<BR><BR>[Calls]<UL><LI><a href="#[64]">&gt;&gt;</a>&nbsp;&nbsp;&nbsp;fifoWriteData
<LI><a href="#[63]">&gt;&gt;</a>&nbsp;&nbsp;&nbsp;CalcCheckSum
</UL>

<P><STRONG><a name="[65]"></a>get_comm_para_to_buf</STRONG> (Thumb, 48 bytes, Stack size 24 bytes, protocol_module.o(.text))
<BR><BR>[Stack]<UL><LI>Max Depth = 24<LI>Call Chain = get_comm_para_to_buf
</UL>
<BR>[Calls]<UL><LI><a href="#[66]">&gt;&gt;</a>&nbsp;&nbsp;&nbsp;__aeabi_memclr
</UL>
<BR>[Called By]<UL><LI><a href="#[56]">&gt;&gt;</a>&nbsp;&nbsp;&nbsp;protocol_module_process
</UL>

<P><STRONG><a name="[67]"></a>FlashWrite</STRONG> (Thumb, 80 bytes, Stack size 24 bytes, protocol_module.o(.text))
<BR><BR>[Stack]<UL><LI>Max Depth = 52<LI>Call Chain = FlashWrite &rArr; FLASH_ProgramWord &rArr; FLASH_WaitForLastOperation
</UL>
<BR>[Calls]<UL><LI><a href="#[68]">&gt;&gt;</a>&nbsp;&nbsp;&nbsp;FLASH_Unlock
<LI><a href="#[6b]">&gt;&gt;</a>&nbsp;&nbsp;&nbsp;FLASH_ProgramWord
<LI><a href="#[6c]">&gt;&gt;</a>&nbsp;&nbsp;&nbsp;FLASH_Lock
<LI><a href="#[6a]">&gt;&gt;</a>&nbsp;&nbsp;&nbsp;FLASH_ErasePage
<LI><a href="#[69]">&gt;&gt;</a>&nbsp;&nbsp;&nbsp;FLASH_ClearFlag
</UL>
<BR>[Called By]<UL><LI><a href="#[6d]">&gt;&gt;</a>&nbsp;&nbsp;&nbsp;get_parameter_to_buf_by_frameId
</UL>

<P><STRONG><a name="[6d]"></a>get_parameter_to_buf_by_frameId</STRONG> (Thumb, 458 bytes, Stack size 72 bytes, protocol_module.o(.text))
<BR><BR>[Stack]<UL><LI>Max Depth = 124<LI>Call Chain = get_parameter_to_buf_by_frameId &rArr; FlashWrite &rArr; FLASH_ProgramWord &rArr; FLASH_WaitForLastOperation
</UL>
<BR>[Calls]<UL><LI><a href="#[67]">&gt;&gt;</a>&nbsp;&nbsp;&nbsp;FlashWrite
<LI><a href="#[58]">&gt;&gt;</a>&nbsp;&nbsp;&nbsp;__aeabi_memclr4
<LI><a href="#[60]">&gt;&gt;</a>&nbsp;&nbsp;&nbsp;__aeabi_memcpy
</UL>
<BR>[Called By]<UL><LI><a href="#[56]">&gt;&gt;</a>&nbsp;&nbsp;&nbsp;protocol_module_process
</UL>

<P><STRONG><a name="[10d]"></a>FlashReadWord</STRONG> (Thumb, 4 bytes, Stack size 0 bytes, protocol_module.o(.text), UNUSED)

<P><STRONG><a name="[6f]"></a>FlashRead</STRONG> (Thumb, 26 bytes, Stack size 12 bytes, protocol_module.o(.text))
<BR><BR>[Stack]<UL><LI>Max Depth = 12<LI>Call Chain = FlashRead
</UL>
<BR>[Called By]<UL><LI><a href="#[6e]">&gt;&gt;</a>&nbsp;&nbsp;&nbsp;send_prameter_fram1_to_PC
</UL>

<P><STRONG><a name="[6e]"></a>send_prameter_fram1_to_PC</STRONG> (Thumb, 122 bytes, Stack size 696 bytes, protocol_module.o(.text))
<BR><BR>[Stack]<UL><LI>Max Depth = 720<LI>Call Chain = send_prameter_fram1_to_PC &rArr; __aeabi_memcpy
</UL>
<BR>[Calls]<UL><LI><a href="#[64]">&gt;&gt;</a>&nbsp;&nbsp;&nbsp;fifoWriteData
<LI><a href="#[6f]">&gt;&gt;</a>&nbsp;&nbsp;&nbsp;FlashRead
<LI><a href="#[63]">&gt;&gt;</a>&nbsp;&nbsp;&nbsp;CalcCheckSum
<LI><a href="#[58]">&gt;&gt;</a>&nbsp;&nbsp;&nbsp;__aeabi_memclr4
<LI><a href="#[66]">&gt;&gt;</a>&nbsp;&nbsp;&nbsp;__aeabi_memclr
<LI><a href="#[60]">&gt;&gt;</a>&nbsp;&nbsp;&nbsp;__aeabi_memcpy
</UL>
<BR>[Called By]<UL><LI><a href="#[56]">&gt;&gt;</a>&nbsp;&nbsp;&nbsp;protocol_module_process
</UL>

<P><STRONG><a name="[70]"></a>send_prameter_fram2_to_PC</STRONG> (Thumb, 76 bytes, Stack size 264 bytes, protocol_module.o(.text))
<BR><BR>[Stack]<UL><LI>Max Depth = 284<LI>Call Chain = send_prameter_fram2_to_PC &rArr; fifoWriteData
</UL>
<BR>[Calls]<UL><LI><a href="#[64]">&gt;&gt;</a>&nbsp;&nbsp;&nbsp;fifoWriteData
<LI><a href="#[63]">&gt;&gt;</a>&nbsp;&nbsp;&nbsp;CalcCheckSum
</UL>
<BR>[Called By]<UL><LI><a href="#[56]">&gt;&gt;</a>&nbsp;&nbsp;&nbsp;protocol_module_process
</UL>

<P><STRONG><a name="[10e]"></a>FlashReadByte</STRONG> (Thumb, 4 bytes, Stack size 0 bytes, protocol_module.o(.text), UNUSED)

<P><STRONG><a name="[5d]"></a>GetModeSelected</STRONG> (Thumb, 58 bytes, Stack size 8 bytes, protocol_module.o(.text))
<BR><BR>[Stack]<UL><LI>Max Depth = 16<LI>Call Chain = GetModeSelected &rArr; Adc_Switch
</UL>
<BR>[Calls]<UL><LI><a href="#[71]">&gt;&gt;</a>&nbsp;&nbsp;&nbsp;Adc_Switch
</UL>
<BR>[Called By]<UL><LI><a href="#[2b]">&gt;&gt;</a>&nbsp;&nbsp;&nbsp;check_selectedMode_ouputPWM
</UL>

<P><STRONG><a name="[56]"></a>protocol_module_process</STRONG> (Thumb, 94 bytes, Stack size 8 bytes, protocol_module.o(.text))
<BR><BR>[Stack]<UL><LI>Max Depth = 728<LI>Call Chain = protocol_module_process &rArr; send_prameter_fram1_to_PC &rArr; __aeabi_memcpy
</UL>
<BR>[Calls]<UL><LI><a href="#[70]">&gt;&gt;</a>&nbsp;&nbsp;&nbsp;send_prameter_fram2_to_PC
<LI><a href="#[6e]">&gt;&gt;</a>&nbsp;&nbsp;&nbsp;send_prameter_fram1_to_PC
<LI><a href="#[6d]">&gt;&gt;</a>&nbsp;&nbsp;&nbsp;get_parameter_to_buf_by_frameId
<LI><a href="#[65]">&gt;&gt;</a>&nbsp;&nbsp;&nbsp;get_comm_para_to_buf
</UL>
<BR>[Called By]<UL><LI><a href="#[52]">&gt;&gt;</a>&nbsp;&nbsp;&nbsp;ModuleUnPackFrame
</UL>

<P><STRONG><a name="[10f]"></a>Delay</STRONG> (Thumb, 10 bytes, Stack size 0 bytes, common.o(.text), UNUSED)

<P><STRONG><a name="[72]"></a>Delay_us</STRONG> (Thumb, 8 bytes, Stack size 8 bytes, common.o(.text))
<BR><BR>[Stack]<UL><LI>Max Depth = 8<LI>Call Chain = Delay_us
</UL>
<BR>[Calls]<UL><LI><a href="#[73]">&gt;&gt;</a>&nbsp;&nbsp;&nbsp;delay_us
</UL>
<BR>[Called By]<UL><LI><a href="#[8b]">&gt;&gt;</a>&nbsp;&nbsp;&nbsp;I2C_RecByte
<LI><a href="#[8a]">&gt;&gt;</a>&nbsp;&nbsp;&nbsp;I2C_SendByte
<LI><a href="#[89]">&gt;&gt;</a>&nbsp;&nbsp;&nbsp;I2C_RecAck
<LI><a href="#[88]">&gt;&gt;</a>&nbsp;&nbsp;&nbsp;I2C_SendNak
<LI><a href="#[87]">&gt;&gt;</a>&nbsp;&nbsp;&nbsp;I2C_SendAck
<LI><a href="#[86]">&gt;&gt;</a>&nbsp;&nbsp;&nbsp;I2C_Stop
<LI><a href="#[85]">&gt;&gt;</a>&nbsp;&nbsp;&nbsp;I2C_Start
</UL>

<P><STRONG><a name="[5e]"></a>Delay_ms</STRONG> (Thumb, 10 bytes, Stack size 8 bytes, common.o(.text))
<BR><BR>[Stack]<UL><LI>Max Depth = 8<LI>Call Chain = Delay_ms
</UL>
<BR>[Calls]<UL><LI><a href="#[57]">&gt;&gt;</a>&nbsp;&nbsp;&nbsp;delay_ms
</UL>
<BR>[Called By]<UL><LI><a href="#[2b]">&gt;&gt;</a>&nbsp;&nbsp;&nbsp;check_selectedMode_ouputPWM
</UL>

<P><STRONG><a name="[3f]"></a>delay_init</STRONG> (Thumb, 36 bytes, Stack size 8 bytes, delay.o(.text))
<BR><BR>[Stack]<UL><LI>Max Depth = 8<LI>Call Chain = delay_init
</UL>
<BR>[Calls]<UL><LI><a href="#[74]">&gt;&gt;</a>&nbsp;&nbsp;&nbsp;SysTick_CLKSourceConfig
<LI><a href="#[48]">&gt;&gt;</a>&nbsp;&nbsp;&nbsp;__aeabi_uidivmod
</UL>
<BR>[Called By]<UL><LI><a href="#[39]">&gt;&gt;</a>&nbsp;&nbsp;&nbsp;main
</UL>

<P><STRONG><a name="[73]"></a>delay_us</STRONG> (Thumb, 46 bytes, Stack size 0 bytes, delay.o(.text))
<BR><BR>[Called By]<UL><LI><a href="#[72]">&gt;&gt;</a>&nbsp;&nbsp;&nbsp;Delay_us
</UL>

<P><STRONG><a name="[57]"></a>delay_ms</STRONG> (Thumb, 46 bytes, Stack size 0 bytes, delay.o(.text))
<BR><BR>[Called By]<UL><LI><a href="#[5e]">&gt;&gt;</a>&nbsp;&nbsp;&nbsp;Delay_ms
<LI><a href="#[52]">&gt;&gt;</a>&nbsp;&nbsp;&nbsp;ModuleUnPackFrame
</UL>

<P><STRONG><a name="[4c]"></a>fifoInit</STRONG> (Thumb, 14 bytes, Stack size 0 bytes, fifo.o(.text))
<BR><BR>[Called By]<UL><LI><a href="#[28]">&gt;&gt;</a>&nbsp;&nbsp;&nbsp;init_task
</UL>

<P><STRONG><a name="[110]"></a>fifoReset</STRONG> (Thumb, 10 bytes, Stack size 0 bytes, fifo.o(.text), UNUSED)

<P><STRONG><a name="[111]"></a>fifoIsFull</STRONG> (Thumb, 16 bytes, Stack size 0 bytes, fifo.o(.text), UNUSED)

<P><STRONG><a name="[112]"></a>fifoCnt</STRONG> (Thumb, 4 bytes, Stack size 0 bytes, fifo.o(.text), UNUSED)

<P><STRONG><a name="[64]"></a>fifoWriteData</STRONG> (Thumb, 64 bytes, Stack size 20 bytes, fifo.o(.text))
<BR><BR>[Stack]<UL><LI>Max Depth = 20<LI>Call Chain = fifoWriteData
</UL>
<BR>[Called By]<UL><LI><a href="#[70]">&gt;&gt;</a>&nbsp;&nbsp;&nbsp;send_prameter_fram2_to_PC
<LI><a href="#[6e]">&gt;&gt;</a>&nbsp;&nbsp;&nbsp;send_prameter_fram1_to_PC
<LI><a href="#[62]">&gt;&gt;</a>&nbsp;&nbsp;&nbsp;protocol_module_send_train_data_check_sum
</UL>

<P><STRONG><a name="[59]"></a>fifoReadData</STRONG> (Thumb, 58 bytes, Stack size 16 bytes, fifo.o(.text))
<BR><BR>[Stack]<UL><LI>Max Depth = 16<LI>Call Chain = fifoReadData
</UL>
<BR>[Called By]<UL><LI><a href="#[29]">&gt;&gt;</a>&nbsp;&nbsp;&nbsp;TaskDataSend
</UL>

<P><STRONG><a name="[4e]"></a>Init_Receive</STRONG> (Thumb, 14 bytes, Stack size 0 bytes, cmd_receive.o(.text))
<BR><BR>[Called By]<UL><LI><a href="#[28]">&gt;&gt;</a>&nbsp;&nbsp;&nbsp;init_task
</UL>

<P><STRONG><a name="[76]"></a>Buf2Write</STRONG> (Thumb, 20 bytes, Stack size 0 bytes, cmd_receive.o(.text))
<BR><BR>[Called By]<UL><LI><a href="#[61]">&gt;&gt;</a>&nbsp;&nbsp;&nbsp;ReceiveData
</UL>

<P><STRONG><a name="[54]"></a>Buf2Read</STRONG> (Thumb, 20 bytes, Stack size 0 bytes, cmd_receive.o(.text))
<BR><BR>[Called By]<UL><LI><a href="#[52]">&gt;&gt;</a>&nbsp;&nbsp;&nbsp;ModuleUnPackFrame
</UL>

<P><STRONG><a name="[53]"></a>GetBuf2Length</STRONG> (Thumb, 14 bytes, Stack size 0 bytes, cmd_receive.o(.text))
<BR><BR>[Called By]<UL><LI><a href="#[52]">&gt;&gt;</a>&nbsp;&nbsp;&nbsp;ModuleUnPackFrame
</UL>

<P><STRONG><a name="[61]"></a>ReceiveData</STRONG> (Thumb, 78 bytes, Stack size 16 bytes, cmd_receive.o(.text))
<BR><BR>[Stack]<UL><LI>Max Depth = 24<LI>Call Chain = ReceiveData &rArr; GetUartReceiverResidualCnt
</UL>
<BR>[Calls]<UL><LI><a href="#[75]">&gt;&gt;</a>&nbsp;&nbsp;&nbsp;GetUartReceiverResidualCnt
<LI><a href="#[76]">&gt;&gt;</a>&nbsp;&nbsp;&nbsp;Buf2Write
</UL>
<BR>[Called By]<UL><LI><a href="#[2a]">&gt;&gt;</a>&nbsp;&nbsp;&nbsp;CMD_ProcessTask
</UL>

<P><STRONG><a name="[4d]"></a>UARTInit</STRONG> (Thumb, 240 bytes, Stack size 104 bytes, serial_port.o(.text))
<BR><BR>[Stack]<UL><LI>Max Depth = 176<LI>Call Chain = UARTInit &rArr; USART_Init &rArr; RCC_GetClocksFreq
</UL>
<BR>[Calls]<UL><LI><a href="#[7b]">&gt;&gt;</a>&nbsp;&nbsp;&nbsp;USART_Init
<LI><a href="#[7e]">&gt;&gt;</a>&nbsp;&nbsp;&nbsp;USART_DMACmd
<LI><a href="#[80]">&gt;&gt;</a>&nbsp;&nbsp;&nbsp;USART_Cmd
<LI><a href="#[78]">&gt;&gt;</a>&nbsp;&nbsp;&nbsp;RCC_APB2PeriphClockCmd
<LI><a href="#[77]">&gt;&gt;</a>&nbsp;&nbsp;&nbsp;RCC_AHBPeriphClockCmd
<LI><a href="#[79]">&gt;&gt;</a>&nbsp;&nbsp;&nbsp;GPIO_PinAFConfig
<LI><a href="#[7a]">&gt;&gt;</a>&nbsp;&nbsp;&nbsp;GPIO_Init
<LI><a href="#[7d]">&gt;&gt;</a>&nbsp;&nbsp;&nbsp;DMA_Init
<LI><a href="#[7c]">&gt;&gt;</a>&nbsp;&nbsp;&nbsp;DMA_DeInit
<LI><a href="#[7f]">&gt;&gt;</a>&nbsp;&nbsp;&nbsp;DMA_Cmd
</UL>
<BR>[Called By]<UL><LI><a href="#[28]">&gt;&gt;</a>&nbsp;&nbsp;&nbsp;init_task
</UL>

<P><STRONG><a name="[5a]"></a>UartSendNBytes</STRONG> (Thumb, 24 bytes, Stack size 0 bytes, serial_port.o(.text))
<BR><BR>[Called By]<UL><LI><a href="#[29]">&gt;&gt;</a>&nbsp;&nbsp;&nbsp;TaskDataSend
</UL>

<P><STRONG><a name="[75]"></a>GetUartReceiverResidualCnt</STRONG> (Thumb, 12 bytes, Stack size 8 bytes, serial_port.o(.text))
<BR><BR>[Stack]<UL><LI>Max Depth = 8<LI>Call Chain = GetUartReceiverResidualCnt
</UL>
<BR>[Calls]<UL><LI><a href="#[81]">&gt;&gt;</a>&nbsp;&nbsp;&nbsp;DMA_GetCurrDataCounter
</UL>
<BR>[Called By]<UL><LI><a href="#[61]">&gt;&gt;</a>&nbsp;&nbsp;&nbsp;ReceiveData
</UL>

<P><STRONG><a name="[82]"></a>I2C_uConfiguration</STRONG> (Thumb, 40 bytes, Stack size 16 bytes, i2c.o(.text))
<BR><BR>[Stack]<UL><LI>Max Depth = 36<LI>Call Chain = I2C_uConfiguration &rArr; GPIO_Init
</UL>
<BR>[Calls]<UL><LI><a href="#[77]">&gt;&gt;</a>&nbsp;&nbsp;&nbsp;RCC_AHBPeriphClockCmd
<LI><a href="#[7a]">&gt;&gt;</a>&nbsp;&nbsp;&nbsp;GPIO_Init
</UL>
<BR>[Called By]<UL><LI><a href="#[8c]">&gt;&gt;</a>&nbsp;&nbsp;&nbsp;ADS115_Init
</UL>

<P><STRONG><a name="[83]"></a>I2C_SDA_OUT</STRONG> (Thumb, 34 bytes, Stack size 16 bytes, i2c.o(.text))
<BR><BR>[Stack]<UL><LI>Max Depth = 36<LI>Call Chain = I2C_SDA_OUT &rArr; GPIO_Init
</UL>
<BR>[Calls]<UL><LI><a href="#[7a]">&gt;&gt;</a>&nbsp;&nbsp;&nbsp;GPIO_Init
</UL>
<BR>[Called By]<UL><LI><a href="#[89]">&gt;&gt;</a>&nbsp;&nbsp;&nbsp;I2C_RecAck
<LI><a href="#[88]">&gt;&gt;</a>&nbsp;&nbsp;&nbsp;I2C_SendNak
<LI><a href="#[87]">&gt;&gt;</a>&nbsp;&nbsp;&nbsp;I2C_SendAck
<LI><a href="#[85]">&gt;&gt;</a>&nbsp;&nbsp;&nbsp;I2C_Start
</UL>

<P><STRONG><a name="[84]"></a>I2C_SDA_IN</STRONG> (Thumb, 34 bytes, Stack size 16 bytes, i2c.o(.text))
<BR><BR>[Stack]<UL><LI>Max Depth = 36<LI>Call Chain = I2C_SDA_IN &rArr; GPIO_Init
</UL>
<BR>[Calls]<UL><LI><a href="#[7a]">&gt;&gt;</a>&nbsp;&nbsp;&nbsp;GPIO_Init
</UL>
<BR>[Called By]<UL><LI><a href="#[8b]">&gt;&gt;</a>&nbsp;&nbsp;&nbsp;I2C_RecByte
<LI><a href="#[89]">&gt;&gt;</a>&nbsp;&nbsp;&nbsp;I2C_RecAck
</UL>

<P><STRONG><a name="[85]"></a>I2C_Start</STRONG> (Thumb, 40 bytes, Stack size 16 bytes, i2c.o(.text))
<BR><BR>[Stack]<UL><LI>Max Depth = 52<LI>Call Chain = I2C_Start &rArr; I2C_SDA_OUT &rArr; GPIO_Init
</UL>
<BR>[Calls]<UL><LI><a href="#[83]">&gt;&gt;</a>&nbsp;&nbsp;&nbsp;I2C_SDA_OUT
<LI><a href="#[72]">&gt;&gt;</a>&nbsp;&nbsp;&nbsp;Delay_us
</UL>
<BR>[Called By]<UL><LI><a href="#[8c]">&gt;&gt;</a>&nbsp;&nbsp;&nbsp;ADS115_Init
<LI><a href="#[5f]">&gt;&gt;</a>&nbsp;&nbsp;&nbsp;ADS115_readByte
</UL>

<P><STRONG><a name="[86]"></a>I2C_Stop</STRONG> (Thumb, 34 bytes, Stack size 16 bytes, i2c.o(.text))
<BR><BR>[Stack]<UL><LI>Max Depth = 24<LI>Call Chain = I2C_Stop &rArr; Delay_us
</UL>
<BR>[Calls]<UL><LI><a href="#[72]">&gt;&gt;</a>&nbsp;&nbsp;&nbsp;Delay_us
</UL>
<BR>[Called By]<UL><LI><a href="#[8c]">&gt;&gt;</a>&nbsp;&nbsp;&nbsp;ADS115_Init
<LI><a href="#[5f]">&gt;&gt;</a>&nbsp;&nbsp;&nbsp;ADS115_readByte
</UL>

<P><STRONG><a name="[87]"></a>I2C_SendAck</STRONG> (Thumb, 38 bytes, Stack size 16 bytes, i2c.o(.text))
<BR><BR>[Stack]<UL><LI>Max Depth = 52<LI>Call Chain = I2C_SendAck &rArr; I2C_SDA_OUT &rArr; GPIO_Init
</UL>
<BR>[Calls]<UL><LI><a href="#[83]">&gt;&gt;</a>&nbsp;&nbsp;&nbsp;I2C_SDA_OUT
<LI><a href="#[72]">&gt;&gt;</a>&nbsp;&nbsp;&nbsp;Delay_us
</UL>
<BR>[Called By]<UL><LI><a href="#[5f]">&gt;&gt;</a>&nbsp;&nbsp;&nbsp;ADS115_readByte
</UL>

<P><STRONG><a name="[88]"></a>I2C_SendNak</STRONG> (Thumb, 38 bytes, Stack size 8 bytes, i2c.o(.text), UNUSED)
<BR><BR>[Calls]<UL><LI><a href="#[83]">&gt;&gt;</a>&nbsp;&nbsp;&nbsp;I2C_SDA_OUT
<LI><a href="#[72]">&gt;&gt;</a>&nbsp;&nbsp;&nbsp;Delay_us
</UL>

<P><STRONG><a name="[89]"></a>I2C_RecAck</STRONG> (Thumb, 68 bytes, Stack size 16 bytes, i2c.o(.text))
<BR><BR>[Stack]<UL><LI>Max Depth = 52<LI>Call Chain = I2C_RecAck &rArr; I2C_SDA_IN &rArr; GPIO_Init
</UL>
<BR>[Calls]<UL><LI><a href="#[84]">&gt;&gt;</a>&nbsp;&nbsp;&nbsp;I2C_SDA_IN
<LI><a href="#[83]">&gt;&gt;</a>&nbsp;&nbsp;&nbsp;I2C_SDA_OUT
<LI><a href="#[72]">&gt;&gt;</a>&nbsp;&nbsp;&nbsp;Delay_us
</UL>
<BR>[Called By]<UL><LI><a href="#[8c]">&gt;&gt;</a>&nbsp;&nbsp;&nbsp;ADS115_Init
<LI><a href="#[5f]">&gt;&gt;</a>&nbsp;&nbsp;&nbsp;ADS115_readByte
</UL>

<P><STRONG><a name="[8a]"></a>I2C_SendByte</STRONG> (Thumb, 66 bytes, Stack size 24 bytes, i2c.o(.text))
<BR><BR>[Stack]<UL><LI>Max Depth = 32<LI>Call Chain = I2C_SendByte &rArr; Delay_us
</UL>
<BR>[Calls]<UL><LI><a href="#[72]">&gt;&gt;</a>&nbsp;&nbsp;&nbsp;Delay_us
</UL>
<BR>[Called By]<UL><LI><a href="#[8c]">&gt;&gt;</a>&nbsp;&nbsp;&nbsp;ADS115_Init
<LI><a href="#[5f]">&gt;&gt;</a>&nbsp;&nbsp;&nbsp;ADS115_readByte
</UL>

<P><STRONG><a name="[8b]"></a>I2C_RecByte</STRONG> (Thumb, 60 bytes, Stack size 24 bytes, i2c.o(.text))
<BR><BR>[Stack]<UL><LI>Max Depth = 60<LI>Call Chain = I2C_RecByte &rArr; I2C_SDA_IN &rArr; GPIO_Init
</UL>
<BR>[Calls]<UL><LI><a href="#[84]">&gt;&gt;</a>&nbsp;&nbsp;&nbsp;I2C_SDA_IN
<LI><a href="#[72]">&gt;&gt;</a>&nbsp;&nbsp;&nbsp;Delay_us
</UL>
<BR>[Called By]<UL><LI><a href="#[5f]">&gt;&gt;</a>&nbsp;&nbsp;&nbsp;ADS115_readByte
</UL>

<P><STRONG><a name="[8c]"></a>ADS115_Init</STRONG> (Thumb, 56 bytes, Stack size 8 bytes, i2c.o(.text))
<BR><BR>[Stack]<UL><LI>Max Depth = 60<LI>Call Chain = ADS115_Init &rArr; I2C_RecAck &rArr; I2C_SDA_IN &rArr; GPIO_Init
</UL>
<BR>[Calls]<UL><LI><a href="#[8a]">&gt;&gt;</a>&nbsp;&nbsp;&nbsp;I2C_SendByte
<LI><a href="#[89]">&gt;&gt;</a>&nbsp;&nbsp;&nbsp;I2C_RecAck
<LI><a href="#[86]">&gt;&gt;</a>&nbsp;&nbsp;&nbsp;I2C_Stop
<LI><a href="#[85]">&gt;&gt;</a>&nbsp;&nbsp;&nbsp;I2C_Start
<LI><a href="#[82]">&gt;&gt;</a>&nbsp;&nbsp;&nbsp;I2C_uConfiguration
</UL>
<BR>[Called By]<UL><LI><a href="#[4a]">&gt;&gt;</a>&nbsp;&nbsp;&nbsp;init_hardware
</UL>

<P><STRONG><a name="[5f]"></a>ADS115_readByte</STRONG> (Thumb, 86 bytes, Stack size 8 bytes, i2c.o(.text))
<BR><BR>[Stack]<UL><LI>Max Depth = 68<LI>Call Chain = ADS115_readByte &rArr; I2C_RecByte &rArr; I2C_SDA_IN &rArr; GPIO_Init
</UL>
<BR>[Calls]<UL><LI><a href="#[8b]">&gt;&gt;</a>&nbsp;&nbsp;&nbsp;I2C_RecByte
<LI><a href="#[8a]">&gt;&gt;</a>&nbsp;&nbsp;&nbsp;I2C_SendByte
<LI><a href="#[89]">&gt;&gt;</a>&nbsp;&nbsp;&nbsp;I2C_RecAck
<LI><a href="#[87]">&gt;&gt;</a>&nbsp;&nbsp;&nbsp;I2C_SendAck
<LI><a href="#[86]">&gt;&gt;</a>&nbsp;&nbsp;&nbsp;I2C_Stop
<LI><a href="#[85]">&gt;&gt;</a>&nbsp;&nbsp;&nbsp;I2C_Start
</UL>
<BR>[Called By]<UL><LI><a href="#[2b]">&gt;&gt;</a>&nbsp;&nbsp;&nbsp;check_selectedMode_ouputPWM
</UL>

<P><STRONG><a name="[8d]"></a>init_tim</STRONG> (Thumb, 90 bytes, Stack size 24 bytes, hardware.o(.text))
<BR><BR>[Stack]<UL><LI>Max Depth = 36<LI>Call Chain = init_tim &rArr; NVIC_Init
</UL>
<BR>[Calls]<UL><LI><a href="#[8f]">&gt;&gt;</a>&nbsp;&nbsp;&nbsp;TIM_TimeBaseInit
<LI><a href="#[91]">&gt;&gt;</a>&nbsp;&nbsp;&nbsp;TIM_ITConfig
<LI><a href="#[92]">&gt;&gt;</a>&nbsp;&nbsp;&nbsp;TIM_Cmd
<LI><a href="#[90]">&gt;&gt;</a>&nbsp;&nbsp;&nbsp;TIM_ClearFlag
<LI><a href="#[8e]">&gt;&gt;</a>&nbsp;&nbsp;&nbsp;NVIC_Init
<LI><a href="#[78]">&gt;&gt;</a>&nbsp;&nbsp;&nbsp;RCC_APB2PeriphClockCmd
<LI><a href="#[48]">&gt;&gt;</a>&nbsp;&nbsp;&nbsp;__aeabi_uidivmod
</UL>
<BR>[Called By]<UL><LI><a href="#[40]">&gt;&gt;</a>&nbsp;&nbsp;&nbsp;os_init
</UL>

<P><STRONG><a name="[93]"></a>ADC1_Init</STRONG> (Thumb, 110 bytes, Stack size 48 bytes, hardware.o(.text))
<BR><BR>[Stack]<UL><LI>Max Depth = 68<LI>Call Chain = ADC1_Init &rArr; GPIO_Init
</UL>
<BR>[Calls]<UL><LI><a href="#[94]">&gt;&gt;</a>&nbsp;&nbsp;&nbsp;ADC_Init
<LI><a href="#[98]">&gt;&gt;</a>&nbsp;&nbsp;&nbsp;ADC_GetFlagStatus
<LI><a href="#[96]">&gt;&gt;</a>&nbsp;&nbsp;&nbsp;ADC_GetCalibrationFactor
<LI><a href="#[97]">&gt;&gt;</a>&nbsp;&nbsp;&nbsp;ADC_Cmd
<LI><a href="#[95]">&gt;&gt;</a>&nbsp;&nbsp;&nbsp;ADC_ChannelConfig
<LI><a href="#[78]">&gt;&gt;</a>&nbsp;&nbsp;&nbsp;RCC_APB2PeriphClockCmd
<LI><a href="#[77]">&gt;&gt;</a>&nbsp;&nbsp;&nbsp;RCC_AHBPeriphClockCmd
<LI><a href="#[7a]">&gt;&gt;</a>&nbsp;&nbsp;&nbsp;GPIO_Init
</UL>
<BR>[Called By]<UL><LI><a href="#[4a]">&gt;&gt;</a>&nbsp;&nbsp;&nbsp;init_hardware
</UL>

<P><STRONG><a name="[99]"></a>set_led</STRONG> (Thumb, 60 bytes, Stack size 8 bytes, hardware.o(.text))
<BR><BR>[Stack]<UL><LI>Max Depth = 8<LI>Call Chain = set_led
</UL>
<BR>[Calls]<UL><LI><a href="#[9a]">&gt;&gt;</a>&nbsp;&nbsp;&nbsp;GPIO_SetBits
<LI><a href="#[9b]">&gt;&gt;</a>&nbsp;&nbsp;&nbsp;GPIO_ResetBits
</UL>
<BR>[Called By]<UL><LI><a href="#[4a]">&gt;&gt;</a>&nbsp;&nbsp;&nbsp;init_hardware
</UL>

<P><STRONG><a name="[4a]"></a>init_hardware</STRONG> (Thumb, 144 bytes, Stack size 32 bytes, hardware.o(.text))
<BR><BR>[Stack]<UL><LI>Max Depth = 100<LI>Call Chain = init_hardware &rArr; ADC1_Init &rArr; GPIO_Init
</UL>
<BR>[Calls]<UL><LI><a href="#[9b]">&gt;&gt;</a>&nbsp;&nbsp;&nbsp;GPIO_ResetBits
<LI><a href="#[93]">&gt;&gt;</a>&nbsp;&nbsp;&nbsp;ADC1_Init
<LI><a href="#[8c]">&gt;&gt;</a>&nbsp;&nbsp;&nbsp;ADS115_Init
<LI><a href="#[77]">&gt;&gt;</a>&nbsp;&nbsp;&nbsp;RCC_AHBPeriphClockCmd
<LI><a href="#[7a]">&gt;&gt;</a>&nbsp;&nbsp;&nbsp;GPIO_Init
<LI><a href="#[99]">&gt;&gt;</a>&nbsp;&nbsp;&nbsp;set_led
</UL>
<BR>[Called By]<UL><LI><a href="#[28]">&gt;&gt;</a>&nbsp;&nbsp;&nbsp;init_task
</UL>

<P><STRONG><a name="[9c]"></a>get_exp_status</STRONG> (Thumb, 16 bytes, Stack size 8 bytes, hardware.o(.text), UNUSED)
<BR><BR>[Calls]<UL><LI><a href="#[9d]">&gt;&gt;</a>&nbsp;&nbsp;&nbsp;GPIO_ReadInputDataBit
</UL>

<P><STRONG><a name="[9e]"></a>get_key_status</STRONG> (Thumb, 14 bytes, Stack size 8 bytes, hardware.o(.text), UNUSED)
<BR><BR>[Calls]<UL><LI><a href="#[9d]">&gt;&gt;</a>&nbsp;&nbsp;&nbsp;GPIO_ReadInputDataBit
</UL>

<P><STRONG><a name="[9f]"></a>init_rtc_rcc</STRONG> (Thumb, 22 bytes, Stack size 8 bytes, hardware.o(.text), UNUSED)
<BR><BR>[Calls]<UL><LI><a href="#[a0]">&gt;&gt;</a>&nbsp;&nbsp;&nbsp;RCC_APB1PeriphClockCmd
<LI><a href="#[77]">&gt;&gt;</a>&nbsp;&nbsp;&nbsp;RCC_AHBPeriphClockCmd
</UL>

<P><STRONG><a name="[a1]"></a>config_rtc</STRONG> (Thumb, 38 bytes, Stack size 8 bytes, hardware.o(.text), UNUSED)
<BR><BR>[Calls]<UL><LI><a href="#[a6]">&gt;&gt;</a>&nbsp;&nbsp;&nbsp;RTC_WaitForSynchro
<LI><a href="#[a4]">&gt;&gt;</a>&nbsp;&nbsp;&nbsp;RCC_RTCCLKConfig
<LI><a href="#[a5]">&gt;&gt;</a>&nbsp;&nbsp;&nbsp;RCC_RTCCLKCmd
<LI><a href="#[a2]">&gt;&gt;</a>&nbsp;&nbsp;&nbsp;RCC_LSICmd
<LI><a href="#[a3]">&gt;&gt;</a>&nbsp;&nbsp;&nbsp;RCC_GetFlagStatus
</UL>

<P><STRONG><a name="[113]"></a>save_one_page_to_flash</STRONG> (Thumb, 4 bytes, Stack size 0 bytes, hardware.o(.text), UNUSED)

<P><STRONG><a name="[114]"></a>read_one_page_from_flash</STRONG> (Thumb, 2 bytes, Stack size 0 bytes, hardware.o(.text), UNUSED)

<P><STRONG><a name="[115]"></a>save_half_word_to_flash</STRONG> (Thumb, 4 bytes, Stack size 0 bytes, hardware.o(.text), UNUSED)

<P><STRONG><a name="[116]"></a>read_half_word_from_flash</STRONG> (Thumb, 2 bytes, Stack size 0 bytes, hardware.o(.text), UNUSED)

<P><STRONG><a name="[117]"></a>save_half_word_buf_to_eeprom</STRONG> (Thumb, 4 bytes, Stack size 0 bytes, hardware.o(.text), UNUSED)

<P><STRONG><a name="[118]"></a>read_half_word_buf_from_eeprom</STRONG> (Thumb, 2 bytes, Stack size 0 bytes, hardware.o(.text), UNUSED)

<P><STRONG><a name="[71]"></a>Adc_Switch</STRONG> (Thumb, 40 bytes, Stack size 8 bytes, hardware.o(.text))
<BR><BR>[Stack]<UL><LI>Max Depth = 8<LI>Call Chain = Adc_Switch
</UL>
<BR>[Calls]<UL><LI><a href="#[a7]">&gt;&gt;</a>&nbsp;&nbsp;&nbsp;ADC_StartOfConversion
<LI><a href="#[98]">&gt;&gt;</a>&nbsp;&nbsp;&nbsp;ADC_GetFlagStatus
<LI><a href="#[a8]">&gt;&gt;</a>&nbsp;&nbsp;&nbsp;ADC_GetConversionValue
<LI><a href="#[95]">&gt;&gt;</a>&nbsp;&nbsp;&nbsp;ADC_ChannelConfig
</UL>
<BR>[Called By]<UL><LI><a href="#[5d]">&gt;&gt;</a>&nbsp;&nbsp;&nbsp;GetModeSelected
</UL>

<P><STRONG><a name="[4b]"></a>Motor_PWM_Init</STRONG> (Thumb, 12 bytes, Stack size 8 bytes, motor_pwm.o(.text))
<BR><BR>[Stack]<UL><LI>Max Depth = 92<LI>Call Chain = Motor_PWM_Init &rArr; Motor_PWM_Config &rArr; TIM_OC1Init
</UL>
<BR>[Calls]<UL><LI><a href="#[ae]">&gt;&gt;</a>&nbsp;&nbsp;&nbsp;Motor_PWM_GPIO_Config
<LI><a href="#[a9]">&gt;&gt;</a>&nbsp;&nbsp;&nbsp;Motor_PWM_Config
</UL>
<BR>[Called By]<UL><LI><a href="#[28]">&gt;&gt;</a>&nbsp;&nbsp;&nbsp;init_task
</UL>

<P><STRONG><a name="[5c]"></a>Motor_PWM_Freq_Dudy_Set</STRONG> (Thumb, 126 bytes, Stack size 48 bytes, motor_pwm.o(.text))
<BR><BR>[Stack]<UL><LI>Max Depth = 60<LI>Call Chain = Motor_PWM_Freq_Dudy_Set &rArr; TIM_OC1Init
</UL>
<BR>[Calls]<UL><LI><a href="#[ac]">&gt;&gt;</a>&nbsp;&nbsp;&nbsp;TIM_OC1PreloadConfig
<LI><a href="#[ab]">&gt;&gt;</a>&nbsp;&nbsp;&nbsp;TIM_OC1Init
<LI><a href="#[8f]">&gt;&gt;</a>&nbsp;&nbsp;&nbsp;TIM_TimeBaseInit
<LI><a href="#[48]">&gt;&gt;</a>&nbsp;&nbsp;&nbsp;__aeabi_uidivmod
</UL>
<BR>[Called By]<UL><LI><a href="#[5b]">&gt;&gt;</a>&nbsp;&nbsp;&nbsp;PaintPWM
</UL>

<P><STRONG><a name="[42]"></a>os_start</STRONG> (Thumb, 54 bytes, Stack size 0 bytes, os_core.o(.text))
<BR><BR>[Called By]<UL><LI><a href="#[39]">&gt;&gt;</a>&nbsp;&nbsp;&nbsp;main
</UL>

<P><STRONG><a name="[41]"></a>os_create_task</STRONG> (Thumb, 26 bytes, Stack size 12 bytes, os_core.o(.text))
<BR><BR>[Stack]<UL><LI>Max Depth = 12<LI>Call Chain = os_create_task
</UL>
<BR>[Called By]<UL><LI><a href="#[28]">&gt;&gt;</a>&nbsp;&nbsp;&nbsp;init_task
<LI><a href="#[39]">&gt;&gt;</a>&nbsp;&nbsp;&nbsp;main
</UL>

<P><STRONG><a name="[119]"></a>os_resume_task</STRONG> (Thumb, 18 bytes, Stack size 0 bytes, os_core.o(.text), UNUSED)

<P><STRONG><a name="[4f]"></a>os_pend_task</STRONG> (Thumb, 18 bytes, Stack size 0 bytes, os_core.o(.text))
<BR><BR>[Called By]<UL><LI><a href="#[28]">&gt;&gt;</a>&nbsp;&nbsp;&nbsp;init_task
</UL>

<P><STRONG><a name="[51]"></a>os_delay_ms</STRONG> (Thumb, 38 bytes, Stack size 8 bytes, os_core.o(.text))
<BR><BR>[Stack]<UL><LI>Max Depth = 8<LI>Call Chain = os_delay_ms
</UL>
<BR>[Calls]<UL><LI><a href="#[48]">&gt;&gt;</a>&nbsp;&nbsp;&nbsp;__aeabi_uidivmod
</UL>
<BR>[Called By]<UL><LI><a href="#[2b]">&gt;&gt;</a>&nbsp;&nbsp;&nbsp;check_selectedMode_ouputPWM
<LI><a href="#[29]">&gt;&gt;</a>&nbsp;&nbsp;&nbsp;TaskDataSend
<LI><a href="#[2a]">&gt;&gt;</a>&nbsp;&nbsp;&nbsp;CMD_ProcessTask
<LI><a href="#[50]">&gt;&gt;</a>&nbsp;&nbsp;&nbsp;test_task
</UL>

<P><STRONG><a name="[44]"></a>os_isr_ticks</STRONG> (Thumb, 10 bytes, Stack size 0 bytes, os_core.o(.text))
<BR><BR>[Called By]<UL><LI><a href="#[1f]">&gt;&gt;</a>&nbsp;&nbsp;&nbsp;TIM16_IRQHandler
</UL>

<P><STRONG><a name="[40]"></a>os_init</STRONG> (Thumb, 8 bytes, Stack size 8 bytes, os_core.o(.text))
<BR><BR>[Stack]<UL><LI>Max Depth = 44<LI>Call Chain = os_init &rArr; init_tim &rArr; NVIC_Init
</UL>
<BR>[Calls]<UL><LI><a href="#[8d]">&gt;&gt;</a>&nbsp;&nbsp;&nbsp;init_tim
</UL>
<BR>[Called By]<UL><LI><a href="#[39]">&gt;&gt;</a>&nbsp;&nbsp;&nbsp;main
</UL>

<P><STRONG><a name="[2e]"></a>Reset_Handler</STRONG> (Thumb, 8 bytes, Stack size 0 bytes, startup_stm32f0xx.o(.text))

<P><STRONG><a name="[17]"></a>ADC1_COMP_IRQHandler</STRONG> (Thumb, 0 bytes, Stack size 0 bytes, startup_stm32f0xx.o(.text))
<BR><BR>[Calls]<UL><LI><a href="#[17]">&gt;&gt;</a>&nbsp;&nbsp;&nbsp;ADC1_COMP_IRQHandler
</UL>
<BR>[Called By]<UL><LI><a href="#[17]">&gt;&gt;</a>&nbsp;&nbsp;&nbsp;ADC1_COMP_IRQHandler
</UL>
<BR>[Address Reference Count : 1]<UL><LI> startup_stm32f0xx.o(RESET)
</UL>
<P><STRONG><a name="[27]"></a>CEC_IRQHandler</STRONG> (Thumb, 0 bytes, Stack size 0 bytes, startup_stm32f0xx.o(.text))
<BR>[Address Reference Count : 1]<UL><LI> startup_stm32f0xx.o(RESET)
</UL>
<P><STRONG><a name="[14]"></a>DMA1_Channel1_IRQHandler</STRONG> (Thumb, 0 bytes, Stack size 0 bytes, startup_stm32f0xx.o(.text))
<BR>[Address Reference Count : 1]<UL><LI> startup_stm32f0xx.o(RESET)
</UL>
<P><STRONG><a name="[15]"></a>DMA1_Channel2_3_IRQHandler</STRONG> (Thumb, 0 bytes, Stack size 0 bytes, startup_stm32f0xx.o(.text))
<BR>[Address Reference Count : 1]<UL><LI> startup_stm32f0xx.o(RESET)
</UL>
<P><STRONG><a name="[16]"></a>DMA1_Channel4_5_IRQHandler</STRONG> (Thumb, 0 bytes, Stack size 0 bytes, startup_stm32f0xx.o(.text))
<BR>[Address Reference Count : 1]<UL><LI> startup_stm32f0xx.o(RESET)
</UL>
<P><STRONG><a name="[10]"></a>EXTI0_1_IRQHandler</STRONG> (Thumb, 0 bytes, Stack size 0 bytes, startup_stm32f0xx.o(.text))
<BR>[Address Reference Count : 1]<UL><LI> startup_stm32f0xx.o(RESET)
</UL>
<P><STRONG><a name="[11]"></a>EXTI2_3_IRQHandler</STRONG> (Thumb, 0 bytes, Stack size 0 bytes, startup_stm32f0xx.o(.text))
<BR>[Address Reference Count : 1]<UL><LI> startup_stm32f0xx.o(RESET)
</UL>
<P><STRONG><a name="[12]"></a>EXTI4_15_IRQHandler</STRONG> (Thumb, 0 bytes, Stack size 0 bytes, startup_stm32f0xx.o(.text))
<BR>[Address Reference Count : 1]<UL><LI> startup_stm32f0xx.o(RESET)
</UL>
<P><STRONG><a name="[e]"></a>FLASH_IRQHandler</STRONG> (Thumb, 0 bytes, Stack size 0 bytes, startup_stm32f0xx.o(.text))
<BR>[Address Reference Count : 1]<UL><LI> startup_stm32f0xx.o(RESET)
</UL>
<P><STRONG><a name="[21]"></a>I2C1_IRQHandler</STRONG> (Thumb, 0 bytes, Stack size 0 bytes, startup_stm32f0xx.o(.text))
<BR>[Address Reference Count : 1]<UL><LI> startup_stm32f0xx.o(RESET)
</UL>
<P><STRONG><a name="[22]"></a>I2C2_IRQHandler</STRONG> (Thumb, 0 bytes, Stack size 0 bytes, startup_stm32f0xx.o(.text))
<BR>[Address Reference Count : 1]<UL><LI> startup_stm32f0xx.o(RESET)
</UL>
<P><STRONG><a name="[c]"></a>PVD_IRQHandler</STRONG> (Thumb, 0 bytes, Stack size 0 bytes, startup_stm32f0xx.o(.text))
<BR>[Address Reference Count : 1]<UL><LI> startup_stm32f0xx.o(RESET)
</UL>
<P><STRONG><a name="[f]"></a>RCC_IRQHandler</STRONG> (Thumb, 0 bytes, Stack size 0 bytes, startup_stm32f0xx.o(.text))
<BR>[Address Reference Count : 1]<UL><LI> startup_stm32f0xx.o(RESET)
</UL>
<P><STRONG><a name="[d]"></a>RTC_IRQHandler</STRONG> (Thumb, 0 bytes, Stack size 0 bytes, startup_stm32f0xx.o(.text))
<BR>[Address Reference Count : 1]<UL><LI> startup_stm32f0xx.o(RESET)
</UL>
<P><STRONG><a name="[23]"></a>SPI1_IRQHandler</STRONG> (Thumb, 0 bytes, Stack size 0 bytes, startup_stm32f0xx.o(.text))
<BR>[Address Reference Count : 1]<UL><LI> startup_stm32f0xx.o(RESET)
</UL>
<P><STRONG><a name="[24]"></a>SPI2_IRQHandler</STRONG> (Thumb, 0 bytes, Stack size 0 bytes, startup_stm32f0xx.o(.text))
<BR>[Address Reference Count : 1]<UL><LI> startup_stm32f0xx.o(RESET)
</UL>
<P><STRONG><a name="[1d]"></a>TIM14_IRQHandler</STRONG> (Thumb, 0 bytes, Stack size 0 bytes, startup_stm32f0xx.o(.text))
<BR>[Address Reference Count : 1]<UL><LI> startup_stm32f0xx.o(RESET)
</UL>
<P><STRONG><a name="[1e]"></a>TIM15_IRQHandler</STRONG> (Thumb, 0 bytes, Stack size 0 bytes, startup_stm32f0xx.o(.text))
<BR>[Address Reference Count : 1]<UL><LI> startup_stm32f0xx.o(RESET)
</UL>
<P><STRONG><a name="[20]"></a>TIM17_IRQHandler</STRONG> (Thumb, 0 bytes, Stack size 0 bytes, startup_stm32f0xx.o(.text))
<BR>[Address Reference Count : 1]<UL><LI> startup_stm32f0xx.o(RESET)
</UL>
<P><STRONG><a name="[18]"></a>TIM1_BRK_UP_TRG_COM_IRQHandler</STRONG> (Thumb, 0 bytes, Stack size 0 bytes, startup_stm32f0xx.o(.text))
<BR>[Address Reference Count : 1]<UL><LI> startup_stm32f0xx.o(RESET)
</UL>
<P><STRONG><a name="[19]"></a>TIM1_CC_IRQHandler</STRONG> (Thumb, 0 bytes, Stack size 0 bytes, startup_stm32f0xx.o(.text))
<BR>[Address Reference Count : 1]<UL><LI> startup_stm32f0xx.o(RESET)
</UL>
<P><STRONG><a name="[1a]"></a>TIM2_IRQHandler</STRONG> (Thumb, 0 bytes, Stack size 0 bytes, startup_stm32f0xx.o(.text))
<BR>[Address Reference Count : 1]<UL><LI> startup_stm32f0xx.o(RESET)
</UL>
<P><STRONG><a name="[1b]"></a>TIM3_IRQHandler</STRONG> (Thumb, 0 bytes, Stack size 0 bytes, startup_stm32f0xx.o(.text))
<BR>[Address Reference Count : 1]<UL><LI> startup_stm32f0xx.o(RESET)
</UL>
<P><STRONG><a name="[1c]"></a>TIM6_DAC_IRQHandler</STRONG> (Thumb, 0 bytes, Stack size 0 bytes, startup_stm32f0xx.o(.text))
<BR>[Address Reference Count : 1]<UL><LI> startup_stm32f0xx.o(RESET)
</UL>
<P><STRONG><a name="[13]"></a>TS_IRQHandler</STRONG> (Thumb, 0 bytes, Stack size 0 bytes, startup_stm32f0xx.o(.text))
<BR>[Address Reference Count : 1]<UL><LI> startup_stm32f0xx.o(RESET)
</UL>
<P><STRONG><a name="[25]"></a>USART1_IRQHandler</STRONG> (Thumb, 0 bytes, Stack size 0 bytes, startup_stm32f0xx.o(.text))
<BR>[Address Reference Count : 1]<UL><LI> startup_stm32f0xx.o(RESET)
</UL>
<P><STRONG><a name="[26]"></a>USART2_IRQHandler</STRONG> (Thumb, 0 bytes, Stack size 0 bytes, startup_stm32f0xx.o(.text))
<BR>[Address Reference Count : 1]<UL><LI> startup_stm32f0xx.o(RESET)
</UL>
<P><STRONG><a name="[b]"></a>WWDG_IRQHandler</STRONG> (Thumb, 0 bytes, Stack size 0 bytes, startup_stm32f0xx.o(.text))
<BR>[Address Reference Count : 1]<UL><LI> startup_stm32f0xx.o(RESET)
</UL>
<P><STRONG><a name="[30]"></a>__user_initial_stackheap</STRONG> (Thumb, 0 bytes, Stack size unknown bytes, startup_stm32f0xx.o(.text))
<BR><BR>[Called By]<UL><LI><a href="#[35]">&gt;&gt;</a>&nbsp;&nbsp;&nbsp;__user_setup_stackheap
</UL>

<P><STRONG><a name="[af]"></a>GPIO_DeInit</STRONG> (Thumb, 78 bytes, Stack size 8 bytes, stm32f0xx_gpio.o(.text), UNUSED)
<BR><BR>[Calls]<UL><LI><a href="#[b0]">&gt;&gt;</a>&nbsp;&nbsp;&nbsp;RCC_AHBPeriphResetCmd
</UL>

<P><STRONG><a name="[7a]"></a>GPIO_Init</STRONG> (Thumb, 112 bytes, Stack size 20 bytes, stm32f0xx_gpio.o(.text))
<BR><BR>[Stack]<UL><LI>Max Depth = 20<LI>Call Chain = GPIO_Init
</UL>
<BR>[Called By]<UL><LI><a href="#[ae]">&gt;&gt;</a>&nbsp;&nbsp;&nbsp;Motor_PWM_GPIO_Config
<LI><a href="#[93]">&gt;&gt;</a>&nbsp;&nbsp;&nbsp;ADC1_Init
<LI><a href="#[84]">&gt;&gt;</a>&nbsp;&nbsp;&nbsp;I2C_SDA_IN
<LI><a href="#[83]">&gt;&gt;</a>&nbsp;&nbsp;&nbsp;I2C_SDA_OUT
<LI><a href="#[82]">&gt;&gt;</a>&nbsp;&nbsp;&nbsp;I2C_uConfiguration
<LI><a href="#[4a]">&gt;&gt;</a>&nbsp;&nbsp;&nbsp;init_hardware
<LI><a href="#[4d]">&gt;&gt;</a>&nbsp;&nbsp;&nbsp;UARTInit
</UL>

<P><STRONG><a name="[11a]"></a>GPIO_StructInit</STRONG> (Thumb, 18 bytes, Stack size 0 bytes, stm32f0xx_gpio.o(.text), UNUSED)

<P><STRONG><a name="[11b]"></a>GPIO_PinLockConfig</STRONG> (Thumb, 26 bytes, Stack size 8 bytes, stm32f0xx_gpio.o(.text), UNUSED)

<P><STRONG><a name="[9d]"></a>GPIO_ReadInputDataBit</STRONG> (Thumb, 14 bytes, Stack size 0 bytes, stm32f0xx_gpio.o(.text), UNUSED)
<BR><BR>[Called By]<UL><LI><a href="#[9e]">&gt;&gt;</a>&nbsp;&nbsp;&nbsp;get_key_status
<LI><a href="#[9c]">&gt;&gt;</a>&nbsp;&nbsp;&nbsp;get_exp_status
</UL>

<P><STRONG><a name="[11c]"></a>GPIO_ReadInputData</STRONG> (Thumb, 4 bytes, Stack size 0 bytes, stm32f0xx_gpio.o(.text), UNUSED)

<P><STRONG><a name="[11d]"></a>GPIO_ReadOutputDataBit</STRONG> (Thumb, 14 bytes, Stack size 0 bytes, stm32f0xx_gpio.o(.text), UNUSED)

<P><STRONG><a name="[11e]"></a>GPIO_ReadOutputData</STRONG> (Thumb, 4 bytes, Stack size 0 bytes, stm32f0xx_gpio.o(.text), UNUSED)

<P><STRONG><a name="[9a]"></a>GPIO_SetBits</STRONG> (Thumb, 4 bytes, Stack size 0 bytes, stm32f0xx_gpio.o(.text))
<BR><BR>[Called By]<UL><LI><a href="#[99]">&gt;&gt;</a>&nbsp;&nbsp;&nbsp;set_led
</UL>

<P><STRONG><a name="[9b]"></a>GPIO_ResetBits</STRONG> (Thumb, 4 bytes, Stack size 0 bytes, stm32f0xx_gpio.o(.text))
<BR><BR>[Called By]<UL><LI><a href="#[99]">&gt;&gt;</a>&nbsp;&nbsp;&nbsp;set_led
<LI><a href="#[4a]">&gt;&gt;</a>&nbsp;&nbsp;&nbsp;init_hardware
</UL>

<P><STRONG><a name="[11f]"></a>GPIO_WriteBit</STRONG> (Thumb, 12 bytes, Stack size 0 bytes, stm32f0xx_gpio.o(.text), UNUSED)

<P><STRONG><a name="[120]"></a>GPIO_Write</STRONG> (Thumb, 4 bytes, Stack size 0 bytes, stm32f0xx_gpio.o(.text), UNUSED)

<P><STRONG><a name="[79]"></a>GPIO_PinAFConfig</STRONG> (Thumb, 32 bytes, Stack size 8 bytes, stm32f0xx_gpio.o(.text))
<BR><BR>[Stack]<UL><LI>Max Depth = 8<LI>Call Chain = GPIO_PinAFConfig
</UL>
<BR>[Called By]<UL><LI><a href="#[ae]">&gt;&gt;</a>&nbsp;&nbsp;&nbsp;Motor_PWM_GPIO_Config
<LI><a href="#[4d]">&gt;&gt;</a>&nbsp;&nbsp;&nbsp;UARTInit
</UL>

<P><STRONG><a name="[121]"></a>RCC_DeInit</STRONG> (Thumb, 78 bytes, Stack size 0 bytes, stm32f0xx_rcc.o(.text), UNUSED)

<P><STRONG><a name="[122]"></a>RCC_HSEConfig</STRONG> (Thumb, 10 bytes, Stack size 0 bytes, stm32f0xx_rcc.o(.text), UNUSED)

<P><STRONG><a name="[a3]"></a>RCC_GetFlagStatus</STRONG> (Thumb, 48 bytes, Stack size 0 bytes, stm32f0xx_rcc.o(.text), UNUSED)
<BR><BR>[Called By]<UL><LI><a href="#[b1]">&gt;&gt;</a>&nbsp;&nbsp;&nbsp;RCC_WaitForHSEStartUp
<LI><a href="#[a1]">&gt;&gt;</a>&nbsp;&nbsp;&nbsp;config_rtc
</UL>

<P><STRONG><a name="[b1]"></a>RCC_WaitForHSEStartUp</STRONG> (Thumb, 44 bytes, Stack size 12 bytes, stm32f0xx_rcc.o(.text), UNUSED)
<BR><BR>[Calls]<UL><LI><a href="#[a3]">&gt;&gt;</a>&nbsp;&nbsp;&nbsp;RCC_GetFlagStatus
</UL>

<P><STRONG><a name="[123]"></a>RCC_AdjustHSICalibrationValue</STRONG> (Thumb, 16 bytes, Stack size 0 bytes, stm32f0xx_rcc.o(.text), UNUSED)

<P><STRONG><a name="[124]"></a>RCC_HSICmd</STRONG> (Thumb, 22 bytes, Stack size 0 bytes, stm32f0xx_rcc.o(.text), UNUSED)

<P><STRONG><a name="[125]"></a>RCC_AdjustHSI14CalibrationValue</STRONG> (Thumb, 16 bytes, Stack size 0 bytes, stm32f0xx_rcc.o(.text), UNUSED)

<P><STRONG><a name="[126]"></a>RCC_HSI14Cmd</STRONG> (Thumb, 22 bytes, Stack size 0 bytes, stm32f0xx_rcc.o(.text), UNUSED)

<P><STRONG><a name="[127]"></a>RCC_HSI14ADCRequestCmd</STRONG> (Thumb, 20 bytes, Stack size 0 bytes, stm32f0xx_rcc.o(.text), UNUSED)

<P><STRONG><a name="[128]"></a>RCC_LSEConfig</STRONG> (Thumb, 26 bytes, Stack size 0 bytes, stm32f0xx_rcc.o(.text), UNUSED)

<P><STRONG><a name="[129]"></a>RCC_LSEDriveConfig</STRONG> (Thumb, 18 bytes, Stack size 0 bytes, stm32f0xx_rcc.o(.text), UNUSED)

<P><STRONG><a name="[a2]"></a>RCC_LSICmd</STRONG> (Thumb, 22 bytes, Stack size 0 bytes, stm32f0xx_rcc.o(.text), UNUSED)
<BR><BR>[Called By]<UL><LI><a href="#[a1]">&gt;&gt;</a>&nbsp;&nbsp;&nbsp;config_rtc
</UL>

<P><STRONG><a name="[12a]"></a>RCC_PLLConfig</STRONG> (Thumb, 24 bytes, Stack size 8 bytes, stm32f0xx_rcc.o(.text), UNUSED)

<P><STRONG><a name="[12b]"></a>RCC_PLLCmd</STRONG> (Thumb, 22 bytes, Stack size 0 bytes, stm32f0xx_rcc.o(.text), UNUSED)

<P><STRONG><a name="[12c]"></a>RCC_PREDIV1Config</STRONG> (Thumb, 14 bytes, Stack size 0 bytes, stm32f0xx_rcc.o(.text), UNUSED)

<P><STRONG><a name="[12d]"></a>RCC_ClockSecuritySystemCmd</STRONG> (Thumb, 22 bytes, Stack size 0 bytes, stm32f0xx_rcc.o(.text), UNUSED)

<P><STRONG><a name="[49]"></a>RCC_MCOConfig</STRONG> (Thumb, 6 bytes, Stack size 0 bytes, stm32f0xx_rcc.o(.text))
<BR><BR>[Called By]<UL><LI><a href="#[46]">&gt;&gt;</a>&nbsp;&nbsp;&nbsp;SetSysClock
</UL>

<P><STRONG><a name="[12e]"></a>RCC_SYSCLKConfig</STRONG> (Thumb, 14 bytes, Stack size 0 bytes, stm32f0xx_rcc.o(.text), UNUSED)

<P><STRONG><a name="[12f]"></a>RCC_GetSYSCLKSource</STRONG> (Thumb, 10 bytes, Stack size 0 bytes, stm32f0xx_rcc.o(.text), UNUSED)

<P><STRONG><a name="[130]"></a>RCC_HCLKConfig</STRONG> (Thumb, 14 bytes, Stack size 0 bytes, stm32f0xx_rcc.o(.text), UNUSED)

<P><STRONG><a name="[131]"></a>RCC_PCLKConfig</STRONG> (Thumb, 16 bytes, Stack size 0 bytes, stm32f0xx_rcc.o(.text), UNUSED)

<P><STRONG><a name="[132]"></a>RCC_ADCCLKConfig</STRONG> (Thumb, 38 bytes, Stack size 0 bytes, stm32f0xx_rcc.o(.text), UNUSED)

<P><STRONG><a name="[133]"></a>RCC_CECCLKConfig</STRONG> (Thumb, 18 bytes, Stack size 0 bytes, stm32f0xx_rcc.o(.text), UNUSED)

<P><STRONG><a name="[134]"></a>RCC_I2CCLKConfig</STRONG> (Thumb, 18 bytes, Stack size 0 bytes, stm32f0xx_rcc.o(.text), UNUSED)

<P><STRONG><a name="[135]"></a>RCC_USARTCLKConfig</STRONG> (Thumb, 18 bytes, Stack size 0 bytes, stm32f0xx_rcc.o(.text), UNUSED)

<P><STRONG><a name="[b2]"></a>RCC_GetClocksFreq</STRONG> (Thumb, 208 bytes, Stack size 24 bytes, stm32f0xx_rcc.o(.text))
<BR><BR>[Stack]<UL><LI>Max Depth = 24<LI>Call Chain = RCC_GetClocksFreq
</UL>
<BR>[Calls]<UL><LI><a href="#[48]">&gt;&gt;</a>&nbsp;&nbsp;&nbsp;__aeabi_uidivmod
</UL>
<BR>[Called By]<UL><LI><a href="#[7b]">&gt;&gt;</a>&nbsp;&nbsp;&nbsp;USART_Init
</UL>

<P><STRONG><a name="[a4]"></a>RCC_RTCCLKConfig</STRONG> (Thumb, 10 bytes, Stack size 0 bytes, stm32f0xx_rcc.o(.text), UNUSED)
<BR><BR>[Called By]<UL><LI><a href="#[a1]">&gt;&gt;</a>&nbsp;&nbsp;&nbsp;config_rtc
</UL>

<P><STRONG><a name="[a5]"></a>RCC_RTCCLKCmd</STRONG> (Thumb, 20 bytes, Stack size 0 bytes, stm32f0xx_rcc.o(.text), UNUSED)
<BR><BR>[Called By]<UL><LI><a href="#[a1]">&gt;&gt;</a>&nbsp;&nbsp;&nbsp;config_rtc
</UL>

<P><STRONG><a name="[136]"></a>RCC_BackupResetCmd</STRONG> (Thumb, 22 bytes, Stack size 0 bytes, stm32f0xx_rcc.o(.text), UNUSED)

<P><STRONG><a name="[77]"></a>RCC_AHBPeriphClockCmd</STRONG> (Thumb, 18 bytes, Stack size 0 bytes, stm32f0xx_rcc.o(.text))
<BR><BR>[Called By]<UL><LI><a href="#[ae]">&gt;&gt;</a>&nbsp;&nbsp;&nbsp;Motor_PWM_GPIO_Config
<LI><a href="#[9f]">&gt;&gt;</a>&nbsp;&nbsp;&nbsp;init_rtc_rcc
<LI><a href="#[93]">&gt;&gt;</a>&nbsp;&nbsp;&nbsp;ADC1_Init
<LI><a href="#[82]">&gt;&gt;</a>&nbsp;&nbsp;&nbsp;I2C_uConfiguration
<LI><a href="#[4a]">&gt;&gt;</a>&nbsp;&nbsp;&nbsp;init_hardware
<LI><a href="#[4d]">&gt;&gt;</a>&nbsp;&nbsp;&nbsp;UARTInit
</UL>

<P><STRONG><a name="[78]"></a>RCC_APB2PeriphClockCmd</STRONG> (Thumb, 18 bytes, Stack size 0 bytes, stm32f0xx_rcc.o(.text))
<BR><BR>[Called By]<UL><LI><a href="#[a9]">&gt;&gt;</a>&nbsp;&nbsp;&nbsp;Motor_PWM_Config
<LI><a href="#[93]">&gt;&gt;</a>&nbsp;&nbsp;&nbsp;ADC1_Init
<LI><a href="#[8d]">&gt;&gt;</a>&nbsp;&nbsp;&nbsp;init_tim
<LI><a href="#[4d]">&gt;&gt;</a>&nbsp;&nbsp;&nbsp;UARTInit
</UL>

<P><STRONG><a name="[a0]"></a>RCC_APB1PeriphClockCmd</STRONG> (Thumb, 18 bytes, Stack size 0 bytes, stm32f0xx_rcc.o(.text))
<BR><BR>[Called By]<UL><LI><a href="#[a9]">&gt;&gt;</a>&nbsp;&nbsp;&nbsp;Motor_PWM_Config
<LI><a href="#[9f]">&gt;&gt;</a>&nbsp;&nbsp;&nbsp;init_rtc_rcc
</UL>

<P><STRONG><a name="[b0]"></a>RCC_AHBPeriphResetCmd</STRONG> (Thumb, 18 bytes, Stack size 0 bytes, stm32f0xx_rcc.o(.text), UNUSED)
<BR><BR>[Called By]<UL><LI><a href="#[af]">&gt;&gt;</a>&nbsp;&nbsp;&nbsp;GPIO_DeInit
</UL>

<P><STRONG><a name="[b4]"></a>RCC_APB2PeriphResetCmd</STRONG> (Thumb, 18 bytes, Stack size 0 bytes, stm32f0xx_rcc.o(.text), UNUSED)
<BR><BR>[Called By]<UL><LI><a href="#[b3]">&gt;&gt;</a>&nbsp;&nbsp;&nbsp;USART_DeInit
<LI><a href="#[e2]">&gt;&gt;</a>&nbsp;&nbsp;&nbsp;ADC_DeInit
<LI><a href="#[b6]">&gt;&gt;</a>&nbsp;&nbsp;&nbsp;TIM_DeInit
</UL>

<P><STRONG><a name="[b5]"></a>RCC_APB1PeriphResetCmd</STRONG> (Thumb, 18 bytes, Stack size 0 bytes, stm32f0xx_rcc.o(.text), UNUSED)
<BR><BR>[Called By]<UL><LI><a href="#[b3]">&gt;&gt;</a>&nbsp;&nbsp;&nbsp;USART_DeInit
<LI><a href="#[b6]">&gt;&gt;</a>&nbsp;&nbsp;&nbsp;TIM_DeInit
</UL>

<P><STRONG><a name="[137]"></a>RCC_ITConfig</STRONG> (Thumb, 18 bytes, Stack size 0 bytes, stm32f0xx_rcc.o(.text), UNUSED)

<P><STRONG><a name="[138]"></a>RCC_ClearFlag</STRONG> (Thumb, 14 bytes, Stack size 0 bytes, stm32f0xx_rcc.o(.text), UNUSED)

<P><STRONG><a name="[139]"></a>RCC_GetITStatus</STRONG> (Thumb, 48 bytes, Stack size 0 bytes, stm32f0xx_rcc.o(.text), UNUSED)

<P><STRONG><a name="[13a]"></a>RCC_ClearITPendingBit</STRONG> (Thumb, 6 bytes, Stack size 0 bytes, stm32f0xx_rcc.o(.text), UNUSED)

<P><STRONG><a name="[8e]"></a>NVIC_Init</STRONG> (Thumb, 70 bytes, Stack size 12 bytes, stm32f0xx_misc.o(.text))
<BR><BR>[Stack]<UL><LI>Max Depth = 12<LI>Call Chain = NVIC_Init
</UL>
<BR>[Called By]<UL><LI><a href="#[8d]">&gt;&gt;</a>&nbsp;&nbsp;&nbsp;init_tim
</UL>

<P><STRONG><a name="[13b]"></a>NVIC_SystemLPConfig</STRONG> (Thumb, 18 bytes, Stack size 0 bytes, stm32f0xx_misc.o(.text), UNUSED)

<P><STRONG><a name="[74]"></a>SysTick_CLKSourceConfig</STRONG> (Thumb, 20 bytes, Stack size 0 bytes, stm32f0xx_misc.o(.text))
<BR><BR>[Called By]<UL><LI><a href="#[3f]">&gt;&gt;</a>&nbsp;&nbsp;&nbsp;delay_init
</UL>

<P><STRONG><a name="[b3]"></a>USART_DeInit</STRONG> (Thumb, 54 bytes, Stack size 8 bytes, stm32f0xx_usart.o(.text), UNUSED)
<BR><BR>[Calls]<UL><LI><a href="#[b5]">&gt;&gt;</a>&nbsp;&nbsp;&nbsp;RCC_APB1PeriphResetCmd
<LI><a href="#[b4]">&gt;&gt;</a>&nbsp;&nbsp;&nbsp;RCC_APB2PeriphResetCmd
</UL>

<P><STRONG><a name="[7b]"></a>USART_Init</STRONG> (Thumb, 166 bytes, Stack size 48 bytes, stm32f0xx_usart.o(.text))
<BR><BR>[Stack]<UL><LI>Max Depth = 72<LI>Call Chain = USART_Init &rArr; RCC_GetClocksFreq
</UL>
<BR>[Calls]<UL><LI><a href="#[b2]">&gt;&gt;</a>&nbsp;&nbsp;&nbsp;RCC_GetClocksFreq
<LI><a href="#[48]">&gt;&gt;</a>&nbsp;&nbsp;&nbsp;__aeabi_uidivmod
</UL>
<BR>[Called By]<UL><LI><a href="#[4d]">&gt;&gt;</a>&nbsp;&nbsp;&nbsp;UARTInit
</UL>

<P><STRONG><a name="[13c]"></a>USART_StructInit</STRONG> (Thumb, 22 bytes, Stack size 0 bytes, stm32f0xx_usart.o(.text), UNUSED)

<P><STRONG><a name="[13d]"></a>USART_ClockInit</STRONG> (Thumb, 28 bytes, Stack size 8 bytes, stm32f0xx_usart.o(.text), UNUSED)

<P><STRONG><a name="[13e]"></a>USART_ClockStructInit</STRONG> (Thumb, 12 bytes, Stack size 0 bytes, stm32f0xx_usart.o(.text), UNUSED)

<P><STRONG><a name="[80]"></a>USART_Cmd</STRONG> (Thumb, 20 bytes, Stack size 0 bytes, stm32f0xx_usart.o(.text))
<BR><BR>[Called By]<UL><LI><a href="#[4d]">&gt;&gt;</a>&nbsp;&nbsp;&nbsp;UARTInit
</UL>

<P><STRONG><a name="[13f]"></a>USART_DirectionModeCmd</STRONG> (Thumb, 16 bytes, Stack size 0 bytes, stm32f0xx_usart.o(.text), UNUSED)

<P><STRONG><a name="[140]"></a>USART_OverSampling8Cmd</STRONG> (Thumb, 20 bytes, Stack size 0 bytes, stm32f0xx_usart.o(.text), UNUSED)

<P><STRONG><a name="[141]"></a>USART_OneBitMethodCmd</STRONG> (Thumb, 20 bytes, Stack size 0 bytes, stm32f0xx_usart.o(.text), UNUSED)

<P><STRONG><a name="[142]"></a>USART_MSBFirstCmd</STRONG> (Thumb, 20 bytes, Stack size 0 bytes, stm32f0xx_usart.o(.text), UNUSED)

<P><STRONG><a name="[143]"></a>USART_DataInvCmd</STRONG> (Thumb, 20 bytes, Stack size 0 bytes, stm32f0xx_usart.o(.text), UNUSED)

<P><STRONG><a name="[144]"></a>USART_InvPinCmd</STRONG> (Thumb, 16 bytes, Stack size 0 bytes, stm32f0xx_usart.o(.text), UNUSED)

<P><STRONG><a name="[145]"></a>USART_SWAPPinCmd</STRONG> (Thumb, 20 bytes, Stack size 0 bytes, stm32f0xx_usart.o(.text), UNUSED)

<P><STRONG><a name="[146]"></a>USART_ReceiverTimeOutCmd</STRONG> (Thumb, 20 bytes, Stack size 0 bytes, stm32f0xx_usart.o(.text), UNUSED)

<P><STRONG><a name="[147]"></a>USART_SetReceiverTimeOut</STRONG> (Thumb, 16 bytes, Stack size 0 bytes, stm32f0xx_usart.o(.text), UNUSED)

<P><STRONG><a name="[148]"></a>USART_SetPrescaler</STRONG> (Thumb, 16 bytes, Stack size 0 bytes, stm32f0xx_usart.o(.text), UNUSED)

<P><STRONG><a name="[149]"></a>USART_STOPModeCmd</STRONG> (Thumb, 18 bytes, Stack size 0 bytes, stm32f0xx_usart.o(.text), UNUSED)

<P><STRONG><a name="[14a]"></a>USART_StopModeWakeUpSourceConfig</STRONG> (Thumb, 18 bytes, Stack size 0 bytes, stm32f0xx_usart.o(.text), UNUSED)

<P><STRONG><a name="[14b]"></a>USART_AutoBaudRateCmd</STRONG> (Thumb, 20 bytes, Stack size 0 bytes, stm32f0xx_usart.o(.text), UNUSED)

<P><STRONG><a name="[14c]"></a>USART_AutoBaudRateConfig</STRONG> (Thumb, 18 bytes, Stack size 0 bytes, stm32f0xx_usart.o(.text), UNUSED)

<P><STRONG><a name="[14d]"></a>USART_AutoBaudRateNewRequest</STRONG> (Thumb, 12 bytes, Stack size 0 bytes, stm32f0xx_usart.o(.text), UNUSED)

<P><STRONG><a name="[14e]"></a>USART_SendData</STRONG> (Thumb, 8 bytes, Stack size 0 bytes, stm32f0xx_usart.o(.text), UNUSED)

<P><STRONG><a name="[14f]"></a>USART_ReceiveData</STRONG> (Thumb, 8 bytes, Stack size 0 bytes, stm32f0xx_usart.o(.text), UNUSED)

<P><STRONG><a name="[150]"></a>USART_SetAddress</STRONG> (Thumb, 18 bytes, Stack size 0 bytes, stm32f0xx_usart.o(.text), UNUSED)

<P><STRONG><a name="[151]"></a>USART_MuteModeCmd</STRONG> (Thumb, 20 bytes, Stack size 0 bytes, stm32f0xx_usart.o(.text), UNUSED)

<P><STRONG><a name="[152]"></a>USART_MuteModeWakeUpConfig</STRONG> (Thumb, 18 bytes, Stack size 0 bytes, stm32f0xx_usart.o(.text), UNUSED)

<P><STRONG><a name="[153]"></a>USART_AddressDetectionConfig</STRONG> (Thumb, 16 bytes, Stack size 0 bytes, stm32f0xx_usart.o(.text), UNUSED)

<P><STRONG><a name="[154]"></a>USART_LINBreakDetectLengthConfig</STRONG> (Thumb, 16 bytes, Stack size 0 bytes, stm32f0xx_usart.o(.text), UNUSED)

<P><STRONG><a name="[155]"></a>USART_LINCmd</STRONG> (Thumb, 20 bytes, Stack size 0 bytes, stm32f0xx_usart.o(.text), UNUSED)

<P><STRONG><a name="[156]"></a>USART_HalfDuplexCmd</STRONG> (Thumb, 18 bytes, Stack size 0 bytes, stm32f0xx_usart.o(.text), UNUSED)

<P><STRONG><a name="[157]"></a>USART_SetGuardTime</STRONG> (Thumb, 16 bytes, Stack size 0 bytes, stm32f0xx_usart.o(.text), UNUSED)

<P><STRONG><a name="[158]"></a>USART_SmartCardCmd</STRONG> (Thumb, 18 bytes, Stack size 0 bytes, stm32f0xx_usart.o(.text), UNUSED)

<P><STRONG><a name="[159]"></a>USART_SmartCardNACKCmd</STRONG> (Thumb, 18 bytes, Stack size 0 bytes, stm32f0xx_usart.o(.text), UNUSED)

<P><STRONG><a name="[15a]"></a>USART_SetAutoRetryCount</STRONG> (Thumb, 20 bytes, Stack size 0 bytes, stm32f0xx_usart.o(.text), UNUSED)

<P><STRONG><a name="[15b]"></a>USART_SetBlockLength</STRONG> (Thumb, 18 bytes, Stack size 0 bytes, stm32f0xx_usart.o(.text), UNUSED)

<P><STRONG><a name="[15c]"></a>USART_IrDAConfig</STRONG> (Thumb, 16 bytes, Stack size 0 bytes, stm32f0xx_usart.o(.text), UNUSED)

<P><STRONG><a name="[15d]"></a>USART_IrDACmd</STRONG> (Thumb, 18 bytes, Stack size 0 bytes, stm32f0xx_usart.o(.text), UNUSED)

<P><STRONG><a name="[15e]"></a>USART_DECmd</STRONG> (Thumb, 20 bytes, Stack size 0 bytes, stm32f0xx_usart.o(.text), UNUSED)

<P><STRONG><a name="[15f]"></a>USART_DEPolarityConfig</STRONG> (Thumb, 18 bytes, Stack size 0 bytes, stm32f0xx_usart.o(.text), UNUSED)

<P><STRONG><a name="[160]"></a>USART_SetDEAssertionTime</STRONG> (Thumb, 20 bytes, Stack size 0 bytes, stm32f0xx_usart.o(.text), UNUSED)

<P><STRONG><a name="[161]"></a>USART_SetDEDeassertionTime</STRONG> (Thumb, 20 bytes, Stack size 0 bytes, stm32f0xx_usart.o(.text), UNUSED)

<P><STRONG><a name="[7e]"></a>USART_DMACmd</STRONG> (Thumb, 16 bytes, Stack size 0 bytes, stm32f0xx_usart.o(.text))
<BR><BR>[Called By]<UL><LI><a href="#[4d]">&gt;&gt;</a>&nbsp;&nbsp;&nbsp;UARTInit
</UL>

<P><STRONG><a name="[162]"></a>USART_DMAReceptionErrorConfig</STRONG> (Thumb, 18 bytes, Stack size 0 bytes, stm32f0xx_usart.o(.text), UNUSED)

<P><STRONG><a name="[163]"></a>USART_ITConfig</STRONG> (Thumb, 54 bytes, Stack size 8 bytes, stm32f0xx_usart.o(.text), UNUSED)

<P><STRONG><a name="[164]"></a>USART_RequestCmd</STRONG> (Thumb, 16 bytes, Stack size 0 bytes, stm32f0xx_usart.o(.text), UNUSED)

<P><STRONG><a name="[165]"></a>USART_OverrunDetectionConfig</STRONG> (Thumb, 18 bytes, Stack size 0 bytes, stm32f0xx_usart.o(.text), UNUSED)

<P><STRONG><a name="[166]"></a>USART_GetFlagStatus</STRONG> (Thumb, 14 bytes, Stack size 0 bytes, stm32f0xx_usart.o(.text), UNUSED)

<P><STRONG><a name="[167]"></a>USART_ClearFlag</STRONG> (Thumb, 4 bytes, Stack size 0 bytes, stm32f0xx_usart.o(.text), UNUSED)

<P><STRONG><a name="[168]"></a>USART_GetITStatus</STRONG> (Thumb, 56 bytes, Stack size 12 bytes, stm32f0xx_usart.o(.text), UNUSED)

<P><STRONG><a name="[169]"></a>USART_ClearITPendingBit</STRONG> (Thumb, 10 bytes, Stack size 0 bytes, stm32f0xx_usart.o(.text), UNUSED)

<P><STRONG><a name="[b6]"></a>TIM_DeInit</STRONG> (Thumb, 152 bytes, Stack size 8 bytes, stm32f0xx_tim.o(.text), UNUSED)
<BR><BR>[Calls]<UL><LI><a href="#[b5]">&gt;&gt;</a>&nbsp;&nbsp;&nbsp;RCC_APB1PeriphResetCmd
<LI><a href="#[b4]">&gt;&gt;</a>&nbsp;&nbsp;&nbsp;RCC_APB2PeriphResetCmd
</UL>

<P><STRONG><a name="[8f]"></a>TIM_TimeBaseInit</STRONG> (Thumb, 88 bytes, Stack size 8 bytes, stm32f0xx_tim.o(.text))
<BR><BR>[Stack]<UL><LI>Max Depth = 8<LI>Call Chain = TIM_TimeBaseInit
</UL>
<BR>[Called By]<UL><LI><a href="#[a9]">&gt;&gt;</a>&nbsp;&nbsp;&nbsp;Motor_PWM_Config
<LI><a href="#[8d]">&gt;&gt;</a>&nbsp;&nbsp;&nbsp;init_tim
<LI><a href="#[5c]">&gt;&gt;</a>&nbsp;&nbsp;&nbsp;Motor_PWM_Freq_Dudy_Set
</UL>

<P><STRONG><a name="[16a]"></a>TIM_TimeBaseStructInit</STRONG> (Thumb, 18 bytes, Stack size 0 bytes, stm32f0xx_tim.o(.text), UNUSED)

<P><STRONG><a name="[16b]"></a>TIM_PrescalerConfig</STRONG> (Thumb, 6 bytes, Stack size 0 bytes, stm32f0xx_tim.o(.text), UNUSED)

<P><STRONG><a name="[16c]"></a>TIM_CounterModeConfig</STRONG> (Thumb, 12 bytes, Stack size 0 bytes, stm32f0xx_tim.o(.text), UNUSED)

<P><STRONG><a name="[16d]"></a>TIM_SetCounter</STRONG> (Thumb, 4 bytes, Stack size 0 bytes, stm32f0xx_tim.o(.text), UNUSED)

<P><STRONG><a name="[16e]"></a>TIM_SetAutoreload</STRONG> (Thumb, 4 bytes, Stack size 0 bytes, stm32f0xx_tim.o(.text), UNUSED)

<P><STRONG><a name="[16f]"></a>TIM_GetCounter</STRONG> (Thumb, 4 bytes, Stack size 0 bytes, stm32f0xx_tim.o(.text), UNUSED)

<P><STRONG><a name="[170]"></a>TIM_GetPrescaler</STRONG> (Thumb, 4 bytes, Stack size 0 bytes, stm32f0xx_tim.o(.text), UNUSED)

<P><STRONG><a name="[171]"></a>TIM_UpdateDisableConfig</STRONG> (Thumb, 18 bytes, Stack size 0 bytes, stm32f0xx_tim.o(.text), UNUSED)

<P><STRONG><a name="[172]"></a>TIM_UpdateRequestConfig</STRONG> (Thumb, 18 bytes, Stack size 0 bytes, stm32f0xx_tim.o(.text), UNUSED)

<P><STRONG><a name="[ad]"></a>TIM_ARRPreloadConfig</STRONG> (Thumb, 18 bytes, Stack size 0 bytes, stm32f0xx_tim.o(.text))
<BR><BR>[Called By]<UL><LI><a href="#[a9]">&gt;&gt;</a>&nbsp;&nbsp;&nbsp;Motor_PWM_Config
</UL>

<P><STRONG><a name="[173]"></a>TIM_SelectOnePulseMode</STRONG> (Thumb, 16 bytes, Stack size 0 bytes, stm32f0xx_tim.o(.text), UNUSED)

<P><STRONG><a name="[174]"></a>TIM_SetClockDivision</STRONG> (Thumb, 16 bytes, Stack size 0 bytes, stm32f0xx_tim.o(.text), UNUSED)

<P><STRONG><a name="[92]"></a>TIM_Cmd</STRONG> (Thumb, 20 bytes, Stack size 0 bytes, stm32f0xx_tim.o(.text))
<BR><BR>[Called By]<UL><LI><a href="#[a9]">&gt;&gt;</a>&nbsp;&nbsp;&nbsp;Motor_PWM_Config
<LI><a href="#[8d]">&gt;&gt;</a>&nbsp;&nbsp;&nbsp;init_tim
</UL>

<P><STRONG><a name="[aa]"></a>TIM_BDTRConfig</STRONG> (Thumb, 34 bytes, Stack size 8 bytes, stm32f0xx_tim.o(.text))
<BR><BR>[Stack]<UL><LI>Max Depth = 8<LI>Call Chain = TIM_BDTRConfig
</UL>
<BR>[Called By]<UL><LI><a href="#[a9]">&gt;&gt;</a>&nbsp;&nbsp;&nbsp;Motor_PWM_Config
</UL>

<P><STRONG><a name="[175]"></a>TIM_BDTRStructInit</STRONG> (Thumb, 18 bytes, Stack size 0 bytes, stm32f0xx_tim.o(.text), UNUSED)

<P><STRONG><a name="[176]"></a>TIM_CtrlPWMOutputs</STRONG> (Thumb, 24 bytes, Stack size 0 bytes, stm32f0xx_tim.o(.text), UNUSED)

<P><STRONG><a name="[ab]"></a>TIM_OC1Init</STRONG> (Thumb, 104 bytes, Stack size 12 bytes, stm32f0xx_tim.o(.text))
<BR><BR>[Stack]<UL><LI>Max Depth = 12<LI>Call Chain = TIM_OC1Init
</UL>
<BR>[Called By]<UL><LI><a href="#[a9]">&gt;&gt;</a>&nbsp;&nbsp;&nbsp;Motor_PWM_Config
<LI><a href="#[5c]">&gt;&gt;</a>&nbsp;&nbsp;&nbsp;Motor_PWM_Freq_Dudy_Set
</UL>

<P><STRONG><a name="[177]"></a>TIM_OC2Init</STRONG> (Thumb, 110 bytes, Stack size 16 bytes, stm32f0xx_tim.o(.text), UNUSED)

<P><STRONG><a name="[178]"></a>TIM_OC3Init</STRONG> (Thumb, 110 bytes, Stack size 12 bytes, stm32f0xx_tim.o(.text), UNUSED)

<P><STRONG><a name="[179]"></a>TIM_OC4Init</STRONG> (Thumb, 78 bytes, Stack size 12 bytes, stm32f0xx_tim.o(.text), UNUSED)

<P><STRONG><a name="[17a]"></a>TIM_OCStructInit</STRONG> (Thumb, 20 bytes, Stack size 0 bytes, stm32f0xx_tim.o(.text), UNUSED)

<P><STRONG><a name="[17b]"></a>TIM_SelectOCxM</STRONG> (Thumb, 70 bytes, Stack size 12 bytes, stm32f0xx_tim.o(.text), UNUSED)

<P><STRONG><a name="[17c]"></a>TIM_SetCompare1</STRONG> (Thumb, 4 bytes, Stack size 0 bytes, stm32f0xx_tim.o(.text), UNUSED)

<P><STRONG><a name="[17d]"></a>TIM_SetCompare2</STRONG> (Thumb, 4 bytes, Stack size 0 bytes, stm32f0xx_tim.o(.text), UNUSED)

<P><STRONG><a name="[17e]"></a>TIM_SetCompare3</STRONG> (Thumb, 4 bytes, Stack size 0 bytes, stm32f0xx_tim.o(.text), UNUSED)

<P><STRONG><a name="[17f]"></a>TIM_SetCompare4</STRONG> (Thumb, 4 bytes, Stack size 0 bytes, stm32f0xx_tim.o(.text), UNUSED)

<P><STRONG><a name="[180]"></a>TIM_ForcedOC1Config</STRONG> (Thumb, 86 bytes, Stack size 0 bytes, stm32f0xx_tim.o(.text), UNUSED)

<P><STRONG><a name="[181]"></a>TIM_ForcedOC2Config</STRONG> (Thumb, 14 bytes, Stack size 0 bytes, stm32f0xx_tim.o(.text), UNUSED)

<P><STRONG><a name="[182]"></a>TIM_ForcedOC3Config</STRONG> (Thumb, 12 bytes, Stack size 0 bytes, stm32f0xx_tim.o(.text), UNUSED)

<P><STRONG><a name="[183]"></a>TIM_ForcedOC4Config</STRONG> (Thumb, 14 bytes, Stack size 0 bytes, stm32f0xx_tim.o(.text), UNUSED)

<P><STRONG><a name="[184]"></a>TIM_CCPreloadControl</STRONG> (Thumb, 20 bytes, Stack size 0 bytes, stm32f0xx_tim.o(.text), UNUSED)

<P><STRONG><a name="[ac]"></a>TIM_OC1PreloadConfig</STRONG> (Thumb, 12 bytes, Stack size 0 bytes, stm32f0xx_tim.o(.text))
<BR><BR>[Called By]<UL><LI><a href="#[a9]">&gt;&gt;</a>&nbsp;&nbsp;&nbsp;Motor_PWM_Config
<LI><a href="#[5c]">&gt;&gt;</a>&nbsp;&nbsp;&nbsp;Motor_PWM_Freq_Dudy_Set
</UL>

<P><STRONG><a name="[185]"></a>TIM_OC2PreloadConfig</STRONG> (Thumb, 14 bytes, Stack size 0 bytes, stm32f0xx_tim.o(.text), UNUSED)

<P><STRONG><a name="[186]"></a>TIM_OC3PreloadConfig</STRONG> (Thumb, 12 bytes, Stack size 0 bytes, stm32f0xx_tim.o(.text), UNUSED)

<P><STRONG><a name="[187]"></a>TIM_OC4PreloadConfig</STRONG> (Thumb, 14 bytes, Stack size 0 bytes, stm32f0xx_tim.o(.text), UNUSED)

<P><STRONG><a name="[188]"></a>TIM_OC1FastConfig</STRONG> (Thumb, 12 bytes, Stack size 0 bytes, stm32f0xx_tim.o(.text), UNUSED)

<P><STRONG><a name="[189]"></a>TIM_OC2FastConfig</STRONG> (Thumb, 14 bytes, Stack size 0 bytes, stm32f0xx_tim.o(.text), UNUSED)

<P><STRONG><a name="[18a]"></a>TIM_OC3FastConfig</STRONG> (Thumb, 12 bytes, Stack size 0 bytes, stm32f0xx_tim.o(.text), UNUSED)

<P><STRONG><a name="[18b]"></a>TIM_OC4FastConfig</STRONG> (Thumb, 14 bytes, Stack size 0 bytes, stm32f0xx_tim.o(.text), UNUSED)

<P><STRONG><a name="[18c]"></a>TIM_ClearOC1Ref</STRONG> (Thumb, 12 bytes, Stack size 0 bytes, stm32f0xx_tim.o(.text), UNUSED)

<P><STRONG><a name="[18d]"></a>TIM_ClearOC2Ref</STRONG> (Thumb, 14 bytes, Stack size 0 bytes, stm32f0xx_tim.o(.text), UNUSED)

<P><STRONG><a name="[18e]"></a>TIM_ClearOC3Ref</STRONG> (Thumb, 12 bytes, Stack size 0 bytes, stm32f0xx_tim.o(.text), UNUSED)

<P><STRONG><a name="[18f]"></a>TIM_ClearOC4Ref</STRONG> (Thumb, 14 bytes, Stack size 0 bytes, stm32f0xx_tim.o(.text), UNUSED)

<P><STRONG><a name="[190]"></a>TIM_OC1PolarityConfig</STRONG> (Thumb, 12 bytes, Stack size 0 bytes, stm32f0xx_tim.o(.text), UNUSED)

<P><STRONG><a name="[191]"></a>TIM_OC1NPolarityConfig</STRONG> (Thumb, 12 bytes, Stack size 0 bytes, stm32f0xx_tim.o(.text), UNUSED)

<P><STRONG><a name="[192]"></a>TIM_OC2PolarityConfig</STRONG> (Thumb, 14 bytes, Stack size 0 bytes, stm32f0xx_tim.o(.text), UNUSED)

<P><STRONG><a name="[193]"></a>TIM_OC2NPolarityConfig</STRONG> (Thumb, 14 bytes, Stack size 0 bytes, stm32f0xx_tim.o(.text), UNUSED)

<P><STRONG><a name="[194]"></a>TIM_OC3PolarityConfig</STRONG> (Thumb, 14 bytes, Stack size 0 bytes, stm32f0xx_tim.o(.text), UNUSED)

<P><STRONG><a name="[195]"></a>TIM_OC3NPolarityConfig</STRONG> (Thumb, 14 bytes, Stack size 0 bytes, stm32f0xx_tim.o(.text), UNUSED)

<P><STRONG><a name="[196]"></a>TIM_OC4PolarityConfig</STRONG> (Thumb, 14 bytes, Stack size 0 bytes, stm32f0xx_tim.o(.text), UNUSED)

<P><STRONG><a name="[197]"></a>TIM_SelectOCREFClear</STRONG> (Thumb, 16 bytes, Stack size 0 bytes, stm32f0xx_tim.o(.text), UNUSED)

<P><STRONG><a name="[198]"></a>TIM_CCxCmd</STRONG> (Thumb, 22 bytes, Stack size 8 bytes, stm32f0xx_tim.o(.text), UNUSED)

<P><STRONG><a name="[199]"></a>TIM_CCxNCmd</STRONG> (Thumb, 22 bytes, Stack size 8 bytes, stm32f0xx_tim.o(.text), UNUSED)

<P><STRONG><a name="[19a]"></a>TIM_SelectCOM</STRONG> (Thumb, 18 bytes, Stack size 0 bytes, stm32f0xx_tim.o(.text), UNUSED)

<P><STRONG><a name="[b8]"></a>TIM_SetIC4Prescaler</STRONG> (Thumb, 18 bytes, Stack size 0 bytes, stm32f0xx_tim.o(.text), UNUSED)
<BR><BR>[Called By]<UL><LI><a href="#[b7]">&gt;&gt;</a>&nbsp;&nbsp;&nbsp;TIM_ICInit
</UL>

<P><STRONG><a name="[bd]"></a>TIM_SetIC3Prescaler</STRONG> (Thumb, 16 bytes, Stack size 0 bytes, stm32f0xx_tim.o(.text), UNUSED)
<BR><BR>[Called By]<UL><LI><a href="#[b7]">&gt;&gt;</a>&nbsp;&nbsp;&nbsp;TIM_ICInit
</UL>

<P><STRONG><a name="[bc]"></a>TIM_SetIC2Prescaler</STRONG> (Thumb, 18 bytes, Stack size 0 bytes, stm32f0xx_tim.o(.text), UNUSED)
<BR><BR>[Called By]<UL><LI><a href="#[be]">&gt;&gt;</a>&nbsp;&nbsp;&nbsp;TIM_PWMIConfig
<LI><a href="#[b7]">&gt;&gt;</a>&nbsp;&nbsp;&nbsp;TIM_ICInit
</UL>

<P><STRONG><a name="[ba]"></a>TIM_SetIC1Prescaler</STRONG> (Thumb, 16 bytes, Stack size 0 bytes, stm32f0xx_tim.o(.text), UNUSED)
<BR><BR>[Called By]<UL><LI><a href="#[be]">&gt;&gt;</a>&nbsp;&nbsp;&nbsp;TIM_PWMIConfig
<LI><a href="#[b7]">&gt;&gt;</a>&nbsp;&nbsp;&nbsp;TIM_ICInit
</UL>

<P><STRONG><a name="[b7]"></a>TIM_ICInit</STRONG> (Thumb, 162 bytes, Stack size 24 bytes, stm32f0xx_tim.o(.text), UNUSED)
[...]
</UL>

<P><STRONG><a name="[6a]"></a>FLASH_ErasePage</STRONG> (Thumb, 52 bytes, Stack size 20 bytes, stm32f0xx_flash.o(.text))
<BR><BR>[Stack]<UL><LI>Max Depth = 24<LI>Call Chain = FLASH_ErasePage &rArr; FLASH_WaitForLastOperation
</UL>
<BR>[Calls]<UL><LI><a href="#[d4]">&gt;&gt;</a>&nbsp;&nbsp;&nbsp;FLASH_WaitForLastOperation
</UL>
<BR>[Called By]<UL><LI><a href="#[67]">&gt;&gt;</a>&nbsp;&nbsp;&nbsp;FlashWrite
</UL>

<P><STRONG><a name="[d6]"></a>FLASH_EraseAllPages</STRONG> (Thumb, 48 bytes, Stack size 16 bytes, stm32f0xx_flash.o(.text), UNUSED)
<BR><BR>[Calls]<UL><LI><a href="#[d4]">&gt;&gt;</a>&nbsp;&nbsp;&nbsp;FLASH_WaitForLastOperation
</UL>

<P><STRONG><a name="[6b]"></a>FLASH_ProgramWord</STRONG> (Thumb, 70 bytes, Stack size 24 bytes, stm32f0xx_flash.o(.text))
<BR><BR>[Stack]<UL><LI>Max Depth = 28<LI>Call Chain = FLASH_ProgramWord &rArr; FLASH_WaitForLastOperation
</UL>
<BR>[Calls]<UL><LI><a href="#[d4]">&gt;&gt;</a>&nbsp;&nbsp;&nbsp;FLASH_WaitForLastOperation
</UL>
<BR>[Called By]<UL><LI><a href="#[67]">&gt;&gt;</a>&nbsp;&nbsp;&nbsp;FlashWrite
</UL>

<P><STRONG><a name="[d7]"></a>FLASH_ProgramHalfWord</STRONG> (Thumb, 48 bytes, Stack size 20 bytes, stm32f0xx_flash.o(.text), UNUSED)
<BR><BR>[Calls]<UL><LI><a href="#[d4]">&gt;&gt;</a>&nbsp;&nbsp;&nbsp;FLASH_WaitForLastOperation
</UL>

<P><STRONG><a name="[1d7]"></a>FLASH_OB_Unlock</STRONG> (Thumb, 18 bytes, Stack size 0 bytes, stm32f0xx_flash.o(.text), UNUSED)

<P><STRONG><a name="[1d8]"></a>FLASH_OB_Lock</STRONG> (Thumb, 12 bytes, Stack size 0 bytes, stm32f0xx_flash.o(.text), UNUSED)

<P><STRONG><a name="[1d9]"></a>FLASH_OB_Launch</STRONG> (Thumb, 14 bytes, Stack size 0 bytes, stm32f0xx_flash.o(.text), UNUSED)

<P><STRONG><a name="[d9]"></a>FLASH_OB_GetRDP</STRONG> (Thumb, 16 bytes, Stack size 0 bytes, stm32f0xx_flash.o(.text), UNUSED)
<BR><BR>[Called By]<UL><LI><a href="#[d8]">&gt;&gt;</a>&nbsp;&nbsp;&nbsp;FLASH_OB_Erase
</UL>

<P><STRONG><a name="[d8]"></a>FLASH_OB_Erase</STRONG> (Thumb, 106 bytes, Stack size 20 bytes, stm32f0xx_flash.o(.text), UNUSED)
<BR><BR>[Calls]<UL><LI><a href="#[d9]">&gt;&gt;</a>&nbsp;&nbsp;&nbsp;FLASH_OB_GetRDP
<LI><a href="#[d4]">&gt;&gt;</a>&nbsp;&nbsp;&nbsp;FLASH_WaitForLastOperation
</UL>

<P><STRONG><a name="[da]"></a>FLASH_OB_EnableWRP</STRONG> (Thumb, 80 bytes, Stack size 20 bytes, stm32f0xx_flash.o(.text), UNUSED)
<BR><BR>[Calls]<UL><LI><a href="#[d4]">&gt;&gt;</a>&nbsp;&nbsp;&nbsp;FLASH_WaitForLastOperation
</UL>

<P><STRONG><a name="[db]"></a>FLASH_OB_RDPConfig</STRONG> (Thumb, 82 bytes, Stack size 20 bytes, stm32f0xx_flash.o(.text), UNUSED)
<BR><BR>[Calls]<UL><LI><a href="#[d4]">&gt;&gt;</a>&nbsp;&nbsp;&nbsp;FLASH_WaitForLastOperation
</UL>

<P><STRONG><a name="[dc]"></a>FLASH_OB_UserConfig</STRONG> (Thumb, 64 bytes, Stack size 20 bytes, stm32f0xx_flash.o(.text), UNUSED)
<BR><BR>[Calls]<UL><LI><a href="#[d4]">&gt;&gt;</a>&nbsp;&nbsp;&nbsp;FLASH_WaitForLastOperation
</UL>

<P><STRONG><a name="[dd]"></a>FLASH_OB_BOOTConfig</STRONG> (Thumb, 54 bytes, Stack size 20 bytes, stm32f0xx_flash.o(.text), UNUSED)
<BR><BR>[Calls]<UL><LI><a href="#[d4]">&gt;&gt;</a>&nbsp;&nbsp;&nbsp;FLASH_WaitForLastOperation
</UL>

<P><STRONG><a name="[de]"></a>FLASH_OB_VDDAConfig</STRONG> (Thumb, 54 bytes, Stack size 20 bytes, stm32f0xx_flash.o(.text), UNUSED)
<BR><BR>[Calls]<UL><LI><a href="#[d4]">&gt;&gt;</a>&nbsp;&nbsp;&nbsp;FLASH_WaitForLastOperation
</UL>

<P><STRONG><a name="[df]"></a>FLASH_OB_SRAMParityConfig</STRONG> (Thumb, 54 bytes, Stack size 20 bytes, stm32f0xx_flash.o(.text), UNUSED)
<BR><BR>[Calls]<UL><LI><a href="#[d4]">&gt;&gt;</a>&nbsp;&nbsp;&nbsp;FLASH_WaitForLastOperation
</UL>

<P><STRONG><a name="[e0]"></a>FLASH_OB_WriteUser</STRONG> (Thumb, 54 bytes, Stack size 20 bytes, stm32f0xx_flash.o(.text), UNUSED)
<BR><BR>[Calls]<UL><LI><a href="#[d4]">&gt;&gt;</a>&nbsp;&nbsp;&nbsp;FLASH_WaitForLastOperation
</UL>

<P><STRONG><a name="[e1]"></a>FLASH_ProgramOptionByteData</STRONG> (Thumb, 68 bytes, Stack size 20 bytes, stm32f0xx_flash.o(.text), UNUSED)
<BR><BR>[Calls]<UL><LI><a href="#[d4]">&gt;&gt;</a>&nbsp;&nbsp;&nbsp;FLASH_WaitForLastOperation
</UL>

<P><STRONG><a name="[1da]"></a>FLASH_OB_GetUser</STRONG> (Thumb, 10 bytes, Stack size 0 bytes, stm32f0xx_flash.o(.text), UNUSED)

<P><STRONG><a name="[1db]"></a>FLASH_OB_GetWRP</STRONG> (Thumb, 6 bytes, Stack size 0 bytes, stm32f0xx_flash.o(.text), UNUSED)

<P><STRONG><a name="[1dc]"></a>FLASH_ITConfig</STRONG> (Thumb, 18 bytes, Stack size 0 bytes, stm32f0xx_flash.o(.text), UNUSED)

<P><STRONG><a name="[1dd]"></a>FLASH_GetFlagStatus</STRONG> (Thumb, 16 bytes, Stack size 0 bytes, stm32f0xx_flash.o(.text), UNUSED)

<P><STRONG><a name="[69]"></a>FLASH_ClearFlag</STRONG> (Thumb, 6 bytes, Stack size 0 bytes, stm32f0xx_flash.o(.text))
<BR><BR>[Called By]<UL><LI><a href="#[67]">&gt;&gt;</a>&nbsp;&nbsp;&nbsp;FlashWrite
</UL>

<P><STRONG><a name="[e2]"></a>ADC_DeInit</STRONG> (Thumb, 28 bytes, Stack size 8 bytes, stm32f0xx_adc.o(.text), UNUSED)
<BR><BR>[Calls]<UL><LI><a href="#[b4]">&gt;&gt;</a>&nbsp;&nbsp;&nbsp;RCC_APB2PeriphResetCmd
</UL>

<P><STRONG><a name="[94]"></a>ADC_Init</STRONG> (Thumb, 38 bytes, Stack size 12 bytes, stm32f0xx_adc.o(.text))
<BR><BR>[Stack]<UL><LI>Max Depth = 12<LI>Call Chain = ADC_Init
</UL>
<BR>[Called By]<UL><LI><a href="#[93]">&gt;&gt;</a>&nbsp;&nbsp;&nbsp;ADC1_Init
</UL>

<P><STRONG><a name="[1de]"></a>ADC_StructInit</STRONG> (Thumb, 16 bytes, Stack size 0 bytes, stm32f0xx_adc.o(.text), UNUSED)

<P><STRONG><a name="[97]"></a>ADC_Cmd</STRONG> (Thumb, 18 bytes, Stack size 0 bytes, stm32f0xx_adc.o(.text))
<BR><BR>[Called By]<UL><LI><a href="#[93]">&gt;&gt;</a>&nbsp;&nbsp;&nbsp;ADC1_Init
</UL>

<P><STRONG><a name="[1df]"></a>ADC_JitterCmd</STRONG> (Thumb, 16 bytes, Stack size 0 bytes, stm32f0xx_adc.o(.text), UNUSED)

<P><STRONG><a name="[1e0]"></a>ADC_AutoPowerOffCmd</STRONG> (Thumb, 20 bytes, Stack size 0 bytes, stm32f0xx_adc.o(.text), UNUSED)

<P><STRONG><a name="[1e1]"></a>ADC_WaitModeCmd</STRONG> (Thumb, 20 bytes, Stack size 0 bytes, stm32f0xx_adc.o(.text), UNUSED)

<P><STRONG><a name="[1e2]"></a>ADC_AnalogWatchdogCmd</STRONG> (Thumb, 20 bytes, Stack size 0 bytes, stm32f0xx_adc.o(.text), UNUSED)

<P><STRONG><a name="[1e3]"></a>ADC_AnalogWatchdogThresholdsConfig</STRONG> (Thumb, 8 bytes, Stack size 0 bytes, stm32f0xx_adc.o(.text), UNUSED)

<P><STRONG><a name="[1e4]"></a>ADC_AnalogWatchdogSingleChannelConfig</STRONG> (Thumb, 14 bytes, Stack size 0 bytes, stm32f0xx_adc.o(.text), UNUSED)

<P><STRONG><a name="[1e5]"></a>ADC_AnalogWatchdogSingleChannelCmd</STRONG> (Thumb, 20 bytes, Stack size 0 bytes, stm32f0xx_adc.o(.text), UNUSED)

<P><STRONG><a name="[1e6]"></a>ADC_TempSensorCmd</STRONG> (Thumb, 22 bytes, Stack size 0 bytes, stm32f0xx_adc.o(.text), UNUSED)

<P><STRONG><a name="[1e7]"></a>ADC_VrefintCmd</STRONG> (Thumb, 22 bytes, Stack size 0 bytes, stm32f0xx_adc.o(.text), UNUSED)

<P><STRONG><a name="[1e8]"></a>ADC_VbatCmd</STRONG> (Thumb, 22 bytes, Stack size 0 bytes, stm32f0xx_adc.o(.text), UNUSED)

<P><STRONG><a name="[95]"></a>ADC_ChannelConfig</STRONG> (Thumb, 10 bytes, Stack size 0 bytes, stm32f0xx_adc.o(.text))
<BR><BR>[Called By]<UL><LI><a href="#[93]">&gt;&gt;</a>&nbsp;&nbsp;&nbsp;ADC1_Init
<LI><a href="#[71]">&gt;&gt;</a>&nbsp;&nbsp;&nbsp;Adc_Switch
</UL>

<P><STRONG><a name="[1e9]"></a>ADC_ContinuousModeCmd</STRONG> (Thumb, 20 bytes, Stack size 0 bytes, stm32f0xx_adc.o(.text), UNUSED)

<P><STRONG><a name="[1ea]"></a>ADC_DiscModeCmd</STRONG> (Thumb, 20 bytes, Stack size 0 bytes, stm32f0xx_adc.o(.text), UNUSED)

<P><STRONG><a name="[1eb]"></a>ADC_OverrunModeCmd</STRONG> (Thumb, 20 bytes, Stack size 0 bytes, stm32f0xx_adc.o(.text), UNUSED)

<P><STRONG><a name="[96]"></a>ADC_GetCalibrationFactor</STRONG> (Thumb, 46 bytes, Stack size 0 bytes, stm32f0xx_adc.o(.text))
<BR><BR>[Called By]<UL><LI><a href="#[93]">&gt;&gt;</a>&nbsp;&nbsp;&nbsp;ADC1_Init
</UL>

<P><STRONG><a name="[1ec]"></a>ADC_StopOfConversion</STRONG> (Thumb, 10 bytes, Stack size 0 bytes, stm32f0xx_adc.o(.text), UNUSED)

<P><STRONG><a name="[a7]"></a>ADC_StartOfConversion</STRONG> (Thumb, 10 bytes, Stack size 0 bytes, stm32f0xx_adc.o(.text))
<BR><BR>[Called By]<UL><LI><a href="#[71]">&gt;&gt;</a>&nbsp;&nbsp;&nbsp;Adc_Switch
</UL>

<P><STRONG><a name="[a8]"></a>ADC_GetConversionValue</STRONG> (Thumb, 6 bytes, Stack size 0 bytes, stm32f0xx_adc.o(.text))
<BR><BR>[Called By]<UL><LI><a href="#[71]">&gt;&gt;</a>&nbsp;&nbsp;&nbsp;Adc_Switch
</UL>

<P><STRONG><a name="[1ed]"></a>ADC_DMACmd</STRONG> (Thumb, 20 bytes, Stack size 0 bytes, stm32f0xx_adc.o(.text), UNUSED)

<P><STRONG><a name="[1ee]"></a>ADC_DMARequestModeConfig</STRONG> (Thumb, 16 bytes, Stack size 0 bytes, stm32f0xx_adc.o(.text), UNUSED)

<P><STRONG><a name="[1ef]"></a>ADC_ITConfig</STRONG> (Thumb, 16 bytes, Stack size 0 bytes, stm32f0xx_adc.o(.text), UNUSED)

<P><STRONG><a name="[98]"></a>ADC_GetFlagStatus</STRONG> (Thumb, 28 bytes, Stack size 0 bytes, stm32f0xx_adc.o(.text))
<BR><BR>[Called By]<UL><LI><a href="#[93]">&gt;&gt;</a>&nbsp;&nbsp;&nbsp;ADC1_Init
<LI><a href="#[71]">&gt;&gt;</a>&nbsp;&nbsp;&nbsp;Adc_Switch
</UL>

<P><STRONG><a name="[1f0]"></a>ADC_ClearFlag</STRONG> (Thumb, 4 bytes, Stack size 0 bytes, stm32f0xx_adc.o(.text), UNUSED)

<P><STRONG><a name="[1f1]"></a>ADC_GetITStatus</STRONG> (Thumb, 22 bytes, Stack size 0 bytes, stm32f0xx_adc.o(.text), UNUSED)

<P><STRONG><a name="[1f2]"></a>ADC_ClearITPendingBit</STRONG> (Thumb, 4 bytes, Stack size 0 bytes, stm32f0xx_adc.o(.text), UNUSED)

<P><STRONG><a name="[60]"></a>__aeabi_memcpy</STRONG> (Thumb, 130 bytes, Stack size 24 bytes, rt_memcpy.o(.text))
<BR><BR>[Stack]<UL><LI>Max Depth = 24<LI>Call Chain = __aeabi_memcpy
</UL>
<BR>[Calls]<UL><LI><a href="#[55]">&gt;&gt;</a>&nbsp;&nbsp;&nbsp;__aeabi_memcpy4
</UL>
<BR>[Called By]<UL><LI><a href="#[6e]">&gt;&gt;</a>&nbsp;&nbsp;&nbsp;send_prameter_fram1_to_PC
<LI><a href="#[6d]">&gt;&gt;</a>&nbsp;&nbsp;&nbsp;get_parameter_to_buf_by_frameId
<LI><a href="#[2b]">&gt;&gt;</a>&nbsp;&nbsp;&nbsp;check_selectedMode_ouputPWM
</UL>

<P><STRONG><a name="[1f3]"></a>__rt_memcpy</STRONG> (Thumb, 0 bytes, Stack size 24 bytes, rt_memcpy.o(.text), UNUSED)

<P><STRONG><a name="[e4]"></a>_memset_w</STRONG> (Thumb, 26 bytes, Stack size 0 bytes, rt_memclr.o(.text))
<BR><BR>[Called By]<UL><LI><a href="#[e5]">&gt;&gt;</a>&nbsp;&nbsp;&nbsp;__rt_memclr_w
<LI><a href="#[e3]">&gt;&gt;</a>&nbsp;&nbsp;&nbsp;_memset
</UL>

<P><STRONG><a name="[e3]"></a>_memset</STRONG> (Thumb, 30 bytes, Stack size 0 bytes, rt_memclr.o(.text))
<BR><BR>[Calls]<UL><LI><a href="#[e4]">&gt;&gt;</a>&nbsp;&nbsp;&nbsp;_memset_w
</UL>
<BR>[Called By]<UL><LI><a href="#[66]">&gt;&gt;</a>&nbsp;&nbsp;&nbsp;__aeabi_memclr
</UL>

<P><STRONG><a name="[66]"></a>__aeabi_memclr</STRONG> (Thumb, 4 bytes, Stack size 0 bytes, rt_memclr.o(.text))
<BR><BR>[Calls]<UL><LI><a href="#[e3]">&gt;&gt;</a>&nbsp;&nbsp;&nbsp;_memset
</UL>
<BR>[Called By]<UL><LI><a href="#[6e]">&gt;&gt;</a>&nbsp;&nbsp;&nbsp;send_prameter_fram1_to_PC
<LI><a href="#[65]">&gt;&gt;</a>&nbsp;&nbsp;&nbsp;get_comm_para_to_buf
</UL>

<P><STRONG><a name="[1f4]"></a>__rt_memclr</STRONG> (Thumb, 0 bytes, Stack size 0 bytes, rt_memclr.o(.text), UNUSED)

<P><STRONG><a name="[58]"></a>__aeabi_memclr4</STRONG> (Thumb, 0 bytes, Stack size 0 bytes, rt_memclr.o(.text))
<BR><BR>[Called By]<UL><LI><a href="#[6e]">&gt;&gt;</a>&nbsp;&nbsp;&nbsp;send_prameter_fram1_to_PC
<LI><a href="#[6d]">&gt;&gt;</a>&nbsp;&nbsp;&nbsp;get_parameter_to_buf_by_frameId
<LI><a href="#[52]">&gt;&gt;</a>&nbsp;&nbsp;&nbsp;ModuleUnPackFrame
<LI><a href="#[29]">&gt;&gt;</a>&nbsp;&nbsp;&nbsp;TaskDataSend
</UL>

<P><STRONG><a name="[1f5]"></a>__aeabi_memclr8</STRONG> (Thumb, 0 bytes, Stack size 0 bytes, rt_memclr.o(.text), UNUSED)

<P><STRONG><a name="[e5]"></a>__rt_memclr_w</STRONG> (Thumb, 4 bytes, Stack size 0 bytes, rt_memclr.o(.text), UNUSED)
<BR><BR>[Calls]<UL><LI><a href="#[e4]">&gt;&gt;</a>&nbsp;&nbsp;&nbsp;_memset_w
</UL>

<P><STRONG><a name="[1f6]"></a>__aeabi_uidiv</STRONG> (Thumb, 0 bytes, Stack size 0 bytes, aeabi_sdiv.o(.text), UNUSED)

<P><STRONG><a name="[48]"></a>__aeabi_uidivmod</STRONG> (Thumb, 20 bytes, Stack size 0 bytes, aeabi_sdiv.o(.text))
<BR><BR>[Called By]<UL><LI><a href="#[b2]">&gt;&gt;</a>&nbsp;&nbsp;&nbsp;RCC_GetClocksFreq
<LI><a href="#[8d]">&gt;&gt;</a>&nbsp;&nbsp;&nbsp;init_tim
<LI><a href="#[7b]">&gt;&gt;</a>&nbsp;&nbsp;&nbsp;USART_Init
<LI><a href="#[5c]">&gt;&gt;</a>&nbsp;&nbsp;&nbsp;Motor_PWM_Freq_Dudy_Set
<LI><a href="#[51]">&gt;&gt;</a>&nbsp;&nbsp;&nbsp;os_delay_ms
<LI><a href="#[47]">&gt;&gt;</a>&nbsp;&nbsp;&nbsp;SystemCoreClockUpdate
<LI><a href="#[3f]">&gt;&gt;</a>&nbsp;&nbsp;&nbsp;delay_init
</UL>

<P><STRONG><a name="[1f7]"></a>__aeabi_idiv</STRONG> (Thumb, 0 bytes, Stack size 8 bytes, aeabi_sdiv.o(.text), UNUSED)

<P><STRONG><a name="[1f8]"></a>__aeabi_idivmod</STRONG> (Thumb, 326 bytes, Stack size 8 bytes, aeabi_sdiv.o(.text), UNUSED)

<P><STRONG><a name="[1f9]"></a>__use_two_region_memory</STRONG> (Thumb, 2 bytes, Stack size 0 bytes, heapauxi.o(.text), UNUSED)

<P><STRONG><a name="[1fa]"></a>__rt_heap_escrow$2region</STRONG> (Thumb, 2 bytes, Stack size 0 bytes, heapauxi.o(.text), UNUSED)

<P><STRONG><a name="[1fb]"></a>__rt_heap_expand$2region</STRONG> (Thumb, 2 bytes, Stack size 0 bytes, heapauxi.o(.text), UNUSED)

<P><STRONG><a name="[35]"></a>__user_setup_stackheap</STRONG> (Thumb, 62 bytes, Stack size 8 bytes, sys_stackheap_outer.o(.text))
<BR><BR>[Stack]<UL><LI>Max Depth = 8 + Unknown Stack Size
<LI>Call Chain = __user_setup_stackheap
</UL>
<BR>[Calls]<UL><LI><a href="#[30]">&gt;&gt;</a>&nbsp;&nbsp;&nbsp;__user_initial_stackheap
<LI><a href="#[e6]">&gt;&gt;</a>&nbsp;&nbsp;&nbsp;__user_perproc_libspace
</UL>
<BR>[Called By]<UL><LI><a href="#[34]">&gt;&gt;</a>&nbsp;&nbsp;&nbsp;__rt_entry_sh
</UL>

<P><STRONG><a name="[3a]"></a>exit</STRONG> (Thumb, 16 bytes, Stack size 8 bytes, exit.o(.text))
<BR><BR>[Stack]<UL><LI>Max Depth = 8 + Unknown Stack Size
<LI>Call Chain = exit
</UL>
<BR>[Calls]<UL><LI><a href="#[e8]">&gt;&gt;</a>&nbsp;&nbsp;&nbsp;__rt_exit
<LI><a href="#[e7]">&gt;&gt;</a>&nbsp;&nbsp;&nbsp;_call_atexit_fns (Weak Reference)
</UL>
<BR>[Called By]<UL><LI><a href="#[38]">&gt;&gt;</a>&nbsp;&nbsp;&nbsp;__rt_entry_main
</UL>

<P><STRONG><a name="[1fc]"></a>__user_libspace</STRONG> (Thumb, 8 bytes, Stack size 0 bytes, libspace.o(.text), UNUSED)

<P><STRONG><a name="[e6]"></a>__user_perproc_libspace</STRONG> (Thumb, 0 bytes, Stack size 0 bytes, libspace.o(.text))
<BR><BR>[Called By]<UL><LI><a href="#[35]">&gt;&gt;</a>&nbsp;&nbsp;&nbsp;__user_setup_stackheap
</UL>

<P><STRONG><a name="[1fd]"></a>__user_perthread_libspace</STRONG> (Thumb, 0 bytes, Stack size 0 bytes, libspace.o(.text), UNUSED)

<P><STRONG><a name="[3e]"></a>_sys_exit</STRONG> (Thumb, 8 bytes, Stack size 0 bytes, sys_exit.o(.text))
<BR><BR>[Called By]<UL><LI><a href="#[3d]">&gt;&gt;</a>&nbsp;&nbsp;&nbsp;__rt_exit_exit
</UL>

<P><STRONG><a name="[1fe]"></a>__I$use$semihosting</STRONG> (Thumb, 0 bytes, Stack size 0 bytes, use_no_semi.o(.text), UNUSED)

<P><STRONG><a name="[1ff]"></a>__use_no_semihosting_swi</STRONG> (Thumb, 2 bytes, Stack size 0 bytes, use_no_semi.o(.text), UNUSED)

<P><STRONG><a name="[200]"></a>__decompress</STRONG> (Thumb, 0 bytes, Stack size unknown bytes, __dczerorl2.o(.text), UNUSED)

<P><STRONG><a name="[201]"></a>__decompress1</STRONG> (Thumb, 86 bytes, Stack size unknown bytes, __dczerorl2.o(.text), UNUSED)

<P><STRONG><a name="[202]"></a>__semihosting_library_function</STRONG> (Thumb, 0 bytes, Stack size unknown bytes, indicate_semi.o(.text), UNUSED)
<P>
<H3>
Local Symbols
</H3>
<P><STRONG><a name="[46]"></a>SetSysClock</STRONG> (Thumb, 114 bytes, Stack size 16 bytes, system_stm32f0xx.o(.text))
<BR><BR>[Stack]<UL><LI>Max Depth = 16<LI>Call Chain = SetSysClock
</UL>
<BR>[Calls]<UL><LI><a href="#[49]">&gt;&gt;</a>&nbsp;&nbsp;&nbsp;RCC_MCOConfig
</UL>
<BR>[Called By]<UL><LI><a href="#[2c]">&gt;&gt;</a>&nbsp;&nbsp;&nbsp;SystemInit
</UL>

<P><STRONG><a name="[52]"></a>ModuleUnPackFrame</STRONG> (Thumb, 186 bytes, Stack size 24 bytes, comm_task.o(.text))
<BR><BR>[Stack]<UL><LI>Max Depth = 752<LI>Call Chain = ModuleUnPackFrame &rArr; protocol_module_process &rArr; send_prameter_fram1_to_PC &rArr; __aeabi_memcpy
</UL>
<BR>[Calls]<UL><LI><a href="#[56]">&gt;&gt;</a>&nbsp;&nbsp;&nbsp;protocol_module_process
<LI><a href="#[57]">&gt;&gt;</a>&nbsp;&nbsp;&nbsp;delay_ms
<LI><a href="#[53]">&gt;&gt;</a>&nbsp;&nbsp;&nbsp;GetBuf2Length
<LI><a href="#[54]">&gt;&gt;</a>&nbsp;&nbsp;&nbsp;Buf2Read
<LI><a href="#[58]">&gt;&gt;</a>&nbsp;&nbsp;&nbsp;__aeabi_memclr4
<LI><a href="#[55]">&gt;&gt;</a>&nbsp;&nbsp;&nbsp;__aeabi_memcpy4
</UL>
<BR>[Called By]<UL><LI><a href="#[2a]">&gt;&gt;</a>&nbsp;&nbsp;&nbsp;CMD_ProcessTask
</UL>

<P><STRONG><a name="[a9]"></a>Motor_PWM_Config</STRONG> (Thumb, 198 bytes, Stack size 72 bytes, motor_pwm.o(.text))
<BR><BR>[Stack]<UL><LI>Max Depth = 84<LI>Call Chain = Motor_PWM_Config &rArr; TIM_OC1Init
</UL>
<BR>[Calls]<UL><LI><a href="#[ac]">&gt;&gt;</a>&nbsp;&nbsp;&nbsp;TIM_OC1PreloadConfig
<LI><a href="#[ab]">&gt;&gt;</a>&nbsp;&nbsp;&nbsp;TIM_OC1Init
<LI><a href="#[aa]">&gt;&gt;</a>&nbsp;&nbsp;&nbsp;TIM_BDTRConfig
<LI><a href="#[ad]">&gt;&gt;</a>&nbsp;&nbsp;&nbsp;TIM_ARRPreloadConfig
<LI><a href="#[8f]">&gt;&gt;</a>&nbsp;&nbsp;&nbsp;TIM_TimeBaseInit
<LI><a href="#[92]">&gt;&gt;</a>&nbsp;&nbsp;&nbsp;TIM_Cmd
<LI><a href="#[a0]">&gt;&gt;</a>&nbsp;&nbsp;&nbsp;RCC_APB1PeriphClockCmd
<LI><a href="#[78]">&gt;&gt;</a>&nbsp;&nbsp;&nbsp;RCC_APB2PeriphClockCmd
</UL>
<BR>[Called By]<UL><LI><a href="#[4b]">&gt;&gt;</a>&nbsp;&nbsp;&nbsp;Motor_PWM_Init
</UL>

<P><STRONG><a name="[ae]"></a>Motor_PWM_GPIO_Config</STRONG> (Thumb, 100 bytes, Stack size 24 bytes, motor_pwm.o(.text))
<BR><BR>[Stack]<UL><LI>Max Depth = 44<LI>Call Chain = Motor_PWM_GPIO_Config &rArr; GPIO_Init
</UL>
<BR>[Calls]<UL><LI><a href="#[77]">&gt;&gt;</a>&nbsp;&nbsp;&nbsp;RCC_AHBPeriphClockCmd
<LI><a href="#[79]">&gt;&gt;</a>&nbsp;&nbsp;&nbsp;GPIO_PinAFConfig
<LI><a href="#[7a]">&gt;&gt;</a>&nbsp;&nbsp;&nbsp;GPIO_Init
</UL>
<BR>[Called By]<UL><LI><a href="#[4b]">&gt;&gt;</a>&nbsp;&nbsp;&nbsp;Motor_PWM_Init
</UL>

<P><STRONG><a name="[bb]"></a>TI2_Config</STRONG> (Thumb, 42 bytes, Stack size 20 bytes, stm32f0xx_tim.o(.text), UNUSED)
<BR><BR>[Called By]<UL><LI><a href="#[c1]">&gt;&gt;</a>&nbsp;&nbsp;&nbsp;TIM_TIxExternalClockConfig
<LI><a href="#[be]">&gt;&gt;</a>&nbsp;&nbsp;&nbsp;TIM_PWMIConfig
<LI><a href="#[b7]">&gt;&gt;</a>&nbsp;&nbsp;&nbsp;TIM_ICInit
</UL>

<P><STRONG><a name="[b9]"></a>TI1_Config</STRONG> (Thumb, 40 bytes, Stack size 16 bytes, stm32f0xx_tim.o(.text), UNUSED)
<BR><BR>[Called By]<UL><LI><a href="#[c1]">&gt;&gt;</a>&nbsp;&nbsp;&nbsp;TIM_TIxExternalClockConfig
<LI><a href="#[be]">&gt;&gt;</a>&nbsp;&nbsp;&nbsp;TIM_PWMIConfig
<LI><a href="#[b7]">&gt;&gt;</a>&nbsp;&nbsp;&nbsp;TIM_ICInit
</UL>

<P><STRONG><a name="[cc]"></a>RTC_ByteToBcd2</STRONG> (Thumb, 24 bytes, Stack size 0 bytes, stm32f0xx_rtc.o(.text), UNUSED)
<BR><BR>[Called By]<UL><LI><a href="#[d0]">&gt;&gt;</a>&nbsp;&nbsp;&nbsp;RTC_SetAlarm
<LI><a href="#[ce]">&gt;&gt;</a>&nbsp;&nbsp;&nbsp;RTC_SetDate
<LI><a href="#[ca]">&gt;&gt;</a>&nbsp;&nbsp;&nbsp;RTC_SetTime
</UL>

<P><STRONG><a name="[cb]"></a>RTC_Bcd2ToByte</STRONG> (Thumb, 16 bytes, Stack size 0 bytes, stm32f0xx_rtc.o(.text), UNUSED)
<BR><BR>[Called By]<UL><LI><a href="#[d2]">&gt;&gt;</a>&nbsp;&nbsp;&nbsp;RTC_GetTimeStamp
<LI><a href="#[d1]">&gt;&gt;</a>&nbsp;&nbsp;&nbsp;RTC_GetAlarm
<LI><a href="#[d0]">&gt;&gt;</a>&nbsp;&nbsp;&nbsp;RTC_SetAlarm
<LI><a href="#[cf]">&gt;&gt;</a>&nbsp;&nbsp;&nbsp;RTC_GetDate
<LI><a href="#[ce]">&gt;&gt;</a>&nbsp;&nbsp;&nbsp;RTC_SetDate
<LI><a href="#[cd]">&gt;&gt;</a>&nbsp;&nbsp;&nbsp;RTC_GetTime
<LI><a href="#[ca]">&gt;&gt;</a>&nbsp;&nbsp;&nbsp;RTC_SetTime
</UL>
<P>
<H3>
Undefined Global Symbols
</H3>
<P><STRONG><a name="[e7]"></a>_call_atexit_fns</STRONG> (ARM, 0 bytes, Stack size 0 bytes, UNDEFINED)
<BR><BR>[Called By]<UL><LI><a href="#[3a]">&gt;&gt;</a>&nbsp;&nbsp;&nbsp;exit
</UL>
<HR></body></html>
