Component: ARM Compiler 5.06 update 4 (build 422) Tool: armlink [4d35d2]

==============================================================================

Section Cross References

    main.o(.text) refers to delay.o(.text) for delay_init
    main.o(.text) refers to os_core.o(.text) for os_init
    main.o(.text) refers to key_led_task.o(.text) for EnterStopMode
    main.o(.text) refers to app.o(.text) for init_task
    stm32f0xx_it.o(.text) refers to stm32f0xx_tim.o(.text) for TIM_GetITStatus
    stm32f0xx_it.o(.text) refers to os_core.o(.text) for os_isr_ticks
    system_stm32f0xx.o(.text) refers to aeabi_sdiv.o(.text) for __aeabi_uidivmod
    system_stm32f0xx.o(.text) refers to stm32f0xx_rcc.o(.text) for RCC_MCOConfig
    system_stm32f0xx.o(.text) refers to system_stm32f0xx.o(.data) for .data
    iwtdg.o(.text) refers to stm32f0xx_iwdg.o(.text) for IWDG_WriteAccessCmd
    app.o(.text) refers to hardware.o(.text) for init_hardware
    app.o(.text) refers to motor_pwm.o(.text) for Motor_PWM_Init
    app.o(.text) refers to fifo.o(.text) for fifoInit
    app.o(.text) refers to serial_port.o(.text) for UARTInit
    app.o(.text) refers to cmd_receive.o(.text) for Init_Receive
    app.o(.text) refers to os_core.o(.text) for os_create_task
    app.o(.text) refers to hardware.o(.data) for zero_point_of_pressure_sensor
    app.o(.text) refers to comm_task.o(.bss) for send_buf
    app.o(.text) refers to comm_task.o(.bss) for send_fifo
    app.o(.text) refers to comm_task.o(.text) for TaskDataSend
    app.o(.text) refers to key_led_task.o(.text) for key_led_task
    comm_task.o(.text) refers to cmd_receive.o(.text) for GetBuf2Length
    comm_task.o(.text) refers to rt_memcpy.o(.emb_text) for __aeabi_memcpy4
    comm_task.o(.text) refers to protocol_module.o(.text) for protocol_module_process
    comm_task.o(.text) refers to delay.o(.text) for delay_ms
    comm_task.o(.text) refers to rt_memclr.o(.text) for __aeabi_memclr4
    comm_task.o(.text) refers to fifo.o(.text) for fifoReadData
    comm_task.o(.text) refers to serial_port.o(.text) for UartSendNBytes
    comm_task.o(.text) refers to os_core.o(.text) for os_delay_ms
    comm_task.o(.text) refers to hardware.o(.text) for set_led
    comm_task.o(.text) refers to motor_pwm.o(.text) for Motor_PWM_Freq_Dudy_Set
    comm_task.o(.text) refers to common.o(.text) for Delay_ms
    comm_task.o(.text) refers to iwtdg.o(.text) for IWDG_Feed
    comm_task.o(.text) refers to key_led_task.o(.text) for EnterStopMode
    comm_task.o(.text) refers to i2c.o(.text) for ADS115_cfg4ThermalCheck
    comm_task.o(.text) refers to comm_task.o(.data) for .data
    comm_task.o(.text) refers to comm_task.o(.bss) for .bss
    comm_task.o(.text) refers to os_core.o(.data) for os_ticks
    comm_task.o(.text) refers to key_led_task.o(.data) for led_state
    comm_task.o(.text) refers to rt_memcpy.o(.text) for __aeabi_memcpy
    comm_task.o(.text) refers to main.o(.constdata) for default_parameter_buf
    comm_task.o(.text) refers to hardware.o(.data) for zero_point_of_pressure_sensor
    key_led_task.o(.text) refers to stm32f0xx_rcc.o(.text) for RCC_AHBPeriphClockCmd
    key_led_task.o(.text) refers to stm32f0xx_gpio.o(.text) for GPIO_Init
    key_led_task.o(.text) refers to stm32f0xx_syscfg.o(.text) for SYSCFG_EXTILineConfig
    key_led_task.o(.text) refers to stm32f0xx_exti.o(.text) for EXTI_Init
    key_led_task.o(.text) refers to stm32f0xx_misc.o(.text) for NVIC_Init
    key_led_task.o(.text) refers to delay.o(.text) for delay_ms
    key_led_task.o(.text) refers to comm_task.o(.text) for init_PWMState
    key_led_task.o(.text) refers to iwtdg.o(.text) for Init_iWtdg
    key_led_task.o(.text) refers to os_core.o(.text) for os_init
    key_led_task.o(.text) refers to system_stm32f0xx.o(.text) for SystemInit
    key_led_task.o(.text) refers to app.o(.text) for init_task
    key_led_task.o(.text) refers to stm32f0xx_dma.o(.text) for DMA_Cmd
    key_led_task.o(.text) refers to stm32f0xx_adc.o(.text) for ADC_DMACmd
    key_led_task.o(.text) refers to stm32f0xx_usart.o(.text) for USART_Cmd
    key_led_task.o(.text) refers to i2c.o(.text) for ADS115_enter_power_down_mode
    key_led_task.o(.text) refers to stm32f0xx_pwr.o(.text) for PWR_EnterSTOPMode
    key_led_task.o(.text) refers to hardware.o(.text) for set_led
    key_led_task.o(.text) refers to motor_pwm.o(.text) for Motor_PWM_Freq_Dudy_Set
    key_led_task.o(.text) refers to common.o(.text) for Delay_ms
    key_led_task.o(.text) refers to key_led_task.o(.data) for .data
    key_led_task.o(.text) refers to comm_task.o(.data) for state
    key_led_task.o(.text) refers to os_core.o(.data) for os_ticks
    key_led_task.o(.text) refers to hardware.o(.data) for RegularConvData_Tab
    protocol_module.o(.text) refers to comm_task.o(.text) for CalcCheckSum
    protocol_module.o(.text) refers to fifo.o(.text) for fifoWriteData
    protocol_module.o(.text) refers to rt_memclr.o(.text) for __aeabi_memclr
[...]
    ..\\OS\\os_core.c                        0x00000000   Number         0  os_core.o ABSOLUTE
    ..\\STM32F03x_FWLib\\src\\stm32f0xx_adc.c 0x00000000   Number         0  stm32f0xx_adc.o ABSOLUTE
    ..\\STM32F03x_FWLib\\src\\stm32f0xx_dma.c 0x00000000   Number         0  stm32f0xx_dma.o ABSOLUTE
    ..\\STM32F03x_FWLib\\src\\stm32f0xx_exti.c 0x00000000   Number         0  stm32f0xx_exti.o ABSOLUTE
    ..\\STM32F03x_FWLib\\src\\stm32f0xx_flash.c 0x00000000   Number         0  stm32f0xx_flash.o ABSOLUTE
    ..\\STM32F03x_FWLib\\src\\stm32f0xx_gpio.c 0x00000000   Number         0  stm32f0xx_gpio.o ABSOLUTE
    ..\\STM32F03x_FWLib\\src\\stm32f0xx_iwdg.c 0x00000000   Number         0  stm32f0xx_iwdg.o ABSOLUTE
    ..\\STM32F03x_FWLib\\src\\stm32f0xx_misc.c 0x00000000   Number         0  stm32f0xx_misc.o ABSOLUTE
    ..\\STM32F03x_FWLib\\src\\stm32f0xx_pwr.c 0x00000000   Number         0  stm32f0xx_pwr.o ABSOLUTE
    ..\\STM32F03x_FWLib\\src\\stm32f0xx_rcc.c 0x00000000   Number         0  stm32f0xx_rcc.o ABSOLUTE
    ..\\STM32F03x_FWLib\\src\\stm32f0xx_syscfg.c 0x00000000   Number         0  stm32f0xx_syscfg.o ABSOLUTE
    ..\\STM32F03x_FWLib\\src\\stm32f0xx_tim.c 0x00000000   Number         0  stm32f0xx_tim.o ABSOLUTE
    ..\\STM32F03x_FWLib\\src\\stm32f0xx_usart.c 0x00000000   Number         0  stm32f0xx_usart.o ABSOLUTE
    ..\\SYSTEM\\cmd\\CMD_Receive.c           0x00000000   Number         0  cmd_receive.o ABSOLUTE
    ..\\SYSTEM\\delay.c                      0x00000000   Number         0  delay.o ABSOLUTE
    ..\\SYSTEM\\serial_port.c                0x00000000   Number         0  serial_port.o ABSOLUTE
    dc.s                                     0x00000000   Number         0  dc.o ABSOLUTE
    iwtdg.c                                  0x00000000   Number         0  iwtdg.o ABSOLUTE
    iwtdg.c                                  0x00000000   Number         0  iwtdg.o ABSOLUTE
    main.c                                   0x00000000   Number         0  main.o ABSOLUTE
    main.c                                   0x00000000   Number         0  main.o ABSOLUTE
    stm32f0xx_it.c                           0x00000000   Number         0  stm32f0xx_it.o ABSOLUTE
    stm32f0xx_it.c                           0x00000000   Number         0  stm32f0xx_it.o ABSOLUTE
    system_stm32f0xx.c                       0x00000000   Number         0  system_stm32f0xx.o ABSOLUTE
    system_stm32f0xx.c                       0x00000000   Number         0  system_stm32f0xx.o ABSOLUTE
    RESET                                    0x08000000   Section      192  startup_stm32f0xx.o(RESET)
    !!!main                                  0x080000c0   Section        8  __main.o(!!!main)
    !!!scatter                               0x080000c8   Section       60  __scatter.o(!!!scatter)
    !!handler_copy                           0x08000104   Section       26  __scatter_copy.o(!!handler_copy)
    !!handler_zi                             0x08000120   Section       28  __scatter_zi.o(!!handler_zi)
    .ARM.Collect$$libinit$$00000000          0x0800013c   Section        2  libinit.o(.ARM.Collect$$libinit$$00000000)
    .ARM.Collect$$libinit$$00000002          0x0800013e   Section        0  libinit2.o(.ARM.Collect$$libinit$$00000002)
    .ARM.Collect$$libinit$$00000004          0x0800013e   Section        0  libinit2.o(.ARM.Collect$$libinit$$00000004)
    .ARM.Collect$$libinit$$0000000A          0x0800013e   Section        0  libinit2.o(.ARM.Collect$$libinit$$0000000A)
    .ARM.Collect$$libinit$$0000000C          0x0800013e   Section        0  libinit2.o(.ARM.Collect$$libinit$$0000000C)
    .ARM.Collect$$libinit$$0000000E          0x0800013e   Section        0  libinit2.o(.ARM.Collect$$libinit$$0000000E)
    .ARM.Collect$$libinit$$00000011          0x0800013e   Section        0  libinit2.o(.ARM.Collect$$libinit$$00000011)
    .ARM.Collect$$libinit$$00000013          0x0800013e   Section        0  libinit2.o(.ARM.Collect$$libinit$$00000013)
    .ARM.Collect$$libinit$$00000015          0x0800013e   Section        0  libinit2.o(.ARM.Collect$$libinit$$00000015)
    .ARM.Collect$$libinit$$00000017          0x0800013e   Section        0  libinit2.o(.ARM.Collect$$libinit$$00000017)
    .ARM.Collect$$libinit$$00000019          0x0800013e   Section        0  libinit2.o(.ARM.Collect$$libinit$$00000019)
    .ARM.Collect$$libinit$$0000001B          0x0800013e   Section        0  libinit2.o(.ARM.Collect$$libinit$$0000001B)
    .ARM.Collect$$libinit$$0000001D          0x0800013e   Section        0  libinit2.o(.ARM.Collect$$libinit$$0000001D)
    .ARM.Collect$$libinit$$0000001F          0x0800013e   Section        0  libinit2.o(.ARM.Collect$$libinit$$0000001F)
    .ARM.Collect$$libinit$$00000021          0x0800013e   Section        0  libinit2.o(.ARM.Collect$$libinit$$00000021)
    .ARM.Collect$$libinit$$00000023          0x0800013e   Section        0  libinit2.o(.ARM.Collect$$libinit$$00000023)
    .ARM.Collect$$libinit$$00000025          0x0800013e   Section        0  libinit2.o(.ARM.Collect$$libinit$$00000025)
    .ARM.Collect$$libinit$$0000002C          0x0800013e   Section        0  libinit2.o(.ARM.Collect$$libinit$$0000002C)
    .ARM.Collect$$libinit$$0000002E          0x0800013e   Section        0  libinit2.o(.ARM.Collect$$libinit$$0000002E)
    .ARM.Collect$$libinit$$00000030          0x0800013e   Section        0  libinit2.o(.ARM.Collect$$libinit$$00000030)
    .ARM.Collect$$libinit$$00000032          0x0800013e   Section        0  libinit2.o(.ARM.Collect$$libinit$$00000032)
    .ARM.Collect$$libinit$$00000033          0x0800013e   Section        2  libinit2.o(.ARM.Collect$$libinit$$00000033)
    .ARM.Collect$$libshutdown$$00000000      0x08000140   Section        2  libshutdown.o(.ARM.Collect$$libshutdown$$00000000)
    .ARM.Collect$$libshutdown$$00000002      0x08000142   Section        0  libshutdown2.o(.ARM.Collect$$libshutdown$$00000002)
    .ARM.Collect$$libshutdown$$00000004      0x08000142   Section        0  libshutdown2.o(.ARM.Collect$$libshutdown$$00000004)
    .ARM.Collect$$libshutdown$$00000007      0x08000142   Section        0  libshutdown2.o(.ARM.Collect$$libshutdown$$00000007)
    .ARM.Collect$$libshutdown$$0000000A      0x08000142   Section        0  libshutdown2.o(.ARM.Collect$$libshutdown$$0000000A)
    .ARM.Collect$$libshutdown$$0000000C      0x08000142   Section        0  libshutdown2.o(.ARM.Collect$$libshutdown$$0000000C)
    .ARM.Collect$$libshutdown$$0000000F      0x08000142   Section        0  libshutdown2.o(.ARM.Collect$$libshutdown$$0000000F)
    .ARM.Collect$$libshutdown$$00000010      0x08000142   Section        2  libshutdown2.o(.ARM.Collect$$libshutdown$$00000010)
    .ARM.Collect$$rtentry$$00000000          0x08000144   Section        0  __rtentry.o(.ARM.Collect$$rtentry$$00000000)
    .ARM.Collect$$rtentry$$00000002          0x08000144   Section        0  __rtentry2.o(.ARM.Collect$$rtentry$$00000002)
    .ARM.Collect$$rtentry$$00000004          0x08000144   Section        6  __rtentry4.o(.ARM.Collect$$rtentry$$00000004)
    .ARM.Collect$$rtentry$$00000009          0x0800014a   Section        0  __rtentry2.o(.ARM.Collect$$rtentry$$00000009)
    .ARM.Collect$$rtentry$$0000000A          0x0800014a   Section        4  __rtentry2.o(.ARM.Collect$$rtentry$$0000000A)
    .ARM.Collect$$rtentry$$0000000C          0x0800014e   Section        0  __rtentry2.o(.ARM.Collect$$rtentry$$0000000C)
    .ARM.Collect$$rtentry$$0000000D          0x0800014e   Section        8  __rtentry2.o(.ARM.Collect$$rtentry$$0000000D)
    .ARM.Collect$$rtexit$$00000000           0x08000156   Section        2  rtexit.o(.ARM.Collect$$rtexit$$00000000)
    .ARM.Collect$$rtexit$$00000002           0x08000158   Section        0  rtexit2.o(.ARM.Collect$$rtexit$$00000002)
    .ARM.Collect$$rtexit$$00000003           0x08000158   Section        4  rtexit2.o(.ARM.Collect$$rtexit$$00000003)
    .ARM.Collect$$rtexit$$00000004           0x0800015c   Section        6  rtexit2.o(.ARM.Collect$$rtexit$$00000004)
    .emb_text                                0x08000164   Section       56  rt_memcpy.o(.emb_text)
    .text                                    0x0800019c   Section        0  main.o(.text)
    .text                                    0x080001c4   Section        0  stm32f0xx_it.o(.text)
    .text                                    0x080001f0   Section        0  system_stm32f0xx.o(.text)
    SetSysClock                              0x0800029f   Thumb Code   114  system_stm32f0xx.o(.text)
    .text                                    0x0800032c   Section        0  iwtdg.o(.text)
    .text                                    0x0800035c   Section        0  app.o(.text)
    .text                                    0x0800040c   Section        0  comm_task.o(.text)
    ModuleUnPackFrame                        0x08000465   Thumb Code   192  comm_task.o(.text)
    .text                                    0x08000d34   Section        0  key_led_task.o(.text)
    .text                                    0x080010d8   Section        0  protocol_module.o(.text)
    .text                                    0x08001654   Section        0  common.o(.text)
    .text                                    0x08001674   Section        0  delay.o(.text)
    .text                                    0x08001704   Section        0  fifo.o(.text)
    .text                                    0x080017aa   Section        0  cmd_receive.o(.text)
    .text                                    0x0800183c   Section        0  serial_port.o(.text)
    .text                                    0x0800195c   Section        0  i2c.o(.text)
    .text                                    0x08001c10   Section        0  hardware.o(.text)
    .text                                    0x08001f2c   Section        0  motor_pwm.o(.text)
    Motor_PWM_Config                         0x08001f2d   Thumb Code   198  motor_pwm.o(.text)
    Motor_PWM_GPIO_Config                    0x0800207d   Thumb Code   100  motor_pwm.o(.text)
    .text                                    0x080020fc   Section        0  os_core.o(.text)
    .text                                    0x080021b0   Section       56  startup_stm32f0xx.o(.text)
    .text                                    0x080021e8   Section        0  stm32f0xx_gpio.o(.text)
    .text                                    0x08002344   Section        0  stm32f0xx_rcc.o(.text)
    .text                                    0x08002750   Section        0  stm32f0xx_misc.o(.text)
    .text                                    0x080027cc   Section        0  stm32f0xx_usart.o(.text)
    .text                                    0x08002c30   Section        0  stm32f0xx_tim.o(.text)
    TI2_Config                               0x08003215   Thumb Code    42  stm32f0xx_tim.o(.text)
    TI1_Config                               0x0800324f   Thumb Code    40  stm32f0xx_tim.o(.text)
    .text                                    0x0800354c   Section        0  stm32f0xx_dma.o(.text)
    .text                                    0x08003670   Section        0  stm32f0xx_pwr.o(.text)
    .text                                    0x08003750   Section        0  stm32f0xx_flash.o(.text)
    .text                                    0x08003b9c   Section        0  stm32f0xx_adc.o(.text)
    .text                                    0x08003dc0   Section        0  stm32f0xx_exti.o(.text)
    .text                                    0x08003e94   Section        0  stm32f0xx_syscfg.o(.text)
    .text                                    0x08003f2c   Section        0  stm32f0xx_iwdg.o(.text)
    .text                                    0x08003f70   Section        0  rt_memcpy.o(.text)
    .text                                    0x08003ff2   Section        0  rt_memclr.o(.text)
    .text                                    0x08004032   Section      346  aeabi_sdiv.o(.text)
    .text                                    0x0800418c   Section        0  heapauxi.o(.text)
    .text                                    0x08004192   Section       62  sys_stackheap_outer.o(.text)
    .text                                    0x080041d0   Section        0  exit.o(.text)
    .text                                    0x080041e0   Section        8  libspace.o(.text)
    .text                                    0x080041e8   Section        0  sys_exit.o(.text)
    .text                                    0x080041f4   Section        2  use_no_semi.o(.text)
    .constdata                               0x080041f6   Section      436  main.o(.constdata)
    .text                                    0x080041f6   Section        0  indicate_semi.o(.text)
    .data                                    0x20000000   Section       20  system_stm32f0xx.o(.data)
    .data                                    0x20000014   Section      104  comm_task.o(.data)
    PWM1_timing_flag                         0x20000014   Data           1  comm_task.o(.data)
    PWM2_timing_flag                         0x20000015   Data           1  comm_task.o(.data)
    PWM3_timing_flag                         0x20000016   Data           1  comm_task.o(.data)
    waitBeforeStart_timing_flag              0x20000017   Data           1  comm_task.o(.data)
    sPacketHeadFlag                          0x20000026   Data           1  comm_task.o(.data)
    sPacketLenFlag                           0x20000027   Data           1  comm_task.o(.data)
    sCurPacketLen                            0x20000028   Data           1  comm_task.o(.data)
    sResetByte                               0x20000029   Data           1  comm_task.o(.data)
    switch_mode_cnt                          0x2000002a   Data           1  comm_task.o(.data)
    b_timing_flag                            0x2000004c   Data           4  comm_task.o(.data)
    p_pwm_state                              0x20000064   Data           4  comm_task.o(.data)
    p_PWM_period_cnt                         0x20000068   Data           4  comm_task.o(.data)
    p_PWM_waitBetween_cnt                    0x2000006c   Data           4  comm_task.o(.data)
    p_PWM_waitAfter_cnt                      0x20000070   Data           4  comm_task.o(.data)
    p_PWM_numOfCycle                         0x20000074   Data           4  comm_task.o(.data)
    p_PWM_serial_cnt                         0x20000078   Data           4  comm_task.o(.data)
    .data                                    0x2000007c   Section        2  comm_task.o(.data)
    .data                                    0x2000007e   Section        4  key_led_task.o(.data)
    .data                                    0x20000082   Section       10  protocol_module.o(.data)
    .data                                    0x2000008c   Section        2  common.o(.data)
    .data                                    0x2000008e   Section        4  delay.o(.data)
    fac_us                                   0x2000008e   Data           1  delay.o(.data)
    fac_ms                                   0x20000090   Data           2  delay.o(.data)
    .data                                    0x20000092   Section        2  i2c.o(.data)
    data1                                    0x20000092   Data           1  i2c.o(.data)
    data2                                    0x20000093   Data           1  i2c.o(.data)
    .data                                    0x20000094   Section        4  hardware.o(.data)
    .data                                    0x20000098   Section        2  hardware.o(.data)
    .data                                    0x2000009c   Section        8  os_core.o(.data)
    index                                    0x200000a0   Data           4  os_core.o(.data)
    .data                                    0x200000a4   Section       16  stm32f0xx_rcc.o(.data)
    APBAHBPrescTable                         0x200000a4   Data          16  stm32f0xx_rcc.o(.data)
    .bss                                     0x200000b4   Section     1339  comm_task.o(.bss)
    pwm1_buffer                              0x2000055c   Data          49  comm_task.o(.bss)
    pwm2_buffer                              0x2000058d   Data          49  comm_task.o(.bss)
    pwm3_buffer                              0x200005be   Data          49  comm_task.o(.bss)
    .bss                                     0x200005ef   Section      248  comm_task.o(.bss)
    .bss                                     0x200006e7   Section      436  comm_task.o(.bss)
    .bss                                     0x2000089c   Section      120  os_core.o(.bss)
    .bss                                     0x20000914   Section       96  libspace.o(.bss)
    HEAP                                     0x20000978   Section      512  startup_stm32f0xx.o(HEAP)
    Heap_Mem                                 0x20000978   Data         512  startup_stm32f0xx.o(HEAP)
    STACK                                    0x20000b78   Section     1024  startup_stm32f0xx.o(STACK)
    Stack_Mem                                0x20000b78   Data        1024  startup_stm32f0xx.o(STACK)
    __initial_sp                             0x20000f78   Data           0  startup_stm32f0xx.o(STACK)

    Global Symbols

    Symbol Name                              Value     Ov Type        Size  Object(Section)

    BuildAttributes$$THM_ISAv3M$S$PE$A:L22$X:L11$S22$IEEE1$IW$USESV6$~STKCKD$USESV7$~SHL$OSPACE$ROPI$EBA8$UX$STANDARDLIB$REQ8$PRES8$EABIv2 0x00000000   Number         0  anon$$obj.o ABSOLUTE
    __ARM_use_no_argv                        0x00000000   Number         0  main.o ABSOLUTE
    __ARM_exceptions_init                     - Undefined Weak Reference
    __alloca_initialize                       - Undefined Weak Reference
    __arm_preinit_                            - Undefined Weak Reference
    __cpp_initialize__aeabi_                  - Undefined Weak Reference
    __cxa_finalize                            - Undefined Weak Reference
    __rt_locale                               - Undefined Weak Reference
    __sigvec_lookup                           - Undefined Weak Reference
    _atexit_init                              - Undefined Weak Reference
    _call_atexit_fns                          - Undefined Weak Reference
    _clock_init                               - Undefined Weak Reference
    _fp_trap_init                             - Undefined Weak Reference
    _fp_trap_shutdown                         - Undefined Weak Reference
    _get_lc_collate                           - Undefined Weak Reference
    _get_lc_ctype                             - Undefined Weak Reference
    _get_lc_monetary                          - Undefined Weak Reference
    _get_lc_numeric                           - Undefined Weak Reference
    _get_lc_time                              - Undefined Weak Reference
    _getenv_init                              - Undefined Weak Reference
    _handle_redirection                       - Undefined Weak Reference
    _init_alloc                               - Undefined Weak Reference
    _init_user_alloc                          - Undefined Weak Reference
    _initio                                   - Undefined Weak Reference
    _rand_init                                - Undefined Weak Reference
    _signal_finish                            - Undefined Weak Reference
    _signal_init                              - Undefined Weak Reference
    _terminate_alloc                          - Undefined Weak Reference
    _terminate_user_alloc                     - Undefined Weak Reference
    _terminateio                              - Undefined Weak Reference
    __Vectors_Size                           0x000000c0   Number         0  startup_stm32f0xx.o ABSOLUTE
    __Vectors                                0x08000000   Data           4  startup_stm32f0xx.o(RESET)
    __Vectors_End                            0x080000c0   Data           0  startup_stm32f0xx.o(RESET)
    __main                                   0x080000c1   Thumb Code     8  __main.o(!!!main)
    __scatterload                            0x080000c9   Thumb Code     0  __scatter.o(!!!scatter)
    __scatterload_rt2                        0x080000c9   Thumb Code    52  __scatter.o(!!!scatter)
    __scatterload_rt2_thumb_only             0x080000c9   Thumb Code     0  __scatter.o(!!!scatter)
    __scatterload_null                       0x080000d9   Thumb Code     0  __scatter.o(!!!scatter)
    __scatterload_copy                       0x08000105   Thumb Code    26  __scatter_copy.o(!!handler_copy)
    __scatterload_zeroinit                   0x08000121   Thumb Code    28  __scatter_zi.o(!!handler_zi)
    __rt_lib_init                            0x0800013d   Thumb Code     0  libinit.o(.ARM.Collect$$libinit$$00000000)
    __rt_lib_init_alloca_1                   0x0800013f   Thumb Code     0  libinit2.o(.ARM.Collect$$libinit$$0000002E)
    __rt_lib_init_argv_1                     0x0800013f   Thumb Code     0  libinit2.o(.ARM.Collect$$libinit$$0000002C)
    __rt_lib_init_atexit_1                   0x0800013f   Thumb Code     0  libinit2.o(.ARM.Collect$$libinit$$0000001B)
    __rt_lib_init_clock_1                    0x0800013f   Thumb Code     0  libinit2.o(.ARM.Collect$$libinit$$00000021)
    __rt_lib_init_cpp_1                      0x0800013f   Thumb Code     0  libinit2.o(.ARM.Collect$$libinit$$00000032)
    __rt_lib_init_exceptions_1               0x0800013f   Thumb Code     0  libinit2.o(.ARM.Collect$$libinit$$00000030)
    __rt_lib_init_fp_1                       0x0800013f   Thumb Code     0  libinit2.o(.ARM.Collect$$libinit$$00000002)
    __rt_lib_init_fp_trap_1                  0x0800013f   Thumb Code     0  libinit2.o(.ARM.Collect$$libinit$$0000001F)
    __rt_lib_init_getenv_1                   0x0800013f   Thumb Code     0  libinit2.o(.ARM.Collect$$libinit$$00000023)
    __rt_lib_init_heap_1                     0x0800013f   Thumb Code     0  libinit2.o(.ARM.Collect$$libinit$$0000000A)
    __rt_lib_init_lc_collate_1               0x0800013f   Thumb Code     0  libinit2.o(.ARM.Collect$$libinit$$00000011)
    __rt_lib_init_lc_ctype_1                 0x0800013f   Thumb Code     0  libinit2.o(.ARM.Collect$$libinit$$00000013)
    __rt_lib_init_lc_monetary_1              0x0800013f   Thumb Code     0  libinit2.o(.ARM.Collect$$libinit$$00000015)
    __rt_lib_init_lc_numeric_1               0x0800013f   Thumb Code     0  libinit2.o(.ARM.Collect$$libinit$$00000017)
    __rt_lib_init_lc_time_1                  0x0800013f   Thumb Code     0  libinit2.o(.ARM.Collect$$libinit$$00000019)
    __rt_lib_init_preinit_1                  0x0800013f   Thumb Code     0  libinit2.o(.ARM.Collect$$libinit$$00000004)
    __rt_lib_init_rand_1                     0x0800013f   Thumb Code     0  libinit2.o(.ARM.Collect$$libinit$$0000000E)
    __rt_lib_init_return                     0x0800013f   Thumb Code     0  libinit2.o(.ARM.Collect$$libinit$$00000033)
    __rt_lib_init_signal_1                   0x0800013f   Thumb Code     0  libinit2.o(.ARM.Collect$$libinit$$0000001D)
    __rt_lib_init_stdio_1                    0x0800013f   Thumb Code     0  libinit2.o(.ARM.Collect$$libinit$$00000025)
    __rt_lib_init_user_alloc_1               0x0800013f   Thumb Code     0  libinit2.o(.ARM.Collect$$libinit$$0000000C)
    __rt_lib_shutdown                        0x08000141   Thumb Code     0  libshutdown.o(.ARM.Collect$$libshutdown$$00000000)
    __rt_lib_shutdown_cpp_1                  0x08000143   Thumb Code     0  libshutdown2.o(.ARM.Collect$$libshutdown$$00000002)
    __rt_lib_shutdown_fp_trap_1              0x08000143   Thumb Code     0  libshutdown2.o(.ARM.Collect$$libshutdown$$00000007)
    __rt_lib_shutdown_heap_1                 0x08000143   Thumb Code     0  libshutdown2.o(.ARM.Collect$$libshutdown$$0000000F)
    __rt_lib_shutdown_return                 0x08000143   Thumb Code     0  libshutdown2.o(.ARM.Collect$$libshutdown$$00000010)
    __rt_lib_shutdown_signal_1               0x08000143   Thumb Code     0  libshutdown2.o(.ARM.Collect$$libshutdown$$0000000A)
    __rt_lib_shutdown_stdio_1                0x08000143   Thumb Code     0  libshutdown2.o(.ARM.Collect$$libshutdown$$00000004)
    __rt_lib_shutdown_user_alloc_1           0x08000143   Thumb Code     0  libshutdown2.o(.ARM.Collect$$libshutdown$$0000000C)
    __rt_entry                               0x08000145   Thumb Code     0  __rtentry.o(.ARM.Collect$$rtentry$$00000000)
    __rt_entry_presh_1                       0x08000145   Thumb Code     0  __rtentry2.o(.ARM.Collect$$rtentry$$00000002)
    __rt_entry_sh                            0x08000145   Thumb Code     0  __rtentry4.o(.ARM.Collect$$rtentry$$00000004)
    __rt_entry_li                            0x0800014b   Thumb Code     0  __rtentry2.o(.ARM.Collect$$rtentry$$0000000A)
    __rt_entry_postsh_1                      0x0800014b   Thumb Code     0  __rtentry2.o(.ARM.Collect$$rtentry$$00000009)
    __rt_entry_main                          0x0800014f   Thumb Code     0  __rtentry2.o(.ARM.Collect$$rtentry$$0000000D)
    __rt_entry_postli_1                      0x0800014f   Thumb Code     0  __rtentry2.o(.ARM.Collect$$rtentry$$0000000C)
    __rt_exit                                0x08000157   Thumb Code     0  rtexit.o(.ARM.Collect$$rtexit$$00000000)
    __rt_exit_ls                             0x08000159   Thumb Code     0  rtexit2.o(.ARM.Collect$$rtexit$$00000003)
    __rt_exit_prels_1                        0x08000159   Thumb Code     0  rtexit2.o(.ARM.Collect$$rtexit$$00000002)
    __rt_exit_exit                           0x0800015d   Thumb Code     0  rtexit2.o(.ARM.Collect$$rtexit$$00000004)
    __aeabi_memcpy4                          0x08000165   Thumb Code    56  rt_memcpy.o(.emb_text)
    __aeabi_memcpy8                          0x08000165   Thumb Code     0  rt_memcpy.o(.emb_text)
    main                                     0x0800019d   Thumb Code    36  main.o(.text)
    NMI_Handler                              0x080001c5   Thumb Code     2  stm32f0xx_it.o(.text)
    HardFault_Handler                        0x080001c7   Thumb Code     2  stm32f0xx_it.o(.text)
    SVC_Handler                              0x080001c9   Thumb Code     2  stm32f0xx_it.o(.text)
    PendSV_Handler                           0x080001cb   Thumb Code     2  stm32f0xx_it.o(.text)
    SysTick_Handler                          0x080001cd   Thumb Code     2  stm32f0xx_it.o(.text)
    TIM16_IRQHandler                         0x080001cf   Thumb Code    30  stm32f0xx_it.o(.text)
    SystemInit                               0x080001f1   Thumb Code    84  system_stm32f0xx.o(.text)
    SystemCoreClockUpdate                    0x08000245   Thumb Code    90  system_stm32f0xx.o(.text)
    Init_iWtdg                               0x0800032d   Thumb Code    34  iwtdg.o(.text)
    IWDG_Feed                                0x0800034f   Thumb Code     8  iwtdg.o(.text)
    init_task                                0x0800035d   Thumb Code   120  app.o(.text)
    test_task                                0x080003d5   Thumb Code    12  app.o(.text)
    init_PWMState                            0x0800040d   Thumb Code    54  comm_task.o(.text)
    CalcCheckSum                             0x08000443   Thumb Code    34  comm_task.o(.text)
    TaskDataSend                             0x08000525   Thumb Code    56  comm_task.o(.text)
    Is_timing_Xmillisec                      0x0800055d   Thumb Code   122  comm_task.o(.text)
    bat_check                                0x080005d7   Thumb Code   188  comm_task.o(.text)
    adc_value_sample                         0x08000693   Thumb Code   232  comm_task.o(.text)
    get_switch_mode                          0x0800077b   Thumb Code    84  comm_task.o(.text)
    PaintPWM                                 0x080007cf   Thumb Code   484  comm_task.o(.text)
    ResetParameter                           0x080009b3   Thumb Code    32  comm_task.o(.text)
    CheckFlashData                           0x080009d3   Thumb Code    90  comm_task.o(.text)
    FillUpPWMbuffer                          0x08000a2d   Thumb Code    52  comm_task.o(.text)
    get_pressure_sensor_rate                 0x08000a61   Thumb Code    44  comm_task.o(.text)
    check_selectedMode_ouputPWM              0x08000a8d   Thumb Code   646  comm_task.o(.text)
    CMD_ProcessTask                          0x08000d13   Thumb Code    22  comm_task.o(.text)
    CfgPA0ASWFI                              0x08000d35   Thumb Code   102  key_led_task.o(.text)
    Check_wakeUpKey_pressed                  0x08000d9b   Thumb Code    60  key_led_task.o(.text)
    EXTI0_1_IRQHandler                       0x08000dd7   Thumb Code    72  key_led_task.o(.text)
    init_system_afterWakeUp                  0x08000e1f   Thumb Code    34  key_led_task.o(.text)
    CfgALLPins4StopMode                      0x08000e41   Thumb Code   242  key_led_task.o(.text)
    EnterStopMode                            0x08000f33   Thumb Code    66  key_led_task.o(.text)
    Check_Bat                                0x08000f75   Thumb Code    44  key_led_task.o(.text)
    key_led_task                             0x08000fa1   Thumb Code   242  key_led_task.o(.text)
    protocol_module_send_train_data_check_sum 0x080010d9   Thumb Code    58  protocol_module.o(.text)
    get_comm_para_to_buf                     0x08001113   Thumb Code    48  protocol_module.o(.text)
    FlashWrite                               0x08001143   Thumb Code    80  protocol_module.o(.text)
    get_parameter_to_buf_by_frameId          0x08001193   Thumb Code   458  protocol_module.o(.text)
    send_para_rcv_result                     0x0800135d   Thumb Code    48  protocol_module.o(.text)
    FlashReadWord                            0x0800138d   Thumb Code     4  protocol_module.o(.text)
    FlashRead                                0x08001391   Thumb Code    26  protocol_module.o(.text)
    send_prameter_fram1_to_PC                0x080013ab   Thumb Code   118  protocol_module.o(.text)
    send_prameter_fram2_to_PC                0x08001421   Thumb Code    76  protocol_module.o(.text)
    FlashReadByte                            0x0800146d   Thumb Code     4  protocol_module.o(.text)
    GetModeSelected                          0x08001471   Thumb Code    34  protocol_module.o(.text)
    abs_                                     0x08001493   Thumb Code    14  protocol_module.o(.text)
    cal_pressure_rate                        0x080014a1   Thumb Code   100  protocol_module.o(.text)
    send_cal_reslut_2_PC                     0x08001505   Thumb Code   134  protocol_module.o(.text)
    calibrate_sensor_by_ID                   0x0800158b   Thumb Code    64  protocol_module.o(.text)
    protocol_module_process                  0x080015cb   Thumb Code   122  protocol_module.o(.text)
    Delay                                    0x08001655   Thumb Code    10  common.o(.text)
    Delay_us                                 0x0800165f   Thumb Code     8  common.o(.text)
    Delay_ms                                 0x08001667   Thumb Code    10  common.o(.text)
    delay_init                               0x08001675   Thumb Code    36  delay.o(.text)
    delay_us                                 0x08001699   Thumb Code    46  delay.o(.text)
    delay_ms                                 0x080016c7   Thumb Code    46  delay.o(.text)
    fifoInit                                 0x08001705   Thumb Code    14  fifo.o(.text)
    fifoReset                                0x08001713   Thumb Code    10  fifo.o(.text)
    fifoIsFull                               0x0800171d   Thumb Code    16  fifo.o(.text)
    fifoCnt                                  0x0800172d   Thumb Code     4  fifo.o(.text)
    fifoWriteData                            0x08001731   Thumb Code    64  fifo.o(.text)
    fifoReadData                             0x08001771   Thumb Code    58  fifo.o(.text)
    Init_Receive                             0x080017ab   Thumb Code    14  cmd_receive.o(.text)
    Buf2Write                                0x080017b9   Thumb Code    20  cmd_receive.o(.text)
    Buf2Read                                 0x080017cd   Thumb Code    20  cmd_receive.o(.text)
    GetBuf2Length                            0x080017e1   Thumb Code    14  cmd_receive.o(.text)
    ReceiveData                              0x080017ef   Thumb Code    78  cmd_receive.o(.text)
    UARTInit                                 0x0800183d   Thumb Code   242  serial_port.o(.text)
    UartSendNBytes                           0x0800192f   Thumb Code    24  serial_port.o(.text)
    GetUartReceiverResidualCnt               0x08001947   Thumb Code    12  serial_port.o(.text)
    I2C_uConfiguration                       0x0800195d   Thumb Code    40  i2c.o(.text)
    I2C_SDA_OUT                              0x08001985   Thumb Code    34  i2c.o(.text)
    I2C_SDA_IN                               0x080019a7   Thumb Code    34  i2c.o(.text)
    I2C_Start                                0x080019c9   Thumb Code    40  i2c.o(.text)
    I2C_Stop                                 0x080019f1   Thumb Code    34  i2c.o(.text)
    I2C_SendAck                              0x08001a13   Thumb Code    38  i2c.o(.text)
    I2C_SendNak                              0x08001a39   Thumb Code    38  i2c.o(.text)
    I2C_RecAck                               0x08001a5f   Thumb Code    68  i2c.o(.text)
    I2C_SendByte                             0x08001aa3   Thumb Code    66  i2c.o(.text)
    I2C_RecByte                              0x08001ae5   Thumb Code    60  i2c.o(.text)
    ADS115_enter_power_down_mode             0x08001b21   Thumb Code    28  i2c.o(.text)
    ADS115_Init                              0x08001b3d   Thumb Code    56  i2c.o(.text)
    ADS115_cfg4ThermalCheck                  0x08001b75   Thumb Code    56  i2c.o(.text)
    ADS115_readByte                          0x08001bad   Thumb Code    86  i2c.o(.text)
    init_tim                                 0x08001c11   Thumb Code    90  hardware.o(.text)
    Init_LED                                 0x08001c6b   Thumb Code    42  hardware.o(.text)
    Init_PWRSAVE                             0x08001c95   Thumb Code    42  hardware.o(.text)
    Calibrate_pressure_sensor                0x08001cbf   Thumb Code    68  hardware.o(.text)
    ADC1_Init                                0x08001d03   Thumb Code   228  hardware.o(.text)
    set_led                                  0x08001de7   Thumb Code    60  hardware.o(.text)
    init_hardware                            0x08001e23   Thumb Code   152  hardware.o(.text)
    get_exp_status                           0x08001ebb   Thumb Code    16  hardware.o(.text)
    get_key_status                           0x08001ecb   Thumb Code    14  hardware.o(.text)
    save_one_page_to_flash                   0x08001ed9   Thumb Code     4  hardware.o(.text)
    read_one_page_from_flash                 0x08001edd   Thumb Code     2  hardware.o(.text)
    save_half_word_to_flash                  0x08001edf   Thumb Code     4  hardware.o(.text)
    read_half_word_from_flash                0x08001ee3   Thumb Code     2  hardware.o(.text)
    save_half_word_buf_to_eeprom             0x08001ee5   Thumb Code     4  hardware.o(.text)
    read_half_word_buf_from_eeprom           0x08001ee9   Thumb Code     2  hardware.o(.text)
    Key_WakeUp_Init                          0x08001eeb   Thumb Code    30  hardware.o(.text)
    Motor_PWM_Init                           0x08001ff3   Thumb Code    12  motor_pwm.o(.text)
    Motor_PWM_Freq_Dudy_Set                  0x08001fff   Thumb Code   126  motor_pwm.o(.text)
    os_start                                 0x080020fd   Thumb Code    54  os_core.o(.text)
    os_create_task                           0x08002133   Thumb Code    26  os_core.o(.text)
    os_resume_task                           0x0800214d   Thumb Code    18  os_core.o(.text)
    os_pend_task                             0x0800215f   Thumb Code    18  os_core.o(.text)
    os_delay_ms                              0x08002171   Thumb Code    38  os_core.o(.text)
    os_isr_ticks                             0x08002197   Thumb Code    10  os_core.o(.text)
    os_init                                  0x080021a1   Thumb Code     8  os_core.o(.text)
    Reset_Handler                            0x080021b1   Thumb Code     8  startup_stm32f0xx.o(.text)
    ADC1_COMP_IRQHandler                     0x080021c3   Thumb Code     0  startup_stm32f0xx.o(.text)
    CEC_IRQHandler                           0x080021c3   Thumb Code     0  startup_stm32f0xx.o(.text)
    DMA1_Channel1_IRQHandler                 0x080021c3   Thumb Code     0  startup_stm32f0xx.o(.text)
    DMA1_Channel2_3_IRQHandler               0x080021c3   Thumb Code     0  startup_stm32f0xx.o(.text)
    DMA1_Channel4_5_IRQHandler               0x080021c3   Thumb Code     0  startup_stm32f0xx.o(.text)
    EXTI2_3_IRQHandler                       0x080021c3   Thumb Code     0  startup_stm32f0xx.o(.text)
    EXTI4_15_IRQHandler                      0x080021c3   Thumb Code     0  startup_stm32f0xx.o(.text)
    FLASH_IRQHandler                         0x080021c3   Thumb Code     0  startup_stm32f0xx.o(.text)
    I2C1_IRQHandler                          0x080021c3   Thumb Code     0  startup_stm32f0xx.o(.text)
    I2C2_IRQHandler                          0x080021c3   Thumb Code     0  startup_stm32f0xx.o(.text)
    PVD_IRQHandler                           0x080021c3   Thumb Code     0  startup_stm32f0xx.o(.text)
    RCC_IRQHandler                           0x080021c3   Thumb Code     0  startup_stm32f0xx.o(.text)
    RTC_IRQHandler                           0x080021c3   Thumb Code     0  startup_stm32f0xx.o(.text)
    SPI1_IRQHandler                          0x080021c3   Thumb Code     0  startup_stm32f0xx.o(.text)
    SPI2_IRQHandler                          0x080021c3   Thumb Code     0  startup_stm32f0xx.o(.text)
    TIM14_IRQHandler                         0x080021c3   Thumb Code     0  startup_stm32f0xx.o(.text)
    TIM15_IRQHandler                         0x080021c3   Thumb Code     0  startup_stm32f0xx.o(.text)
    TIM17_IRQHandler                         0x080021c3   Thumb Code     0  startup_stm32f0xx.o(.text)
    TIM1_BRK_UP_TRG_COM_IRQHandler           0x080021c3   Thumb Code     0  startup_stm32f0xx.o(.text)
    TIM1_CC_IRQHandler                       0x080021c3   Thumb Code     0  startup_stm32f0xx.o(.text)
    TIM2_IRQHandler                          0x080021c3   Thumb Code     0  startup_stm32f0xx.o(.text)
    TIM3_IRQHandler                          0x080021c3   Thumb Code     0  startup_stm32f0xx.o(.text)
    TIM6_DAC_IRQHandler                      0x080021c3   Thumb Code     0  startup_stm32f0xx.o(.text)
    TS_IRQHandler                            0x080021c3   Thumb Code     0  startup_stm32f0xx.o(.text)
    USART1_IRQHandler                        0x080021c3   Thumb Code     0  startup_stm32f0xx.o(.text)
    USART2_IRQHandler                        0x080021c3   Thumb Code     0  startup_stm32f0xx.o(.text)
    WWDG_IRQHandler                          0x080021c3   Thumb Code     0  startup_stm32f0xx.o(.text)
    __user_initial_stackheap                 0x080021c5   Thumb Code     0  startup_stm32f0xx.o(.text)
    GPIO_DeInit                              0x080021e9   Thumb Code    78  stm32f0xx_gpio.o(.text)
    GPIO_Init                                0x08002237   Thumb Code   112  stm32f0xx_gpio.o(.text)
    GPIO_StructInit                          0x080022a7   Thumb Code    18  stm32f0xx_gpio.o(.text)
    GPIO_PinLockConfig                       0x080022b9   Thumb Code    26  stm32f0xx_gpio.o(.text)
    GPIO_ReadInputDataBit                    0x080022d3   Thumb Code    14  stm32f0xx_gpio.o(.text)
    GPIO_ReadInputData                       0x080022e1   Thumb Code     4  stm32f0xx_gpio.o(.text)
    GPIO_ReadOutputDataBit                   0x080022e5   Thumb Code    14  stm32f0xx_gpio.o(.text)
    GPIO_ReadOutputData                      0x080022f3   Thumb Code     4  stm32f0xx_gpio.o(.text)
    GPIO_SetBits                             0x080022f7   Thumb Code     4  stm32f0xx_gpio.o(.text)
    GPIO_ResetBits                           0x080022fb   Thumb Code     4  stm32f0xx_gpio.o(.text)
    GPIO_WriteBit                            0x080022ff   Thumb Code    12  stm32f0xx_gpio.o(.text)
    GPIO_Write                               0x0800230b   Thumb Code     4  stm32f0xx_gpio.o(.text)
    GPIO_PinAFConfig                         0x0800230f   Thumb Code    32  stm32f0xx_gpio.o(.text)
    RCC_DeInit                               0x08002345   Thumb Code    78  stm32f0xx_rcc.o(.text)
    RCC_HSEConfig                            0x08002393   Thumb Code    10  stm32f0xx_rcc.o(.text)
    RCC_GetFlagStatus                        0x0800239d   Thumb Code    48  stm32f0xx_rcc.o(.text)
    RCC_WaitForHSEStartUp                    0x080023cd   Thumb Code    44  stm32f0xx_rcc.o(.text)
    RCC_AdjustHSICalibrationValue            0x080023f9   Thumb Code    16  stm32f0xx_rcc.o(.text)
    RCC_HSICmd                               0x08002409   Thumb Code    22  stm32f0xx_rcc.o(.text)
    RCC_AdjustHSI14CalibrationValue          0x0800241f   Thumb Code    16  stm32f0xx_rcc.o(.text)
    RCC_HSI14Cmd                             0x0800242f   Thumb Code    22  stm32f0xx_rcc.o(.text)
    RCC_HSI14ADCRequestCmd                   0x08002445   Thumb Code    20  stm32f0xx_rcc.o(.text)
    RCC_LSEConfig                            0x08002459   Thumb Code    26  stm32f0xx_rcc.o(.text)
    RCC_LSEDriveConfig                       0x08002473   Thumb Code    18  stm32f0xx_rcc.o(.text)
    RCC_LSICmd                               0x08002485   Thumb Code    22  stm32f0xx_rcc.o(.text)
    RCC_PLLConfig                            0x0800249b   Thumb Code    24  stm32f0xx_rcc.o(.text)
    RCC_PLLCmd                               0x080024b3   Thumb Code    22  stm32f0xx_rcc.o(.text)
    RCC_PREDIV1Config                        0x080024c9   Thumb Code    14  stm32f0xx_rcc.o(.text)
    RCC_ClockSecuritySystemCmd               0x080024d7   Thumb Code    22  stm32f0xx_rcc.o(.text)
    RCC_MCOConfig                            0x080024ed   Thumb Code     6  stm32f0xx_rcc.o(.text)
    RCC_SYSCLKConfig                         0x080024f3   Thumb Code    14  stm32f0xx_rcc.o(.text)
    RCC_GetSYSCLKSource                      0x08002501   Thumb Code    10  stm32f0xx_rcc.o(.text)
    RCC_HCLKConfig                           0x0800250b   Thumb Code    14  stm32f0xx_rcc.o(.text)
    RCC_PCLKConfig                           0x08002519   Thumb Code    16  stm32f0xx_rcc.o(.text)
    RCC_ADCCLKConfig                         0x08002529   Thumb Code    38  stm32f0xx_rcc.o(.text)
    RCC_CECCLKConfig                         0x0800254f   Thumb Code    18  stm32f0xx_rcc.o(.text)
    RCC_I2CCLKConfig                         0x08002561   Thumb Code    18  stm32f0xx_rcc.o(.text)
    RCC_USARTCLKConfig                       0x08002573   Thumb Code    18  stm32f0xx_rcc.o(.text)
    RCC_GetClocksFreq                        0x08002585   Thumb Code   208  stm32f0xx_rcc.o(.text)
    RCC_RTCCLKConfig                         0x08002655   Thumb Code    10  stm32f0xx_rcc.o(.text)
    RCC_RTCCLKCmd                            0x0800265f   Thumb Code    20  stm32f0xx_rcc.o(.text)
    RCC_BackupResetCmd                       0x08002673   Thumb Code    22  stm32f0xx_rcc.o(.text)
    RCC_AHBPeriphClockCmd                    0x08002689   Thumb Code    18  stm32f0xx_rcc.o(.text)
    RCC_APB2PeriphClockCmd                   0x0800269b   Thumb Code    18  stm32f0xx_rcc.o(.text)
    RCC_APB1PeriphClockCmd                   0x080026ad   Thumb Code    18  stm32f0xx_rcc.o(.text)
    RCC_AHBPeriphResetCmd                    0x080026bf   Thumb Code    18  stm32f0xx_rcc.o(.text)
    RCC_APB2PeriphResetCmd                   0x080026d1   Thumb Code    18  stm32f0xx_rcc.o(.text)
    RCC_APB1PeriphResetCmd                   0x080026e3   Thumb Code    18  stm32f0xx_rcc.o(.text)
    RCC_ITConfig                             0x080026f5   Thumb Code    18  stm32f0xx_rcc.o(.text)
    RCC_ClearFlag                            0x08002707   Thumb Code    14  stm32f0xx_rcc.o(.text)
    RCC_GetITStatus                          0x08002715   Thumb Code    48  stm32f0xx_rcc.o(.text)
    RCC_ClearITPendingBit                    0x08002745   Thumb Code     6  stm32f0xx_rcc.o(.text)
    NVIC_Init                                0x08002751   Thumb Code    70  stm32f0xx_misc.o(.text)
    NVIC_SystemLPConfig                      0x08002797   Thumb Code    18  stm32f0xx_misc.o(.text)
    SysTick_CLKSourceConfig                  0x080027a9   Thumb Code    20  stm32f0xx_misc.o(.text)
    USART_DeInit                             0x080027cd   Thumb Code    54  stm32f0xx_usart.o(.text)
    USART_Init                               0x08002803   Thumb Code   166  stm32f0xx_usart.o(.text)
    USART_StructInit                         0x080028a9   Thumb Code    22  stm32f0xx_usart.o(.text)
    USART_ClockInit                          0x080028bf   Thumb Code    28  stm32f0xx_usart.o(.text)
    USART_ClockStructInit                    0x080028db   Thumb Code    12  stm32f0xx_usart.o(.text)
    USART_Cmd                                0x080028e7   Thumb Code    20  stm32f0xx_usart.o(.text)
    USART_DirectionModeCmd                   0x080028fb   Thumb Code    16  stm32f0xx_usart.o(.text)
    USART_OverSampling8Cmd                   0x0800290b   Thumb Code    20  stm32f0xx_usart.o(.text)
    USART_OneBitMethodCmd                    0x0800291f   Thumb Code    20  stm32f0xx_usart.o(.text)
    USART_MSBFirstCmd                        0x08002933   Thumb Code    20  stm32f0xx_usart.o(.text)
    USART_DataInvCmd                         0x08002947   Thumb Code    20  stm32f0xx_usart.o(.text)
    USART_InvPinCmd                          0x0800295b   Thumb Code    16  stm32f0xx_usart.o(.text)
    USART_SWAPPinCmd                         0x0800296b   Thumb Code    20  stm32f0xx_usart.o(.text)
    USART_ReceiverTimeOutCmd                 0x0800297f   Thumb Code    20  stm32f0xx_usart.o(.text)
    USART_SetReceiverTimeOut                 0x08002993   Thumb Code    16  stm32f0xx_usart.o(.text)
    USART_SetPrescaler                       0x080029a3   Thumb Code    16  stm32f0xx_usart.o(.text)
    USART_STOPModeCmd                        0x080029b3   Thumb Code    18  stm32f0xx_usart.o(.text)
    USART_StopModeWakeUpSourceConfig         0x080029c5   Thumb Code    18  stm32f0xx_usart.o(.text)
    USART_AutoBaudRateCmd                    0x080029d7   Thumb Code    20  stm32f0xx_usart.o(.text)
    USART_AutoBaudRateConfig                 0x080029eb   Thumb Code    18  stm32f0xx_usart.o(.text)
    USART_AutoBaudRateNewRequest             0x080029fd   Thumb Code    12  stm32f0xx_usart.o(.text)
    USART_SendData                           0x08002a09   Thumb Code     8  stm32f0xx_usart.o(.text)
    USART_ReceiveData                        0x08002a11   Thumb Code     8  stm32f0xx_usart.o(.text)
    USART_SetAddress                         0x08002a19   Thumb Code    18  stm32f0xx_usart.o(.text)
    USART_MuteModeCmd                        0x08002a2b   Thumb Code    20  stm32f0xx_usart.o(.text)
    USART_MuteModeWakeUpConfig               0x08002a3f   Thumb Code    18  stm32f0xx_usart.o(.text)
    USART_AddressDetectionConfig             0x08002a51   Thumb Code    16  stm32f0xx_usart.o(.text)
    USART_LINBreakDetectLengthConfig         0x08002a61   Thumb Code    16  stm32f0xx_usart.o(.text)
    USART_LINCmd                             0x08002a71   Thumb Code    20  stm32f0xx_usart.o(.text)
    USART_HalfDuplexCmd                      0x08002a85   Thumb Code    18  stm32f0xx_usart.o(.text)
    USART_SetGuardTime                       0x08002a97   Thumb Code    16  stm32f0xx_usart.o(.text)
    USART_SmartCardCmd                       0x08002aa7   Thumb Code    18  stm32f0xx_usart.o(.text)
    USART_SmartCardNACKCmd                   0x08002ab9   Thumb Code    18  stm32f0xx_usart.o(.text)
    USART_SetAutoRetryCount                  0x08002acb   Thumb Code    20  stm32f0xx_usart.o(.text)
    USART_SetBlockLength                     0x08002adf   Thumb Code    18  stm32f0xx_usart.o(.text)
    USART_IrDAConfig                         0x08002af1   Thumb Code    16  stm32f0xx_usart.o(.text)
    USART_IrDACmd                            0x08002b01   Thumb Code    18  stm32f0xx_usart.o(.text)
    USART_DECmd                              0x08002b13   Thumb Code    20  stm32f0xx_usart.o(.text)
    USART_DEPolarityConfig                   0x08002b27   Thumb Code    18  stm32f0xx_usart.o(.text)
    USART_SetDEAssertionTime                 0x08002b39   Thumb Code    20  stm32f0xx_usart.o(.text)
    USART_SetDEDeassertionTime               0x08002b4d   Thumb Code    20  stm32f0xx_usart.o(.text)
    USART_DMACmd                             0x08002b61   Thumb Code    16  stm32f0xx_usart.o(.text)
    USART_DMAReceptionErrorConfig            0x08002b71   Thumb Code    18  stm32f0xx_usart.o(.text)
    USART_ITConfig                           0x08002b83   Thumb Code    54  stm32f0xx_usart.o(.text)
    USART_RequestCmd                         0x08002bb9   Thumb Code    16  stm32f0xx_usart.o(.text)
    USART_OverrunDetectionConfig             0x08002bc9   Thumb Code    18  stm32f0xx_usart.o(.text)
    USART_GetFlagStatus                      0x08002bdb   Thumb Code    14  stm32f0xx_usart.o(.text)
    USART_ClearFlag                          0x08002be9   Thumb Code     4  stm32f0xx_usart.o(.text)
    USART_GetITStatus                        0x08002bed   Thumb Code    56  stm32f0xx_usart.o(.text)
    USART_ClearITPendingBit                  0x08002c25   Thumb Code    10  stm32f0xx_usart.o(.text)
    TIM_DeInit                               0x08002c31   Thumb Code   152  stm32f0xx_tim.o(.text)
    TIM_TimeBaseInit                         0x08002cc9   Thumb Code    88  stm32f0xx_tim.o(.text)
    TIM_TimeBaseStructInit                   0x08002d21   Thumb Code    18  stm32f0xx_tim.o(.text)
    TIM_PrescalerConfig                      0x08002d33   Thumb Code     6  stm32f0xx_tim.o(.text)
    TIM_CounterModeConfig                    0x08002d39   Thumb Code    12  stm32f0xx_tim.o(.text)
    TIM_SetCounter                           0x08002d45   Thumb Code     4  stm32f0xx_tim.o(.text)
    TIM_SetAutoreload                        0x08002d49   Thumb Code     4  stm32f0xx_tim.o(.text)
    TIM_GetCounter                           0x08002d4d   Thumb Code     4  stm32f0xx_tim.o(.text)
    TIM_GetPrescaler                         0x08002d51   Thumb Code     4  stm32f0xx_tim.o(.text)
    TIM_UpdateDisableConfig                  0x08002d55   Thumb Code    18  stm32f0xx_tim.o(.text)
    TIM_UpdateRequestConfig                  0x08002d67   Thumb Code    18  stm32f0xx_tim.o(.text)
    TIM_ARRPreloadConfig                     0x08002d79   Thumb Code    18  stm32f0xx_tim.o(.text)
    TIM_SelectOnePulseMode                   0x08002d8b   Thumb Code    16  stm32f0xx_tim.o(.text)
    TIM_SetClockDivision                     0x08002d9b   Thumb Code    16  stm32f0xx_tim.o(.text)
    TIM_Cmd                                  0x08002dab   Thumb Code    20  stm32f0xx_tim.o(.text)
    TIM_BDTRConfig                           0x08002dbf   Thumb Code    34  stm32f0xx_tim.o(.text)
    TIM_BDTRStructInit                       0x08002de1   Thumb Code    18  stm32f0xx_tim.o(.text)
    TIM_CtrlPWMOutputs                       0x08002df3   Thumb Code    24  stm32f0xx_tim.o(.text)
    TIM_OC1Init                              0x08002e0b   Thumb Code   104  stm32f0xx_tim.o(.text)
    TIM_OC2Init                              0x08002e73   Thumb Code   110  stm32f0xx_tim.o(.text)
    TIM_OC3Init                              0x08002ee1   Thumb Code   110  stm32f0xx_tim.o(.text)
    TIM_OC4Init                              0x08002f4f   Thumb Code    78  stm32f0xx_tim.o(.text)
    TIM_OCStructInit                         0x08002f9d   Thumb Code    20  stm32f0xx_tim.o(.text)
    TIM_SelectOCxM                           0x08002fb1   Thumb Code    70  stm32f0xx_tim.o(.text)
    TIM_SetCompare1                          0x08002ff7   Thumb Code     4  stm32f0xx_tim.o(.text)
    TIM_SetCompare2                          0x08002ffb   Thumb Code     4  stm32f0xx_tim.o(.text)
    TIM_SetCompare3                          0x08002fff   Thumb Code     4  stm32f0xx_tim.o(.text)
    TIM_SetCompare4                          0x08003003   Thumb Code     4  stm32f0xx_tim.o(.text)
    TIM_ForcedOC1Config                      0x08003007   Thumb Code    86  stm32f0xx_tim.o(.text)
    TIM_ForcedOC2Config                      0x0800305d   Thumb Code    14  stm32f0xx_tim.o(.text)
    TIM_ForcedOC3Config                      0x0800306b   Thumb Code    12  stm32f0xx_tim.o(.text)
    TIM_ForcedOC4Config                      0x08003077   Thumb Code    14  stm32f0xx_tim.o(.text)
    TIM_CCPreloadControl                     0x08003085   Thumb Code    20  stm32f0xx_tim.o(.text)
    TIM_OC1PreloadConfig                     0x08003099   Thumb Code    12  stm32f0xx_tim.o(.text)
    TIM_OC2PreloadConfig                     0x080030a5   Thumb Code    14  stm32f0xx_tim.o(.text)
    TIM_OC3PreloadConfig                     0x080030b3   Thumb Code    12  stm32f0xx_tim.o(.text)
    TIM_OC4PreloadConfig                     0x080030bf   Thumb Code    14  stm32f0xx_tim.o(.text)
    TIM_OC1FastConfig                        0x080030cd   Thumb Code    12  stm32f0xx_tim.o(.text)
    TIM_OC2FastConfig                        0x080030d9   Thumb Code    14  stm32f0xx_tim.o(.text)
    TIM_OC3FastConfig                        0x080030e7   Thumb Code    12  stm32f0xx_tim.o(.text)
    TIM_OC4FastConfig                        0x080030f3   Thumb Code    14  stm32f0xx_tim.o(.text)
    TIM_ClearOC1Ref                          0x08003101   Thumb Code    12  stm32f0xx_tim.o(.text)
    TIM_ClearOC2Ref                          0x0800310d   Thumb Code    14  stm32f0xx_tim.o(.text)
    TIM_ClearOC3Ref                          0x0800311b   Thumb Code    12  stm32f0xx_tim.o(.text)
    TIM_ClearOC4Ref                          0x08003127   Thumb Code    14  stm32f0xx_tim.o(.text)
    TIM_OC1PolarityConfig                    0x08003135   Thumb Code    12  stm32f0xx_tim.o(.text)
    TIM_OC1NPolarityConfig                   0x08003141   Thumb Code    12  stm32f0xx_tim.o(.text)
    TIM_OC2PolarityConfig                    0x0800314d   Thumb Code    14  stm32f0xx_tim.o(.text)
    TIM_OC2NPolarityConfig                   0x0800315b   Thumb Code    14  stm32f0xx_tim.o(.text)
    TIM_OC3PolarityConfig                    0x08003169   Thumb Code    14  stm32f0xx_tim.o(.text)
    TIM_OC3NPolarityConfig                   0x08003177   Thumb Code    14  stm32f0xx_tim.o(.text)
    TIM_OC4PolarityConfig                    0x08003185   Thumb Code    14  stm32f0xx_tim.o(.text)
    TIM_SelectOCREFClear                     0x08003193   Thumb Code    16  stm32f0xx_tim.o(.text)
    TIM_CCxCmd                               0x080031a3   Thumb Code    22  stm32f0xx_tim.o(.text)
    TIM_CCxNCmd                              0x080031b9   Thumb Code    22  stm32f0xx_tim.o(.text)
    TIM_SelectCOM                            0x080031cf   Thumb Code    18  stm32f0xx_tim.o(.text)
    TIM_SetIC4Prescaler                      0x080031e1   Thumb Code    18  stm32f0xx_tim.o(.text)
    TIM_SetIC3Prescaler                      0x080031f3   Thumb Code    16  stm32f0xx_tim.o(.text)
    TIM_SetIC2Prescaler                      0x08003203   Thumb Code    18  stm32f0xx_tim.o(.text)
    TIM_SetIC1Prescaler                      0x0800323f   Thumb Code    16  stm32f0xx_tim.o(.text)
    TIM_ICInit                               0x08003277   Thumb Code   162  stm32f0xx_tim.o(.text)
    TIM_ICStructInit                         0x08003319   Thumb Code    16  stm32f0xx_tim.o(.text)
    TIM_PWMIConfig                           0x08003329   Thumb Code   104  stm32f0xx_tim.o(.text)
    TIM_GetCapture1                          0x08003391   Thumb Code     4  stm32f0xx_tim.o(.text)
    TIM_GetCapture2                          0x08003395   Thumb Code     4  stm32f0xx_tim.o(.text)
    TIM_GetCapture3                          0x08003399   Thumb Code     4  stm32f0xx_tim.o(.text)
    TIM_GetCapture4                          0x0800339d   Thumb Code     4  stm32f0xx_tim.o(.text)
    TIM_ITConfig                             0x080033a1   Thumb Code    16  stm32f0xx_tim.o(.text)
    TIM_GenerateEvent                        0x080033b1   Thumb Code     4  stm32f0xx_tim.o(.text)
    TIM_GetFlagStatus                        0x080033b5   Thumb Code    14  stm32f0xx_tim.o(.text)
    TIM_ClearFlag                            0x080033c3   Thumb Code     6  stm32f0xx_tim.o(.text)
    TIM_GetITStatus                          0x080033c9   Thumb Code    24  stm32f0xx_tim.o(.text)
    TIM_ClearITPendingBit                    0x080033e1   Thumb Code     6  stm32f0xx_tim.o(.text)
    TIM_DMAConfig                            0x080033e7   Thumb Code     8  stm32f0xx_tim.o(.text)
    TIM_DMACmd                               0x080033ef   Thumb Code    16  stm32f0xx_tim.o(.text)
    TIM_SelectCCDMA                          0x080033ff   Thumb Code    18  stm32f0xx_tim.o(.text)
    TIM_InternalClockConfig                  0x08003411   Thumb Code    10  stm32f0xx_tim.o(.text)
    TIM_SelectInputTrigger                   0x0800341b   Thumb Code    12  stm32f0xx_tim.o(.text)
    TIM_ITRxExternalClockConfig              0x08003427   Thumb Code    62  stm32f0xx_tim.o(.text)
    TIM_TIxExternalClockConfig               0x08003465   Thumb Code    48  stm32f0xx_tim.o(.text)
    TIM_ETRConfig                            0x08003495   Thumb Code    18  stm32f0xx_tim.o(.text)
    TIM_ETRClockMode1Config                  0x080034a7   Thumb Code    28  stm32f0xx_tim.o(.text)
    TIM_ETRClockMode2Config                  0x080034c3   Thumb Code    20  stm32f0xx_tim.o(.text)
    TIM_SelectOutputTrigger                  0x080034d7   Thumb Code    16  stm32f0xx_tim.o(.text)
    TIM_SelectSlaveMode                      0x080034e7   Thumb Code    16  stm32f0xx_tim.o(.text)
    TIM_SelectMasterSlaveMode                0x080034f7   Thumb Code    16  stm32f0xx_tim.o(.text)
    TIM_EncoderInterfaceConfig               0x08003507   Thumb Code    42  stm32f0xx_tim.o(.text)
    TIM_SelectHallSensor                     0x08003531   Thumb Code    18  stm32f0xx_tim.o(.text)
    TIM_RemapConfig                          0x08003543   Thumb Code     6  stm32f0xx_tim.o(.text)
    DMA_DeInit                               0x0800354d   Thumb Code   100  stm32f0xx_dma.o(.text)
    DMA_Init                                 0x080035b1   Thumb Code    56  stm32f0xx_dma.o(.text)
    DMA_StructInit                           0x080035e9   Thumb Code    26  stm32f0xx_dma.o(.text)
    DMA_Cmd                                  0x08003603   Thumb Code    20  stm32f0xx_dma.o(.text)
    DMA_SetCurrDataCounter                   0x08003617   Thumb Code     4  stm32f0xx_dma.o(.text)
    DMA_GetCurrDataCounter                   0x0800361b   Thumb Code     6  stm32f0xx_dma.o(.text)
    DMA_ITConfig                             0x08003621   Thumb Code    16  stm32f0xx_dma.o(.text)
    DMA_GetFlagStatus                        0x08003631   Thumb Code    18  stm32f0xx_dma.o(.text)
    DMA_ClearFlag                            0x08003643   Thumb Code     8  stm32f0xx_dma.o(.text)
    DMA_GetITStatus                          0x0800364b   Thumb Code    18  stm32f0xx_dma.o(.text)
    DMA_ClearITPendingBit                    0x0800365d   Thumb Code     8  stm32f0xx_dma.o(.text)
    PWR_DeInit                               0x08003671   Thumb Code    22  stm32f0xx_pwr.o(.text)
    PWR_BackupAccessCmd                      0x08003687   Thumb Code    20  stm32f0xx_pwr.o(.text)
    PWR_PVDLevelConfig                       0x0800369b   Thumb Code    14  stm32f0xx_pwr.o(.text)
    PWR_PVDCmd                               0x080036a9   Thumb Code    20  stm32f0xx_pwr.o(.text)
    PWR_WakeUpPinCmd                         0x080036bd   Thumb Code    18  stm32f0xx_pwr.o(.text)
    PWR_EnterSleepMode                       0x080036cf   Thumb Code    22  stm32f0xx_pwr.o(.text)
    PWR_EnterSTOPMode                        0x080036e5   Thumb Code    40  stm32f0xx_pwr.o(.text)
    PWR_EnterSTANDBYMode                     0x0800370d   Thumb Code    30  stm32f0xx_pwr.o(.text)
    PWR_GetFlagStatus                        0x0800372b   Thumb Code    16  stm32f0xx_pwr.o(.text)
    PWR_ClearFlag                            0x0800373b   Thumb Code    12  stm32f0xx_pwr.o(.text)
    FLASH_SetLatency                         0x08003751   Thumb Code    14  stm32f0xx_flash.o(.text)
    FLASH_PrefetchBufferCmd                  0x0800375f   Thumb Code    20  stm32f0xx_flash.o(.text)
    FLASH_GetPrefetchBufferStatus            0x08003773   Thumb Code    14  stm32f0xx_flash.o(.text)
    FLASH_Unlock                             0x08003781   Thumb Code    18  stm32f0xx_flash.o(.text)
    FLASH_Lock                               0x08003793   Thumb Code    12  stm32f0xx_flash.o(.text)
    FLASH_GetStatus                          0x0800379f   Thumb Code    34  stm32f0xx_flash.o(.text)
    FLASH_WaitForLastOperation               0x080037c1   Thumb Code    34  stm32f0xx_flash.o(.text)
    FLASH_ErasePage                          0x080037e3   Thumb Code    52  stm32f0xx_flash.o(.text)
    FLASH_EraseAllPages                      0x08003817   Thumb Code    48  stm32f0xx_flash.o(.text)
    FLASH_ProgramWord                        0x08003847   Thumb Code    70  stm32f0xx_flash.o(.text)
    FLASH_ProgramHalfWord                    0x0800388d   Thumb Code    48  stm32f0xx_flash.o(.text)
    FLASH_OB_Unlock                          0x080038bd   Thumb Code    18  stm32f0xx_flash.o(.text)
    FLASH_OB_Lock                            0x080038cf   Thumb Code    12  stm32f0xx_flash.o(.text)
    FLASH_OB_Launch                          0x080038db   Thumb Code    14  stm32f0xx_flash.o(.text)
    FLASH_OB_GetRDP                          0x080038e9   Thumb Code    16  stm32f0xx_flash.o(.text)
    FLASH_OB_Erase                           0x080038f9   Thumb Code   106  stm32f0xx_flash.o(.text)
    FLASH_OB_EnableWRP                       0x08003963   Thumb Code    80  stm32f0xx_flash.o(.text)
    FLASH_OB_RDPConfig                       0x080039b3   Thumb Code    82  stm32f0xx_flash.o(.text)
    FLASH_OB_UserConfig                      0x08003a05   Thumb Code    64  stm32f0xx_flash.o(.text)
    FLASH_OB_BOOTConfig                      0x08003a45   Thumb Code    54  stm32f0xx_flash.o(.text)
    FLASH_OB_VDDAConfig                      0x08003a7b   Thumb Code    54  stm32f0xx_flash.o(.text)
    FLASH_OB_SRAMParityConfig                0x08003ab1   Thumb Code    54  stm32f0xx_flash.o(.text)
    FLASH_OB_WriteUser                       0x08003ae7   Thumb Code    54  stm32f0xx_flash.o(.text)
    FLASH_ProgramOptionByteData              0x08003b1d   Thumb Code    68  stm32f0xx_flash.o(.text)
    FLASH_OB_GetUser                         0x08003b61   Thumb Code    10  stm32f0xx_flash.o(.text)
    FLASH_OB_GetWRP                          0x08003b6b   Thumb Code     6  stm32f0xx_flash.o(.text)
    FLASH_ITConfig                           0x08003b71   Thumb Code    18  stm32f0xx_flash.o(.text)
    FLASH_GetFlagStatus                      0x08003b83   Thumb Code    16  stm32f0xx_flash.o(.text)
    FLASH_ClearFlag                          0x08003b93   Thumb Code     6  stm32f0xx_flash.o(.text)
    ADC_DeInit                               0x08003b9d   Thumb Code    28  stm32f0xx_adc.o(.text)
    ADC_Init                                 0x08003bb9   Thumb Code    38  stm32f0xx_adc.o(.text)
    ADC_StructInit                           0x08003bdf   Thumb Code    16  stm32f0xx_adc.o(.text)
    ADC_Cmd                                  0x08003bef   Thumb Code    18  stm32f0xx_adc.o(.text)
    ADC_JitterCmd                            0x08003c01   Thumb Code    16  stm32f0xx_adc.o(.text)
    ADC_AutoPowerOffCmd                      0x08003c11   Thumb Code    20  stm32f0xx_adc.o(.text)
    ADC_WaitModeCmd                          0x08003c25   Thumb Code    20  stm32f0xx_adc.o(.text)
    ADC_AnalogWatchdogCmd                    0x08003c39   Thumb Code    20  stm32f0xx_adc.o(.text)
    ADC_AnalogWatchdogThresholdsConfig       0x08003c4d   Thumb Code     8  stm32f0xx_adc.o(.text)
    ADC_AnalogWatchdogSingleChannelConfig    0x08003c55   Thumb Code    14  stm32f0xx_adc.o(.text)
    ADC_AnalogWatchdogSingleChannelCmd       0x08003c63   Thumb Code    20  stm32f0xx_adc.o(.text)
    ADC_TempSensorCmd                        0x08003c77   Thumb Code    22  stm32f0xx_adc.o(.text)
    ADC_VrefintCmd                           0x08003c8d   Thumb Code    22  stm32f0xx_adc.o(.text)
    ADC_VbatCmd                              0x08003ca3   Thumb Code    22  stm32f0xx_adc.o(.text)
    ADC_ChannelConfig                        0x08003cb9   Thumb Code    10  stm32f0xx_adc.o(.text)
    ADC_ContinuousModeCmd                    0x08003cc3   Thumb Code    20  stm32f0xx_adc.o(.text)
    ADC_DiscModeCmd                          0x08003cd7   Thumb Code    20  stm32f0xx_adc.o(.text)
    ADC_OverrunModeCmd                       0x08003ceb   Thumb Code    20  stm32f0xx_adc.o(.text)
    ADC_GetCalibrationFactor                 0x08003cff   Thumb Code    46  stm32f0xx_adc.o(.text)
    ADC_StopOfConversion                     0x08003d2d   Thumb Code    10  stm32f0xx_adc.o(.text)
    ADC_StartOfConversion                    0x08003d37   Thumb Code    10  stm32f0xx_adc.o(.text)
    ADC_GetConversionValue                   0x08003d41   Thumb Code     6  stm32f0xx_adc.o(.text)
    ADC_DMACmd                               0x08003d47   Thumb Code    20  stm32f0xx_adc.o(.text)
    ADC_DMARequestModeConfig                 0x08003d5b   Thumb Code    16  stm32f0xx_adc.o(.text)
    ADC_ITConfig                             0x08003d6b   Thumb Code    16  stm32f0xx_adc.o(.text)
    ADC_GetFlagStatus                        0x08003d7b   Thumb Code    28  stm32f0xx_adc.o(.text)
    ADC_ClearFlag                            0x08003d97   Thumb Code     4  stm32f0xx_adc.o(.text)
    ADC_GetITStatus                          0x08003d9b   Thumb Code    22  stm32f0xx_adc.o(.text)
    ADC_ClearITPendingBit                    0x08003db1   Thumb Code     4  stm32f0xx_adc.o(.text)
    EXTI_DeInit                              0x08003dc1   Thumb Code    20  stm32f0xx_exti.o(.text)
    EXTI_Init                                0x08003dd5   Thumb Code   102  stm32f0xx_exti.o(.text)
    EXTI_StructInit                          0x08003e3b   Thumb Code    14  stm32f0xx_exti.o(.text)
    EXTI_GenerateSWInterrupt                 0x08003e49   Thumb Code    10  stm32f0xx_exti.o(.text)
    EXTI_GetFlagStatus                       0x08003e53   Thumb Code    16  stm32f0xx_exti.o(.text)
    EXTI_ClearFlag                           0x08003e63   Thumb Code     6  stm32f0xx_exti.o(.text)
    EXTI_GetITStatus                         0x08003e69   Thumb Code    24  stm32f0xx_exti.o(.text)
    EXTI_ClearITPendingBit                   0x08003e81   Thumb Code     6  stm32f0xx_exti.o(.text)
    SYSCFG_DeInit                            0x08003e95   Thumb Code    30  stm32f0xx_syscfg.o(.text)
    SYSCFG_MemoryRemapConfig                 0x08003eb3   Thumb Code    14  stm32f0xx_syscfg.o(.text)
    SYSCFG_DMAChannelRemapConfig             0x08003ec1   Thumb Code    18  stm32f0xx_syscfg.o(.text)
    SYSCFG_I2CFastModePlusConfig             0x08003ed3   Thumb Code    18  stm32f0xx_syscfg.o(.text)
    SYSCFG_EXTILineConfig                    0x08003ee5   Thumb Code    34  stm32f0xx_syscfg.o(.text)
    SYSCFG_BreakConfig                       0x08003f07   Thumb Code    10  stm32f0xx_syscfg.o(.text)
    SYSCFG_GetFlagStatus                     0x08003f11   Thumb Code    14  stm32f0xx_syscfg.o(.text)
    SYSCFG_ClearFlag                         0x08003f1f   Thumb Code    10  stm32f0xx_syscfg.o(.text)
    IWDG_WriteAccessCmd                      0x08003f2d   Thumb Code     6  stm32f0xx_iwdg.o(.text)
    IWDG_SetPrescaler                        0x08003f33   Thumb Code     6  stm32f0xx_iwdg.o(.text)
    IWDG_SetReload                           0x08003f39   Thumb Code     6  stm32f0xx_iwdg.o(.text)
    IWDG_ReloadCounter                       0x08003f3f   Thumb Code     8  stm32f0xx_iwdg.o(.text)
    IWDG_SetWindowValue                      0x08003f47   Thumb Code     6  stm32f0xx_iwdg.o(.text)
    IWDG_Enable                              0x08003f4d   Thumb Code     8  stm32f0xx_iwdg.o(.text)
    IWDG_GetFlagStatus                       0x08003f55   Thumb Code    16  stm32f0xx_iwdg.o(.text)
    __aeabi_memcpy                           0x08003f71   Thumb Code   130  rt_memcpy.o(.text)
    __rt_memcpy                              0x08003f71   Thumb Code     0  rt_memcpy.o(.text)
    _memset_w                                0x08003ff3   Thumb Code    26  rt_memclr.o(.text)
    _memset                                  0x0800400d   Thumb Code    30  rt_memclr.o(.text)
    __aeabi_memclr                           0x0800402b   Thumb Code     4  rt_memclr.o(.text)
    __rt_memclr                              0x0800402b   Thumb Code     0  rt_memclr.o(.text)
    __aeabi_memclr4                          0x0800402f   Thumb Code     0  rt_memclr.o(.text)
    __aeabi_memclr8                          0x0800402f   Thumb Code     0  rt_memclr.o(.text)
    __rt_memclr_w                            0x0800402f   Thumb Code     4  rt_memclr.o(.text)
    __aeabi_uidiv                            0x08004033   Thumb Code     0  aeabi_sdiv.o(.text)
    __aeabi_uidivmod                         0x08004033   Thumb Code    20  aeabi_sdiv.o(.text)
    __aeabi_idiv                             0x08004047   Thumb Code     0  aeabi_sdiv.o(.text)
    __aeabi_idivmod                          0x08004047   Thumb Code   326  aeabi_sdiv.o(.text)
    __use_two_region_memory                  0x0800418d   Thumb Code     2  heapauxi.o(.text)
    __rt_heap_escrow$2region                 0x0800418f   Thumb Code     2  heapauxi.o(.text)
    __rt_heap_expand$2region                 0x08004191   Thumb Code     2  heapauxi.o(.text)
    __user_setup_stackheap                   0x08004193   Thumb Code    62  sys_stackheap_outer.o(.text)
    exit                                     0x080041d1   Thumb Code    16  exit.o(.text)
    __user_libspace                          0x080041e1   Thumb Code     8  libspace.o(.text)
    __user_perproc_libspace                  0x080041e1   Thumb Code     0  libspace.o(.text)
    __user_perthread_libspace                0x080041e1   Thumb Code     0  libspace.o(.text)
    _sys_exit                                0x080041e9   Thumb Code     8  sys_exit.o(.text)
    __I$use$semihosting                      0x080041f5   Thumb Code     0  use_no_semi.o(.text)
    __use_no_semihosting_swi                 0x080041f5   Thumb Code     2  use_no_semi.o(.text)
    __semihosting_library_function           0x080041f7   Thumb Code     0  indicate_semi.o(.text)
    default_parameter_buf                    0x080041f6   Data         436  main.o(.constdata)
    Region$$Table$$Base                      0x080043ac   Number         0  anon$$obj.o(Region$$Table)
    Region$$Table$$Limit                     0x080043cc   Number         0  anon$$obj.o(Region$$Table)
    SystemCoreClock                          0x20000000   Data           4  system_stm32f0xx.o(.data)
    AHBPrescTable                            0x20000004   Data          16  system_stm32f0xx.o(.data)
    pwm1_state                               0x20000018   Data           1  comm_task.o(.data)
    pwm2_state                               0x20000019   Data           1  comm_task.o(.data)
    pwm3_state                               0x2000001a   Data           1  comm_task.o(.data)
    PWM1_numOfCycle                          0x2000001b   Data           1  comm_task.o(.data)
    PWM2_numOfCycle                          0x2000001c   Data           1  comm_task.o(.data)
    PWM3_numOfCycle                          0x2000001d   Data           1  comm_task.o(.data)
    PWM1_serial_cnt                          0x2000001e   Data           1  comm_task.o(.data)
    PWM2_serial_cnt                          0x2000001f   Data           1  comm_task.o(.data)
    PWM3_serial_cnt                          0x20000020   Data           1  comm_task.o(.data)
    state                                    0x20000021   Data           1  comm_task.o(.data)
    thermal_state                            0x20000022   Data           1  comm_task.o(.data)
    adc_state                                0x20000023   Data           1  comm_task.o(.data)
    led_high_cnt                             0x20000024   Data           1  comm_task.o(.data)
    led_low_cnt                              0x20000025   Data           1  comm_task.o(.data)
    mode                                     0x2000002b   Data           1  comm_task.o(.data)
    prev_mode                                0x2000002c   Data           1  comm_task.o(.data)
    PWM_waitBeforeStart_cnt                  0x2000002e   Data           2  comm_task.o(.data)
    PWM1_period_cnt                          0x20000030   Data           2  comm_task.o(.data)
    PWM2_period_cnt                          0x20000032   Data           2  comm_task.o(.data)
    PWM3_period_cnt                          0x20000034   Data           2  comm_task.o(.data)
    PWM1_waitBetween_cnt                     0x20000036   Data           2  comm_task.o(.data)
    PWM2_waitBetween_cnt                     0x20000038   Data           2  comm_task.o(.data)
    PWM3_waitBetween_cnt                     0x2000003a   Data           2  comm_task.o(.data)
    PWM1_waitAfter_cnt                       0x2000003c   Data           2  comm_task.o(.data)
    PWM2_waitAfter_cnt                       0x2000003e   Data           2  comm_task.o(.data)
    PWM3_waitAfter_cnt                       0x20000040   Data           2  comm_task.o(.data)
    checkPressAgain_cnt                      0x20000042   Data           2  comm_task.o(.data)
    PRESSURE_RATE                            0x20000044   Data           2  comm_task.o(.data)
    adc_value                                0x20000046   Data           4  comm_task.o(.data)
    prev_WaitBeforeStart_os_tick             0x20000050   Data           4  comm_task.o(.data)
    prev_PWM1_os_tick                        0x20000054   Data           4  comm_task.o(.data)
    prev_PWM2_os_tick                        0x20000058   Data           4  comm_task.o(.data)
    prev_PWM3_os_tick                        0x2000005c   Data           4  comm_task.o(.data)
    p_prev_os_tick                           0x20000060   Data           4  comm_task.o(.data)
    check_sum                                0x2000007c   Data           2  comm_task.o(.data)
    mcu_state                                0x2000007e   Data           1  key_led_task.o(.data)
    b_Is_PCB_PowerOn                         0x2000007f   Data           1  key_led_task.o(.data)
    key_state                                0x20000080   Data           1  key_led_task.o(.data)
    led_state                                0x20000081   Data           1  key_led_task.o(.data)
    rcvParaSuccess                           0x20000082   Data           1  protocol_module.o(.data)
    arr_mmgH_value                           0x20000083   Data           3  protocol_module.o(.data)
    arr_adc_value                            0x20000086   Data           6  protocol_module.o(.data)
    g_uwDelayTime_ms                         0x2000008c   Data           2  common.o(.data)
    RegularConvData_Tab                      0x20000094   Data           4  hardware.o(.data)
    zero_point_of_pressure_sensor            0x20000098   Data           2  hardware.o(.data)
    os_ticks                                 0x2000009c   Data           4  os_core.o(.data)
    sDataBuff                                0x200000b4   Data         300  comm_task.o(.bss)
    sBackBuff                                0x200001e0   Data         300  comm_task.o(.bss)
    g_CmdReceive                             0x2000030c   Data         144  comm_task.o(.bss)
    send_fifo                                0x2000039c   Data          12  comm_task.o(.bss)
    buffer                                   0x200003a8   Data         436  comm_task.o(.bss)
    send_buf                                 0x200005ef   Data         248  comm_task.o(.bss)
    parameter_buf                            0x200006e7   Data         436  comm_task.o(.bss)
    task_array                               0x2000089c   Data         120  os_core.o(.bss)
    __libspace_start                         0x20000914   Data          96  libspace.o(.bss)
    __temporary_stack_top$libspace           0x20000974   Data           0  libspace.o(.bss)



==============================================================================

Memory Map of the image

  Image Entry point : 0x080021b1

  Load Region LR_1 (Base: 0x08000000, Size: 0x00004480, Max: 0xffffffff, ABSOLUTE)

    Execution Region ER_RO (Base: 0x08000000, Size: 0x000043cc, Max: 0xffffffff, ABSOLUTE)

    Base Addr    Size         Type   Attr      Idx    E Section Name        Object

    0x08000000   0x000000c0   Data   RO          509    RESET               startup_stm32f0xx.o
    0x080000c0   0x00000008   Code   RO          724  * !!!main             c_p.l(__main.o)
    0x080000c8   0x0000003c   Code   RO          893    !!!scatter          c_p.l(__scatter.o)
    0x08000104   0x0000001a   Code   RO          895    !!handler_copy      c_p.l(__scatter_copy.o)
    0x0800011e   0x00000002   PAD
    0x08000120   0x0000001c   Code   RO          897    !!handler_zi        c_p.l(__scatter_zi.o)
    0x0800013c   0x00000002   Code   RO          762    .ARM.Collect$$libinit$$00000000  c_p.l(libinit.o)
    0x0800013e   0x00000000   Code   RO          776    .ARM.Collect$$libinit$$00000002  c_p.l(libinit2.o)
    0x0800013e   0x00000000   Code   RO          778    .ARM.Collect$$libinit$$00000004  c_p.l(libinit2.o)
    0x0800013e   0x00000000   Code   RO          781    .ARM.Collect$$libinit$$0000000A  c_p.l(libinit2.o)
    0x0800013e   0x00000000   Code   RO          783    .ARM.Collect$$libinit$$0000000C  c_p.l(libinit2.o)
    0x0800013e   0x00000000   Code   RO          785    .ARM.Collect$$libinit$$0000000E  c_p.l(libinit2.o)
    0x0800013e   0x00000000   Code   RO          788    .ARM.Collect$$libinit$$00000011  c_p.l(libinit2.o)
    0x0800013e   0x00000000   Code   RO          790    .ARM.Collect$$libinit$$00000013  c_p.l(libinit2.o)
    0x0800013e   0x00000000   Code   RO          792    .ARM.Collect$$libinit$$00000015  c_p.l(libinit2.o)
    0x0800013e   0x00000000   Code   RO          794    .ARM.Collect$$libinit$$00000017  c_p.l(libinit2.o)
    0x0800013e   0x00000000   Code   RO          796    .ARM.Collect$$libinit$$00000019  c_p.l(libinit2.o)
    0x0800013e   0x00000000   Code   RO          798    .ARM.Collect$$libinit$$0000001B  c_p.l(libinit2.o)
    0x0800013e   0x00000000   Code   RO          800    .ARM.Collect$$libinit$$0000001D  c_p.l(libinit2.o)
    0x0800013e   0x00000000   Code   RO          802    .ARM.Collect$$libinit$$0000001F  c_p.l(libinit2.o)
    0x0800013e   0x00000000   Code   RO          804    .ARM.Collect$$libinit$$00000021  c_p.l(libinit2.o)
    0x0800013e   0x00000000   Code   RO          806    .ARM.Collect$$libinit$$00000023  c_p.l(libinit2.o)
    0x0800013e   0x00000000   Code   RO          808    .ARM.Collect$$libinit$$00000025  c_p.l(libinit2.o)
    0x0800013e   0x00000000   Code   RO          812    .ARM.Collect$$libinit$$0000002C  c_p.l(libinit2.o)
    0x0800013e   0x00000000   Code   RO          814    .ARM.Collect$$libinit$$0000002E  c_p.l(libinit2.o)
    0x0800013e   0x00000000   Code   RO          816    .ARM.Collect$$libinit$$00000030  c_p.l(libinit2.o)
    0x0800013e   0x00000000   Code   RO          818    .ARM.Collect$$libinit$$00000032  c_p.l(libinit2.o)
    0x0800013e   0x00000002   Code   RO          819    .ARM.Collect$$libinit$$00000033  c_p.l(libinit2.o)
    0x08000140   0x00000002   Code   RO          850    .ARM.Collect$$libshutdown$$00000000  c_p.l(libshutdown.o)
    0x08000142   0x00000000   Code   RO          876    .ARM.Collect$$libshutdown$$00000002  c_p.l(libshutdown2.o)
    0x08000142   0x00000000   Code   RO          878    .ARM.Collect$$libshutdown$$00000004  c_p.l(libshutdown2.o)
    0x08000142   0x00000000   Code   RO          881    .ARM.Collect$$libshutdown$$00000007  c_p.l(libshutdown2.o)
    0x08000142   0x00000000   Code   RO          884    .ARM.Collect$$libshutdown$$0000000A  c_p.l(libshutdown2.o)
    0x08000142   0x00000000   Code   RO          886    .ARM.Collect$$libshutdown$$0000000C  c_p.l(libshutdown2.o)
    0x08000142   0x00000000   Code   RO          889    .ARM.Collect$$libshutdown$$0000000F  c_p.l(libshutdown2.o)
    0x08000142   0x00000002   Code   RO          890    .ARM.Collect$$libshutdown$$00000010  c_p.l(libshutdown2.o)
    0x08000144   0x00000000   Code   RO          726    .ARM.Collect$$rtentry$$00000000  c_p.l(__rtentry.o)
    0x08000144   0x00000000   Code   RO          732    .ARM.Collect$$rtentry$$00000002  c_p.l(__rtentry2.o)
    0x08000144   0x00000006   Code   RO          744    .ARM.Collect$$rtentry$$00000004  c_p.l(__rtentry4.o)
    0x0800014a   0x00000000   Code   RO          734    .ARM.Collect$$rtentry$$00000009  c_p.l(__rtentry2.o)
    0x0800014a   0x00000004   Code   RO          735    .ARM.Collect$$rtentry$$0000000A  c_p.l(__rtentry2.o)
    0x0800014e   0x00000000   Code   RO          737    .ARM.Collect$$rtentry$$0000000C  c_p.l(__rtentry2.o)
    0x0800014e   0x00000008   Code   RO          738    .ARM.Collect$$rtentry$$0000000D  c_p.l(__rtentry2.o)
    0x08000156   0x00000002   Code   RO          767    .ARM.Collect$$rtexit$$00000000  c_p.l(rtexit.o)
    0x08000158   0x00000000   Code   RO          823    .ARM.Collect$$rtexit$$00000002  c_p.l(rtexit2.o)
    0x08000158   0x00000004   Code   RO          824    .ARM.Collect$$rtexit$$00000003  c_p.l(rtexit2.o)
    0x0800015c   0x00000006   Code   RO          825    .ARM.Collect$$rtexit$$00000004  c_p.l(rtexit2.o)
    0x08000162   0x00000002   PAD
    0x08000164   0x00000038   Code   RO          712    .emb_text           c_p.l(rt_memcpy.o)
    0x0800019c   0x00000028   Code   RO            2    .text               main.o
    0x080001c4   0x0000002c   Code   RO          104    .text               stm32f0xx_it.o
    0x080001f0   0x0000013c   Code   RO          123    .text               system_stm32f0xx.o
    0x0800032c   0x00000030   Code   RO          145    .text               iwtdg.o
    0x0800035c   0x000000b0   Code   RO          183    .text               app.o
    0x0800040c   0x00000928   Code   RO          221    .text               comm_task.o
    0x08000d34   0x000003a4   Code   RO          266    .text               key_led_task.o
    0x080010d8   0x0000057c   Code   RO          301    .text               protocol_module.o
    0x08001654   0x00000020   Code   RO          333    .text               common.o
    0x08001674   0x00000090   Code   RO          355    .text               delay.o
    0x08001704   0x000000a6   Code   RO          372    .text               fifo.o
    0x080017aa   0x00000092   Code   RO          388    .text               cmd_receive.o
    0x0800183c   0x00000120   Code   RO          411    .text               serial_port.o
    0x0800195c   0x000002b4   Code   RO          427    .text               i2c.o
    0x08001c10   0x0000031c   Code   RO          445    .text               hardware.o
    0x08001f2c   0x000001d0   Code   RO          470    .text               motor_pwm.o
    0x080020fc   0x000000b4   Code   RO          486    .text               os_core.o
    0x080021b0   0x00000038   Code   RO          510  * .text               startup_stm32f0xx.o
    0x080021e8   0x0000015c   Code   RO          515    .text               stm32f0xx_gpio.o
    0x08002344   0x0000040c   Code   RO          531    .text               stm32f0xx_rcc.o
    0x08002750   0x0000007c   Code   RO          549    .text               stm32f0xx_misc.o
    0x080027cc   0x00000462   Code   RO          565    .text               stm32f0xx_usart.o
    0x08002c2e   0x00000002   PAD
    0x08002c30   0x0000091c   Code   RO          581    .text               stm32f0xx_tim.o
    0x0800354c   0x00000124   Code   RO          598    .text               stm32f0xx_dma.o
    0x08003670   0x000000e0   Code   RO          614    .text               stm32f0xx_pwr.o
    0x08003750   0x0000044c   Code   RO          630    .text               stm32f0xx_flash.o
    0x08003b9c   0x00000224   Code   RO          647    .text               stm32f0xx_adc.o
    0x08003dc0   0x000000d4   Code   RO          663    .text               stm32f0xx_exti.o
    0x08003e94   0x00000098   Code   RO          679    .text               stm32f0xx_syscfg.o
    0x08003f2c   0x00000044   Code   RO          695    .text               stm32f0xx_iwdg.o
    0x08003f70   0x00000082   Code   RO          713    .text               c_p.l(rt_memcpy.o)
    0x08003ff2   0x00000040   Code   RO          716    .text               c_p.l(rt_memclr.o)
    0x08004032   0x0000015a   Code   RO          718    .text               c_p.l(aeabi_sdiv.o)
    0x0800418c   0x00000006   Code   RO          722    .text               c_p.l(heapauxi.o)
    0x08004192   0x0000003e   Code   RO          748    .text               c_p.l(sys_stackheap_outer.o)
    0x080041d0   0x00000010   Code   RO          751    .text               c_p.l(exit.o)
    0x080041e0   0x00000008   Code   RO          763    .text               c_p.l(libspace.o)
    0x080041e8   0x0000000c   Code   RO          820    .text               c_p.l(sys_exit.o)
    0x080041f4   0x00000002   Code   RO          839    .text               c_p.l(use_no_semi.o)
    0x080041f6   0x00000000   Code   RO          841    .text               c_p.l(indicate_semi.o)
    0x080041f6   0x000001b4   Data   RO            3    .constdata          main.o
    0x080043aa   0x00000002   PAD
    0x080043ac   0x00000020   Data   RO          891    Region$$Table       anon$$obj.o


    Execution Region ER_RW (Base: 0x20000000, Size: 0x000000b4, Max: 0xffffffff, ABSOLUTE)

    Base Addr    Size         Type   Attr      Idx    E Section Name        Object

    0x20000000   0x00000014   Data   RW          124    .data               system_stm32f0xx.o
    0x20000014   0x00000068   Data   RW          225    .data               comm_task.o
    0x2000007c   0x00000002   Data   RW          227    .data               comm_task.o
    0x2000007e   0x00000004   Data   RW          267    .data               key_led_task.o
    0x20000082   0x0000000a   Data   RW          302    .data               protocol_module.o
    0x2000008c   0x00000002   Data   RW          334    .data               common.o
    0x2000008e   0x00000004   Data   RW          356    .data               delay.o
    0x20000092   0x00000002   Data   RW          428    .data               i2c.o
    0x20000094   0x00000004   Data   RW          447    .data               hardware.o
    0x20000098   0x00000002   Data   RW          448    .data               hardware.o
    0x2000009a   0x00000002   PAD
    0x2000009c   0x00000008   Data   RW          488    .data               os_core.o
    0x200000a4   0x00000010   Data   RW          532    .data               stm32f0xx_rcc.o


    Execution Region ER_ZI (Base: 0x200000b4, Size: 0x00000ec4, Max: 0xffffffff, ABSOLUTE)

    Base Addr    Size         Type   Attr      Idx    E Section Name        Object

    0x200000b4   0x0000053b   Zero   RW          222    .bss                comm_task.o
    0x200005ef   0x000000f8   Zero   RW          223    .bss                comm_task.o
    0x200006e7   0x000001b4   Zero   RW          224    .bss                comm_task.o
    0x2000089b   0x00000001   PAD
    0x2000089c   0x00000078   Zero   RW          487    .bss                os_core.o
    0x20000914   0x00000060   Zero   RW          764    .bss                c_p.l(libspace.o)
    0x20000974   0x00000004   PAD
    0x20000978   0x00000200   Zero   RW          508    HEAP                startup_stm32f0xx.o
    0x20000b78   0x00000400   Zero   RW          507    STACK               startup_stm32f0xx.o


==============================================================================

Image component sizes


      Code (inc. data)   RO Data    RW Data    ZI Data      Debug   Object Name

       176         44          0          0          0       1266   app.o
       146          0          0          0          0       3030   cmd_receive.o
      2344         82          0        106       2023      11801   comm_task.o
        32          4          0          2          0       1485   common.o
       144         16          0          4          0       1055   delay.o
       166          0          0          0          0       2543   fifo.o
       796         36          0          6          0       4937   hardware.o
       692         14          0          2          0       3274   i2c.o
        48          6          0          0          0      92771   iwtdg.o
       932         70          0          4          0       7634   key_led_task.o
        40          4        436          0          0      58738   main.o
       464         28          0          0          0       2217   motor_pwm.o
       180          8          0          8        120       2416   os_core.o
      1404         52          0         10          0      12637   protocol_module.o
       288         10          0          0          0       1813   serial_port.o
        56         26        192          0       1536        624   startup_stm32f0xx.o
       548         12          0          0          0       7139   stm32f0xx_adc.o
       292         12          0          0          0       3614   stm32f0xx_dma.o
       212         14          0          0          0       2343   stm32f0xx_exti.o
      1100         20          0          0          0       8046   stm32f0xx_flash.o
       348         22          0          0          0       3849   stm32f0xx_gpio.o
        44          4          0          0          0        956   stm32f0xx_it.o
        68         12          0          0          0       1469   stm32f0xx_iwdg.o
       124         16          0          0          0       1384   stm32f0xx_misc.o
       224         10          0          0          0       2198   stm32f0xx_pwr.o
      1036         38          0         16          0       8770   stm32f0xx_rcc.o
       152          4          0          0          0       2026   stm32f0xx_syscfg.o
      2332        122          0          0          0      22543   stm32f0xx_tim.o
      1122         12          0          0          0      12551   stm32f0xx_usart.o
       316         28          0         20          0       1615   system_stm32f0xx.o

    ----------------------------------------------------------------------
     15828        726        662        180       3680     286744   Object Totals
         0          0         32          0          0          0   (incl. Generated)
         2          0          2          2          1          0   (incl. Padding)

    ----------------------------------------------------------------------

      Code (inc. data)   RO Data    RW Data    ZI Data      Debug   Library Member Name

         8          0          0          0          0         68   __main.o
         0          0          0          0          0          0   __rtentry.o
        12          0          0          0          0          0   __rtentry2.o
         6          0          0          0          0          0   __rtentry4.o
        60          8          0          0          0          0   __scatter.o
        26          0          0          0          0          0   __scatter_copy.o
        28          0          0          0          0          0   __scatter_zi.o
       346          0          0          0          0         92   aeabi_sdiv.o
        16          0          0          0          0         68   exit.o
         6          0          0          0          0        136   heapauxi.o
         0          0          0          0          0          0   indicate_semi.o
         2          0          0          0          0          0   libinit.o
         2          0          0          0          0          0   libinit2.o
         2          0          0          0          0          0   libshutdown.o
         2          0          0          0          0          0   libshutdown2.o
         8          4          0          0         96         68   libspace.o
        64          0          0          0          0        108   rt_memclr.o
       186          0          0          0          0        144   rt_memcpy.o
         2          0          0          0          0          0   rtexit.o
        10          0          0          0          0          0   rtexit2.o
        12          4          0          0          0         60   sys_exit.o
        62          0          0          0          0         80   sys_stackheap_outer.o
         2          0          0          0          0         68   use_no_semi.o

    ----------------------------------------------------------------------
       866         16          0          0        100        892   Library Totals
         4          0          0          0          4          0   (incl. Padding)

    ----------------------------------------------------------------------

      Code (inc. data)   RO Data    RW Data    ZI Data      Debug   Library Name

       862         16          0          0         96        892   c_p.l

    ----------------------------------------------------------------------
       866         16          0          0        100        892   Library Totals

    ----------------------------------------------------------------------

==============================================================================


      Code (inc. data)   RO Data    RW Data    ZI Data      Debug   

     16694        742        662        180       3780     283920   Grand Totals
     16694        742        662        180       3780     283920   ELF Image Totals
     16694        742        662        180          0          0   ROM Totals

==============================================================================

    Total RO  Size (Code + RO Data)                17356 (  16.95kB)
    Total RW  Size (RW Data + ZI Data)              3960 (   3.87kB)
    Total ROM Size (Code + RO Data + RW Data)      17536 (  17.13kB)

==============================================================================

