Component: ARM Compiler 5.06 update 4 (build 422) Tool: armlink [4d35d2]

==============================================================================

Section Cross References

    main.o(.text) refers to delay.o(.text) for delay_init
    main.o(.text) refers to os_core.o(.text) for os_init
    main.o(.text) refers to app.o(.text) for init_task
    stm32f0xx_it.o(.text) refers to stm32f0xx_tim.o(.text) for TIM_GetITStatus
    stm32f0xx_it.o(.text) refers to os_core.o(.text) for os_isr_ticks
    system_stm32f0xx.o(.text) refers to aeabi_sdiv.o(.text) for __aeabi_uidivmod
    system_stm32f0xx.o(.text) refers to stm32f0xx_rcc.o(.text) for RCC_MCOConfig
    system_stm32f0xx.o(.text) refers to system_stm32f0xx.o(.data) for .data
    app.o(.text) refers to hardware.o(.text) for init_hardware
    app.o(.text) refers to motor_pwm.o(.text) for Motor_PWM_Init
    app.o(.text) refers to fifo.o(.text) for fifoInit
    app.o(.text) refers to serial_port.o(.text) for UARTInit
    app.o(.text) refers to cmd_receive.o(.text) for Init_Receive
    app.o(.text) refers to os_core.o(.text) for os_create_task
    app.o(.text) refers to comm_task.o(.bss) for send_buf
    app.o(.text) refers to comm_task.o(.bss) for send_fifo
    app.o(.text) refers to comm_task.o(.text) for TaskDataSend
    app.o(.text) refers to key_led_task.o(.text) for key_led_task
    comm_task.o(.text) refers to cmd_receive.o(.text) for GetBuf2Length
    comm_task.o(.text) refers to rt_memcpy.o(.emb_text) for __aeabi_memcpy4
    comm_task.o(.text) refers to protocol_module.o(.text) for protocol_module_process
    comm_task.o(.text) refers to delay.o(.text) for delay_ms
    comm_task.o(.text) refers to rt_memclr.o(.text) for __aeabi_memclr4
    comm_task.o(.text) refers to fifo.o(.text) for fifoReadData
    comm_task.o(.text) refers to serial_port.o(.text) for UartSendNBytes
    comm_task.o(.text) refers to os_core.o(.text) for os_delay_ms
    comm_task.o(.text) refers to motor_pwm.o(.text) for Motor_PWM_Freq_Dudy_Set
    comm_task.o(.text) refers to common.o(.text) for Delay_ms
    comm_task.o(.text) refers to i2c.o(.text) for ADS115_readByte
    comm_task.o(.text) refers to comm_task.o(.bss) for .bss
    comm_task.o(.text) refers to comm_task.o(.data) for .data
    comm_task.o(.text) refers to main.o(.constdata) for default_parameter_buf
    comm_task.o(.text) refers to key_led_task.o(.data) for mcu_state
    comm_task.o(.text) refers to rt_memcpy.o(.text) for __aeabi_memcpy
    comm_task.o(.text) refers to hardware.o(.text) for set_led
    comm_task.o(.text) refers to hardware.o(.data) for RegularConvData_Tab
    key_led_task.o(.text) refers to stm32f0xx_gpio.o(.text) for GPIO_ReadInputDataBit
    key_led_task.o(.text) refers to hardware.o(.text) for set_led
    key_led_task.o(.text) refers to motor_pwm.o(.text) for Motor_PWM_Freq_Dudy_Set
    key_led_task.o(.text) refers to common.o(.text) for Delay_ms
    key_led_task.o(.text) refers to os_core.o(.text) for os_delay_ms
    key_led_task.o(.text) refers to key_led_task.o(.data) for .data
    key_led_task.o(.text) refers to hardware.o(.data) for RegularConvData_Tab
    protocol_module.o(.text) refers to comm_task.o(.text) for CalcCheckSum
    protocol_module.o(.text) refers to fifo.o(.text) for fifoWriteData
    protocol_module.o(.text) refers to rt_memclr.o(.text) for __aeabi_memclr
    protocol_module.o(.text) refers to stm32f0xx_flash.o(.text) for FLASH_Unlock
    protocol_module.o(.text) refers to rt_memcpy.o(.text) for __aeabi_memcpy
    protocol_module.o(.text) refers to comm_task.o(.bss) for send_fifo
    protocol_module.o(.text) refers to comm_task.o(.data) for check_sum
    protocol_module.o(.text) refers to hardware.o(.data) for RegularConvData_Tab
    common.o(.text) refers to delay.o(.text) for delay_us
    common.o(.text) refers to common.o(.data) for .data
    delay.o(.text) refers to stm32f0xx_misc.o(.text) for SysTick_CLKSourceConfig
    delay.o(.text) refers to aeabi_sdiv.o(.text) for __aeabi_uidivmod
    delay.o(.text) refers to system_stm32f0xx.o(.data) for SystemCoreClock
    delay.o(.text) refers to delay.o(.data) for .data
    cmd_receive.o(.text) refers to serial_port.o(.text) for GetUartReceiverResidualCnt
    serial_port.o(.text) refers to stm32f0xx_rcc.o(.text) for RCC_AHBPeriphClockCmd
    serial_port.o(.text) refers to stm32f0xx_gpio.o(.text) for GPIO_PinAFConfig
    serial_port.o(.text) refers to stm32f0xx_usart.o(.text) for USART_Init
    serial_port.o(.text) refers to stm32f0xx_dma.o(.text) for DMA_DeInit
    i2c.o(.text) refers to stm32f0xx_rcc.o(.text) for RCC_AHBPeriphClockCmd
    i2c.o(.text) refers to stm32f0xx_gpio.o(.text) for GPIO_Init
    i2c.o(.text) refers to common.o(.text) for Delay_us
    i2c.o(.text) refers to i2c.o(.data) for .data
    hardware.o(.text) refers to stm32f0xx_rcc.o(.text) for RCC_APB2PeriphClockCmd
    hardware.o(.text) refers to stm32f0xx_misc.o(.text) for NVIC_Init
    hardware.o(.text) refers to aeabi_sdiv.o(.text) for __aeabi_uidivmod
[...]
    Removing protocol_module.o(.emb_text), (8 bytes).
    Removing common.o(.emb_text), (8 bytes).
    Removing delay.o(.emb_text), (8 bytes).
    Removing cmd_receive.o(.emb_text), (8 bytes).
    Removing serial_port.o(.emb_text), (8 bytes).
    Removing i2c.o(.emb_text), (8 bytes).
    Removing hardware.o(.emb_text), (8 bytes).
    Removing hardware.o(.bss), (16 bytes).
    Removing motor_pwm.o(.emb_text), (8 bytes).
    Removing os_core.o(.emb_text), (8 bytes).
    Removing os_core.o(.data), (2 bytes).
    Removing stm32f0xx_gpio.o(.emb_text), (8 bytes).
    Removing stm32f0xx_rcc.o(.emb_text), (8 bytes).
    Removing stm32f0xx_misc.o(.emb_text), (8 bytes).
    Removing stm32f0xx_usart.o(.emb_text), (8 bytes).
    Removing stm32f0xx_tim.o(.emb_text), (8 bytes).
    Removing stm32f0xx_dma.o(.emb_text), (8 bytes).
    Removing stm32f0xx_pwr.o(.emb_text), (8 bytes).
    Removing stm32f0xx_pwr.o(.text), (224 bytes).
    Removing stm32f0xx_flash.o(.emb_text), (8 bytes).
    Removing stm32f0xx_adc.o(.emb_text), (8 bytes).

31 unused section(s) (total 440 bytes) removed from the image.

==============================================================================

Image Symbol Table

    Local Symbols

    Symbol Name                              Value     Ov Type        Size  Object(Section)

    ../clib/angel/boardlib.s                 0x00000000   Number         0  boardinit1.o ABSOLUTE
    ../clib/angel/boardlib.s                 0x00000000   Number         0  boardinit2.o ABSOLUTE
    ../clib/angel/boardlib.s                 0x00000000   Number         0  boardinit3.o ABSOLUTE
    ../clib/angel/boardlib.s                 0x00000000   Number         0  boardshut.o ABSOLUTE
    ../clib/angel/handlers.s                 0x00000000   Number         0  __scatter_copy.o ABSOLUTE
    ../clib/angel/handlers.s                 0x00000000   Number         0  __scatter_zi.o ABSOLUTE
    ../clib/angel/kernel.s                   0x00000000   Number         0  rtexit.o ABSOLUTE
    ../clib/angel/kernel.s                   0x00000000   Number         0  __rtentry.o ABSOLUTE
    ../clib/angel/kernel.s                   0x00000000   Number         0  __rtentry2.o ABSOLUTE
    ../clib/angel/kernel.s                   0x00000000   Number         0  __rtentry4.o ABSOLUTE
    ../clib/angel/kernel.s                   0x00000000   Number         0  rtexit2.o ABSOLUTE
    ../clib/angel/rt.s                       0x00000000   Number         0  aeabi_idiv0.o ABSOLUTE
    ../clib/angel/rt.s                       0x00000000   Number         0  aeabi_idiv0_sigfpe.o ABSOLUTE
    ../clib/angel/rt.s                       0x00000000   Number         0  rt_raise.o ABSOLUTE
    ../clib/angel/rt.s                       0x00000000   Number         0  rt_div0.o ABSOLUTE
    ../clib/angel/scatterp.s                 0x00000000   Number         0  __scatter.o ABSOLUTE
    ../clib/angel/startup.s                  0x00000000   Number         0  __main.o ABSOLUTE
    ../clib/angel/sys.s                      0x00000000   Number         0  sys_stackheap_outer.o ABSOLUTE
    ../clib/angel/sys.s                      0x00000000   Number         0  libspace.o ABSOLUTE
    ../clib/angel/sys.s                      0x00000000   Number         0  tempstk.o ABSOLUTE
    ../clib/angel/sys.s                      0x00000000   Number         0  indicate_semi.o ABSOLUTE
    ../clib/angel/sys.s                      0x00000000   Number         0  use_no_semi.o ABSOLUTE
    ../clib/angel/sysapp.c                   0x00000000   Number         0  sys_command.o ABSOLUTE
    ../clib/angel/sysapp.c                   0x00000000   Number         0  sys_exit.o ABSOLUTE
    ../clib/angel/sysapp.c                   0x00000000   Number         0  sys_wrch.o ABSOLUTE
    ../clib/armsys.c                         0x00000000   Number         0  no_argv.o ABSOLUTE
    ../clib/armsys.c                         0x00000000   Number         0  _get_argv_nomalloc.o ABSOLUTE
    ../clib/armsys.c                         0x00000000   Number         0  argv_veneer.o ABSOLUTE
    ../clib/division.s                       0x00000000   Number         0  aeabi_sdiv_div0.o ABSOLUTE
    ../clib/division.s                       0x00000000   Number         0  aeabi_sdiv.o ABSOLUTE
    ../clib/heapalloc.c                      0x00000000   Number         0  hrguard.o ABSOLUTE
    ../clib/heapaux.c                        0x00000000   Number         0  heapauxi.o ABSOLUTE
    ../clib/libinit.s                        0x00000000   Number         0  libshutdown2.o ABSOLUTE
    ../clib/libinit.s                        0x00000000   Number         0  libinit.o ABSOLUTE
    ../clib/libinit.s                        0x00000000   Number         0  libshutdown.o ABSOLUTE
    ../clib/libinit.s                        0x00000000   Number         0  libinit2.o ABSOLUTE
    ../clib/memcpset.c                       0x00000000   Number         0  rt_memcpy.o ABSOLUTE
    ../clib/memcpset.c                       0x00000000   Number         0  rt_memclr.o ABSOLUTE
    ../clib/memcpset.c                       0x00000000   Number         0  rt_memcpy.o ABSOLUTE
    ../clib/signal.c                         0x00000000   Number         0  defsig_cppl_inner.o ABSOLUTE
    ../clib/signal.c                         0x00000000   Number         0  defsig_pvfn_inner.o ABSOLUTE
    ../clib/signal.c                         0x00000000   Number         0  defsig_stak_inner.o ABSOLUTE
    ../clib/signal.c                         0x00000000   Number         0  defsig_rtmem_outer.o ABSOLUTE
    ../clib/signal.c                         0x00000000   Number         0  defsig_rtmem_inner.o ABSOLUTE
    ../clib/signal.c                         0x00000000   Number         0  defsig_rtred_inner.o ABSOLUTE
    ../clib/signal.c                         0x00000000   Number         0  defsig_abrt_inner.o ABSOLUTE
    ../clib/signal.c                         0x00000000   Number         0  defsig_rtmem_formal.o ABSOLUTE
    ../clib/signal.c                         0x00000000   Number         0  defsig_general.o ABSOLUTE
    ../clib/signal.c                         0x00000000   Number         0  __raise.o ABSOLUTE
    ../clib/signal.c                         0x00000000   Number         0  defsig_fpe_formal.o ABSOLUTE
    ../clib/signal.c                         0x00000000   Number         0  defsig_fpe_outer.o ABSOLUTE
    ../clib/signal.c                         0x00000000   Number         0  defsig_exit.o ABSOLUTE
    ../clib/signal.c                         0x00000000   Number         0  defsig_fpe_inner.o ABSOLUTE
    ../clib/signal.c                         0x00000000   Number         0  defsig_other.o ABSOLUTE
    ../clib/signal.c                         0x00000000   Number         0  defsig_segv_inner.o ABSOLUTE
    ../clib/signal.s                         0x00000000   Number         0  defsig.o ABSOLUTE
    ../clib/stdlib.c                         0x00000000   Number         0  exit.o ABSOLUTE
    ../fplib/cfplib/fpinit.c                 0x00000000   Number         0  fpinit.o ABSOLUTE
    ..\APP\app.c                             0x00000000   Number         0  app.o ABSOLUTE
    ..\APP\comm_task.c                       0x00000000   Number         0  comm_task.o ABSOLUTE
    ..\APP\common.c                          0x00000000   Number         0  common.o ABSOLUTE
    ..\APP\i2c.c                             0x00000000   Number         0  i2c.o ABSOLUTE
    ..\APP\key_led_task.c                    0x00000000   Number         0  key_led_task.o ABSOLUTE
    ..\CORE\startup_stm32f0xx.s              0x00000000   Number         0  startup_stm32f0xx.o ABSOLUTE
    ..\HARDWARE\Motor_pwm.c                  0x00000000   Number         0  motor_pwm.o ABSOLUTE
    ..\HARDWARE\hardware.c                   0x00000000   Number         0  hardware.o ABSOLUTE
    ..\MODULE\protocol_module.c              0x00000000   Number         0  protocol_module.o ABSOLUTE
    ..\OS\os_core.c                          0x00000000   Number         0  os_core.o ABSOLUTE
    ..\STM32F03x_FWLib\src\stm32f0xx_adc.c   0x00000000   Number         0  stm32f0xx_adc.o ABSOLUTE
    ..\STM32F03x_FWLib\src\stm32f0xx_dma.c   0x00000000   Number         0  stm32f0xx_dma.o ABSOLUTE
    ..\STM32F03x_FWLib\src\stm32f0xx_flash.c 0x00000000   Number         0  stm32f0xx_flash.o ABSOLUTE
    ..\STM32F03x_FWLib\src\stm32f0xx_gpio.c  0x00000000   Number         0  stm32f0xx_gpio.o ABSOLUTE
    ..\STM32F03x_FWLib\src\stm32f0xx_misc.c  0x00000000   Number         0  stm32f0xx_misc.o ABSOLUTE
    ..\STM32F03x_FWLib\src\stm32f0xx_pwr.c   0x00000000   Number         0  stm32f0xx_pwr.o ABSOLUTE
    ..\STM32F03x_FWLib\src\stm32f0xx_rcc.c   0x00000000   Number         0  stm32f0xx_rcc.o ABSOLUTE
    ..\STM32F03x_FWLib\src\stm32f0xx_tim.c   0x00000000   Number         0  stm32f0xx_tim.o ABSOLUTE
    ..\STM32F03x_FWLib\src\stm32f0xx_usart.c 0x00000000   Number         0  stm32f0xx_usart.o ABSOLUTE
    ..\SYSTEM\cmd\CMD_Receive.c              0x00000000   Number         0  cmd_receive.o ABSOLUTE
    ..\SYSTEM\delay.c                        0x00000000   Number         0  delay.o ABSOLUTE
    ..\SYSTEM\fifo\fifo.c                    0x00000000   Number         0  fifo.o ABSOLUTE
    ..\SYSTEM\serial_port.c                  0x00000000   Number         0  serial_port.o ABSOLUTE
    ..\\APP\\app.c                           0x00000000   Number         0  app.o ABSOLUTE
    ..\\APP\\comm_task.c                     0x00000000   Number         0  comm_task.o ABSOLUTE
    ..\\APP\\common.c                        0x00000000   Number         0  common.o ABSOLUTE
    ..\\APP\\i2c.c                           0x00000000   Number         0  i2c.o ABSOLUTE
    ..\\APP\\key_led_task.c                  0x00000000   Number         0  key_led_task.o ABSOLUTE
    ..\\HARDWARE\\Motor_pwm.c                0x00000000   Number         0  motor_pwm.o ABSOLUTE
    ..\\HARDWARE\\hardware.c                 0x00000000   Number         0  hardware.o ABSOLUTE
    ..\\MODULE\\protocol_module.c            0x00000000   Number         0  protocol_module.o ABSOLUTE
    ..\\OS\\os_core.c                        0x00000000   Number         0  os_core.o ABSOLUTE
    ..\\STM32F03x_FWLib\\src\\stm32f0xx_adc.c 0x00000000   Number         0  stm32f0xx_adc.o ABSOLUTE
    ..\\STM32F03x_FWLib\\src\\stm32f0xx_dma.c 0x00000000   Number         0  stm32f0xx_dma.o ABSOLUTE
    ..\\STM32F03x_FWLib\\src\\stm32f0xx_flash.c 0x00000000   Number         0  stm32f0xx_flash.o ABSOLUTE
    ..\\STM32F03x_FWLib\\src\\stm32f0xx_gpio.c 0x00000000   Number         0  stm32f0xx_gpio.o ABSOLUTE
    ..\\STM32F03x_FWLib\\src\\stm32f0xx_misc.c 0x00000000   Number         0  stm32f0xx_misc.o ABSOLUTE
    ..\\STM32F03x_FWLib\\src\\stm32f0xx_pwr.c 0x00000000   Number         0  stm32f0xx_pwr.o ABSOLUTE
    ..\\STM32F03x_FWLib\\src\\stm32f0xx_rcc.c 0x00000000   Number         0  stm32f0xx_rcc.o ABSOLUTE
    ..\\STM32F03x_FWLib\\src\\stm32f0xx_tim.c 0x00000000   Number         0  stm32f0xx_tim.o ABSOLUTE
    ..\\STM32F03x_FWLib\\src\\stm32f0xx_usart.c 0x00000000   Number         0  stm32f0xx_usart.o ABSOLUTE
    ..\\SYSTEM\\cmd\\CMD_Receive.c           0x00000000   Number         0  cmd_receive.o ABSOLUTE
    ..\\SYSTEM\\delay.c                      0x00000000   Number         0  delay.o ABSOLUTE
    ..\\SYSTEM\\serial_port.c                0x00000000   Number         0  serial_port.o ABSOLUTE
    dc.s                                     0x00000000   Number         0  dc.o ABSOLUTE
    main.c                                   0x00000000   Number         0  main.o ABSOLUTE
    main.c                                   0x00000000   Number         0  main.o ABSOLUTE
    stm32f0xx_it.c                           0x00000000   Number         0  stm32f0xx_it.o ABSOLUTE
    stm32f0xx_it.c                           0x00000000   Number         0  stm32f0xx_it.o ABSOLUTE
    system_stm32f0xx.c                       0x00000000   Number         0  system_stm32f0xx.o ABSOLUTE
    system_stm32f0xx.c                       0x00000000   Number         0  system_stm32f0xx.o ABSOLUTE
    RESET                                    0x08000000   Section      192  startup_stm32f0xx.o(RESET)
    !!!main                                  0x080000c0   Section        8  __main.o(!!!main)
    !!!scatter                               0x080000c8   Section       60  __scatter.o(!!!scatter)
    !!handler_copy                           0x08000104   Section       26  __scatter_copy.o(!!handler_copy)
    !!handler_zi                             0x08000120   Section       28  __scatter_zi.o(!!handler_zi)
    .ARM.Collect$$libinit$$00000000          0x0800013c   Section        2  libinit.o(.ARM.Collect$$libinit$$00000000)
    .ARM.Collect$$libinit$$00000002          0x0800013e   Section        0  libinit2.o(.ARM.Collect$$libinit$$00000002)
    .ARM.Collect$$libinit$$00000004          0x0800013e   Section        0  libinit2.o(.ARM.Collect$$libinit$$00000004)
    .ARM.Collect$$libinit$$0000000A          0x0800013e   Section        0  libinit2.o(.ARM.Collect$$libinit$$0000000A)
    .ARM.Collect$$libinit$$0000000C          0x0800013e   Section        0  libinit2.o(.ARM.Collect$$libinit$$0000000C)
    .ARM.Collect$$libinit$$0000000E          0x0800013e   Section        0  libinit2.o(.ARM.Collect$$libinit$$0000000E)
    .ARM.Collect$$libinit$$00000011          0x0800013e   Section        0  libinit2.o(.ARM.Collect$$libinit$$00000011)
    .ARM.Collect$$libinit$$00000013          0x0800013e   Section        0  libinit2.o(.ARM.Collect$$libinit$$00000013)
    .ARM.Collect$$libinit$$00000015          0x0800013e   Section        0  libinit2.o(.ARM.Collect$$libinit$$00000015)
    .ARM.Collect$$libinit$$00000017          0x0800013e   Section        0  libinit2.o(.ARM.Collect$$libinit$$00000017)
    .ARM.Collect$$libinit$$00000019          0x0800013e   Section        0  libinit2.o(.ARM.Collect$$libinit$$00000019)
    .ARM.Collect$$libinit$$0000001B          0x0800013e   Section        0  libinit2.o(.ARM.Collect$$libinit$$0000001B)
    .ARM.Collect$$libinit$$0000001D          0x0800013e   Section        0  libinit2.o(.ARM.Collect$$libinit$$0000001D)
    .ARM.Collect$$libinit$$0000001F          0x0800013e   Section        0  libinit2.o(.ARM.Collect$$libinit$$0000001F)
    .ARM.Collect$$libinit$$00000021          0x0800013e   Section        0  libinit2.o(.ARM.Collect$$libinit$$00000021)
    .ARM.Collect$$libinit$$00000023          0x0800013e   Section        0  libinit2.o(.ARM.Collect$$libinit$$00000023)
    .ARM.Collect$$libinit$$00000025          0x0800013e   Section        0  libinit2.o(.ARM.Collect$$libinit$$00000025)
    .ARM.Collect$$libinit$$0000002C          0x0800013e   Section        0  libinit2.o(.ARM.Collect$$libinit$$0000002C)
    .ARM.Collect$$libinit$$0000002E          0x0800013e   Section        0  libinit2.o(.ARM.Collect$$libinit$$0000002E)
    .ARM.Collect$$libinit$$00000030          0x0800013e   Section        0  libinit2.o(.ARM.Collect$$libinit$$00000030)
    .ARM.Collect$$libinit$$00000032          0x0800013e   Section        0  libinit2.o(.ARM.Collect$$libinit$$00000032)
    .ARM.Collect$$libinit$$00000033          0x0800013e   Section        2  libinit2.o(.ARM.Collect$$libinit$$00000033)
    .ARM.Collect$$libshutdown$$00000000      0x08000140   Section        2  libshutdown.o(.ARM.Collect$$libshutdown$$00000000)
    .ARM.Collect$$libshutdown$$00000002      0x08000142   Section        0  libshutdown2.o(.ARM.Collect$$libshutdown$$00000002)
    .ARM.Collect$$libshutdown$$00000004      0x08000142   Section        0  libshutdown2.o(.ARM.Collect$$libshutdown$$00000004)
    .ARM.Collect$$libshutdown$$00000007      0x08000142   Section        0  libshutdown2.o(.ARM.Collect$$libshutdown$$00000007)
    .ARM.Collect$$libshutdown$$0000000A      0x08000142   Section        0  libshutdown2.o(.ARM.Collect$$libshutdown$$0000000A)
    .ARM.Collect$$libshutdown$$0000000C      0x08000142   Section        0  libshutdown2.o(.ARM.Collect$$libshutdown$$0000000C)
    .ARM.Collect$$libshutdown$$0000000F      0x08000142   Section        0  libshutdown2.o(.ARM.Collect$$libshutdown$$0000000F)
    .ARM.Collect$$libshutdown$$00000010      0x08000142   Section        2  libshutdown2.o(.ARM.Collect$$libshutdown$$00000010)
    .ARM.Collect$$rtentry$$00000000          0x08000144   Section        0  __rtentry.o(.ARM.Collect$$rtentry$$00000000)
    .ARM.Collect$$rtentry$$00000002          0x08000144   Section        0  __rtentry2.o(.ARM.Collect$$rtentry$$00000002)
    .ARM.Collect$$rtentry$$00000004          0x08000144   Section        6  __rtentry4.o(.ARM.Collect$$rtentry$$00000004)
    .ARM.Collect$$rtentry$$00000009          0x0800014a   Section        0  __rtentry2.o(.ARM.Collect$$rtentry$$00000009)
    .ARM.Collect$$rtentry$$0000000A          0x0800014a   Section        4  __rtentry2.o(.ARM.Collect$$rtentry$$0000000A)
    .ARM.Collect$$rtentry$$0000000C          0x0800014e   Section        0  __rtentry2.o(.ARM.Collect$$rtentry$$0000000C)
    .ARM.Collect$$rtentry$$0000000D          0x0800014e   Section        8  __rtentry2.o(.ARM.Collect$$rtentry$$0000000D)
    .ARM.Collect$$rtexit$$00000000           0x08000156   Section        2  rtexit.o(.ARM.Collect$$rtexit$$00000000)
    .ARM.Collect$$rtexit$$00000002           0x08000158   Section        0  rtexit2.o(.ARM.Collect$$rtexit$$00000002)
    .ARM.Collect$$rtexit$$00000003           0x08000158   Section        4  rtexit2.o(.ARM.Collect$$rtexit$$00000003)
    .ARM.Collect$$rtexit$$00000004           0x0800015c   Section        6  rtexit2.o(.ARM.Collect$$rtexit$$00000004)
    .emb_text                                0x08000164   Section       56  rt_memcpy.o(.emb_text)
    .text                                    0x0800019c   Section        0  main.o(.text)
    .text                                    0x080001bc   Section        0  stm32f0xx_it.o(.text)
    .text                                    0x080001e8   Section        0  system_stm32f0xx.o(.text)
    SetSysClock                              0x08000297   Thumb Code   114  system_stm32f0xx.o(.text)
    .text                                    0x08000324   Section        0  app.o(.text)
    .text                                    0x080003a0   Section        0  comm_task.o(.text)
    ModuleUnPackFrame                        0x080003c3   Thumb Code   192  comm_task.o(.text)
    .text                                    0x0800093c   Section        0  key_led_task.o(.text)
    .text                                    0x08000a34   Section        0  protocol_module.o(.text)
    .text                                    0x08000e20   Section        0  common.o(.text)
    .text                                    0x08000e40   Section        0  delay.o(.text)
    .text                                    0x08000ed0   Section        0  fifo.o(.text)
    .text                                    0x08000f76   Section        0  cmd_receive.o(.text)
    .text                                    0x08001008   Section        0  serial_port.o(.text)
    .text                                    0x08001124   Section        0  i2c.o(.text)
    .text                                    0x08001384   Section        0  hardware.o(.text)
    .text                                    0x080015fc   Section        0  motor_pwm.o(.text)
    Motor_PWM_Config                         0x080015fd   Thumb Code   198  motor_pwm.o(.text)
    Motor_PWM_GPIO_Config                    0x0800174d   Thumb Code   100  motor_pwm.o(.text)
    .text                                    0x080017cc   Section        0  os_core.o(.text)
    .text                                    0x08001898   Section       56  startup_stm32f0xx.o(.text)
    .text                                    0x080018d0   Section        0  stm32f0xx_gpio.o(.text)
    .text                                    0x08001a2c   Section        0  stm32f0xx_rcc.o(.text)
    .text                                    0x08001e38   Section        0  stm32f0xx_misc.o(.text)
    .text                                    0x08001eb4   Section        0  stm32f0xx_usart.o(.text)
    .text                                    0x08002318   Section        0  stm32f0xx_tim.o(.text)
    TI2_Config                               0x080028fd   Thumb Code    42  stm32f0xx_tim.o(.text)
    TI1_Config                               0x08002937   Thumb Code    40  stm32f0xx_tim.o(.text)
    .text                                    0x08002c34   Section        0  stm32f0xx_dma.o(.text)
    .text                                    0x08002d58   Section        0  stm32f0xx_flash.o(.text)
    .text                                    0x080031a4   Section        0  stm32f0xx_adc.o(.text)
    .text                                    0x080033c8   Section        0  rt_memcpy.o(.text)
    .text                                    0x0800344a   Section        0  rt_memclr.o(.text)
    .text                                    0x0800348a   Section      346  aeabi_sdiv.o(.text)
    .text                                    0x080035e4   Section        0  heapauxi.o(.text)
    .text                                    0x080035ea   Section       62  sys_stackheap_outer.o(.text)
    .text                                    0x08003628   Section        0  exit.o(.text)
    .text                                    0x08003638   Section        8  libspace.o(.text)
    .text                                    0x08003640   Section        0  sys_exit.o(.text)
    .text                                    0x0800364c   Section        2  use_no_semi.o(.text)
    .constdata                               0x0800364e   Section      436  main.o(.constdata)
    .text                                    0x0800364e   Section        0  indicate_semi.o(.text)
    .data                                    0x20000000   Section       20  system_stm32f0xx.o(.data)
    .data                                    0x20000014   Section       64  comm_task.o(.data)
    pwm1_state                               0x20000014   Data           1  comm_task.o(.data)
    pwm2_state                               0x20000015   Data           1  comm_task.o(.data)
    pwm3_state                               0x20000016   Data           1  comm_task.o(.data)
    sPacketHeadFlag                          0x2000001e   Data           1  comm_task.o(.data)
    sPacketLenFlag                           0x2000001f   Data           1  comm_task.o(.data)
    sCurPacketLen                            0x20000020   Data           1  comm_task.o(.data)
    sResetByte                               0x20000021   Data           1  comm_task.o(.data)
    p_pwm_state                              0x2000003c   Data           4  comm_task.o(.data)
    p_PWM_period_cnt                         0x20000040   Data           4  comm_task.o(.data)
    p_PWM_waitBetween_cnt                    0x20000044   Data           4  comm_task.o(.data)
    p_PWM_waitAfter_cnt                      0x20000048   Data           4  comm_task.o(.data)
    p_PWM_numOfCycle                         0x2000004c   Data           4  comm_task.o(.data)
    p_PWM_serial_cnt                         0x20000050   Data           4  comm_task.o(.data)
    .data                                    0x20000054   Section        2  comm_task.o(.data)
    .data                                    0x20000056   Section        4  key_led_task.o(.data)
    key_down_cnt                             0x20000058   Data           1  key_led_task.o(.data)
    key_up_cnt                               0x20000059   Data           1  key_led_task.o(.data)
    .data                                    0x2000005a   Section        2  common.o(.data)
    .data                                    0x2000005c   Section        4  delay.o(.data)
    fac_us                                   0x2000005c   Data           1  delay.o(.data)
    fac_ms                                   0x2000005e   Data           2  delay.o(.data)
    .data                                    0x20000060   Section        2  i2c.o(.data)
    data1                                    0x20000060   Data           1  i2c.o(.data)
    data2                                    0x20000061   Data           1  i2c.o(.data)
    .data                                    0x20000062   Section        4  hardware.o(.data)
    .data                                    0x20000068   Section       12  os_core.o(.data)
    index                                    0x20000070   Data           4  os_core.o(.data)
    .data                                    0x20000074   Section       16  stm32f0xx_rcc.o(.data)
    APBAHBPrescTable                         0x20000074   Data          16  stm32f0xx_rcc.o(.data)
    .bss                                     0x20000084   Section     1339  comm_task.o(.bss)
    pwm1_buffer                              0x2000052c   Data          49  comm_task.o(.bss)
    pwm2_buffer                              0x2000055d   Data          49  comm_task.o(.bss)
    pwm3_buffer                              0x2000058e   Data          49  comm_task.o(.bss)
    .bss                                     0x200005bf   Section      248  comm_task.o(.bss)
    .bss                                     0x200006b8   Section      120  os_core.o(.bss)
    .bss                                     0x20000730   Section       96  libspace.o(.bss)
    HEAP                                     0x20000790   Section      512  startup_stm32f0xx.o(HEAP)
    Heap_Mem                                 0x20000790   Data         512  startup_stm32f0xx.o(HEAP)
    STACK                                    0x20000990   Section     1024  startup_stm32f0xx.o(STACK)
    Stack_Mem                                0x20000990   Data        1024  startup_stm32f0xx.o(STACK)
    __initial_sp                             0x20000d90   Data           0  startup_stm32f0xx.o(STACK)

    Global Symbols

    Symbol Name                              Value     Ov Type        Size  Object(Section)

    BuildAttributes$$THM_ISAv3M$S$PE$A:L22$X:L11$S22$IEEE1$IW$USESV6$~STKCKD$USESV7$~SHL$OSPACE$ROPI$EBA8$UX$STANDARDLIB$REQ8$PRES8$EABIv2 0x00000000   Number         0  anon$$obj.o ABSOLUTE
    __ARM_use_no_argv                        0x00000000   Number         0  main.o ABSOLUTE
    __ARM_exceptions_init                     - Undefined Weak Reference
    __alloca_initialize                       - Undefined Weak Reference
    __arm_preinit_                            - Undefined Weak Reference
    __cpp_initialize__aeabi_                  - Undefined Weak Reference
    __cxa_finalize                            - Undefined Weak Reference
    __rt_locale                               - Undefined Weak Reference
    __sigvec_lookup                           - Undefined Weak Reference
    _atexit_init                              - Undefined Weak Reference
    _call_atexit_fns                          - Undefined Weak Reference
    _clock_init                               - Undefined Weak Reference
    _fp_trap_init                             - Undefined Weak Reference
    _fp_trap_shutdown                         - Undefined Weak Reference
    _get_lc_collate                           - Undefined Weak Reference
    _get_lc_ctype                             - Undefined Weak Reference
    _get_lc_monetary                          - Undefined Weak Reference
    _get_lc_numeric                           - Undefined Weak Reference
    _get_lc_time                              - Undefined Weak Reference
    _getenv_init                              - Undefined Weak Reference
    _handle_redirection                       - Undefined Weak Reference
    _init_alloc                               - Undefined Weak Reference
    _init_user_alloc                          - Undefined Weak Reference
    _initio                                   - Undefined Weak Reference
    _rand_init                                - Undefined Weak Reference
    _signal_finish                            - Undefined Weak Reference
    _signal_init                              - Undefined Weak Reference
    _terminate_alloc                          - Undefined Weak Reference
    _terminate_user_alloc                     - Undefined Weak Reference
    _terminateio                              - Undefined Weak Reference
    __Vectors_Size                           0x000000c0   Number         0  startup_stm32f0xx.o ABSOLUTE
    __Vectors                                0x08000000   Data           4  startup_stm32f0xx.o(RESET)
    __Vectors_End                            0x080000c0   Data           0  startup_stm32f0xx.o(RESET)
    __main                                   0x080000c1   Thumb Code     8  __main.o(!!!main)
    __scatterload                            0x080000c9   Thumb Code     0  __scatter.o(!!!scatter)
    __scatterload_rt2                        0x080000c9   Thumb Code    52  __scatter.o(!!!scatter)
    __scatterload_rt2_thumb_only             0x080000c9   Thumb Code     0  __scatter.o(!!!scatter)
    __scatterload_null                       0x080000d9   Thumb Code     0  __scatter.o(!!!scatter)
    __scatterload_copy                       0x08000105   Thumb Code    26  __scatter_copy.o(!!handler_copy)
    __scatterload_zeroinit                   0x08000121   Thumb Code    28  __scatter_zi.o(!!handler_zi)
    __rt_lib_init                            0x0800013d   Thumb Code     0  libinit.o(.ARM.Collect$$libinit$$00000000)
    __rt_lib_init_alloca_1                   0x0800013f   Thumb Code     0  libinit2.o(.ARM.Collect$$libinit$$0000002E)
    __rt_lib_init_argv_1                     0x0800013f   Thumb Code     0  libinit2.o(.ARM.Collect$$libinit$$0000002C)
    __rt_lib_init_atexit_1                   0x0800013f   Thumb Code     0  libinit2.o(.ARM.Collect$$libinit$$0000001B)
    __rt_lib_init_clock_1                    0x0800013f   Thumb Code     0  libinit2.o(.ARM.Collect$$libinit$$00000021)
    __rt_lib_init_cpp_1                      0x0800013f   Thumb Code     0  libinit2.o(.ARM.Collect$$libinit$$00000032)
    __rt_lib_init_exceptions_1               0x0800013f   Thumb Code     0  libinit2.o(.ARM.Collect$$libinit$$00000030)
    __rt_lib_init_fp_1                       0x0800013f   Thumb Code     0  libinit2.o(.ARM.Collect$$libinit$$00000002)
    __rt_lib_init_fp_trap_1                  0x0800013f   Thumb Code     0  libinit2.o(.ARM.Collect$$libinit$$0000001F)
    __rt_lib_init_getenv_1                   0x0800013f   Thumb Code     0  libinit2.o(.ARM.Collect$$libinit$$00000023)
    __rt_lib_init_heap_1                     0x0800013f   Thumb Code     0  libinit2.o(.ARM.Collect$$libinit$$0000000A)
    __rt_lib_init_lc_collate_1               0x0800013f   Thumb Code     0  libinit2.o(.ARM.Collect$$libinit$$00000011)
    __rt_lib_init_lc_ctype_1                 0x0800013f   Thumb Code     0  libinit2.o(.ARM.Collect$$libinit$$00000013)
    __rt_lib_init_lc_monetary_1              0x0800013f   Thumb Code     0  libinit2.o(.ARM.Collect$$libinit$$00000015)
    __rt_lib_init_lc_numeric_1               0x0800013f   Thumb Code     0  libinit2.o(.ARM.Collect$$libinit$$00000017)
    __rt_lib_init_lc_time_1                  0x0800013f   Thumb Code     0  libinit2.o(.ARM.Collect$$libinit$$00000019)
    __rt_lib_init_preinit_1                  0x0800013f   Thumb Code     0  libinit2.o(.ARM.Collect$$libinit$$00000004)
    __rt_lib_init_rand_1                     0x0800013f   Thumb Code     0  libinit2.o(.ARM.Collect$$libinit$$0000000E)
    __rt_lib_init_return                     0x0800013f   Thumb Code     0  libinit2.o(.ARM.Collect$$libinit$$00000033)
    __rt_lib_init_signal_1                   0x0800013f   Thumb Code     0  libinit2.o(.ARM.Collect$$libinit$$0000001D)
    __rt_lib_init_stdio_1                    0x0800013f   Thumb Code     0  libinit2.o(.ARM.Collect$$libinit$$00000025)
    __rt_lib_init_user_alloc_1               0x0800013f   Thumb Code     0  libinit2.o(.ARM.Collect$$libinit$$0000000C)
    __rt_lib_shutdown                        0x08000141   Thumb Code     0  libshutdown.o(.ARM.Collect$$libshutdown$$00000000)
    __rt_lib_shutdown_cpp_1                  0x08000143   Thumb Code     0  libshutdown2.o(.ARM.Collect$$libshutdown$$00000002)
    __rt_lib_shutdown_fp_trap_1              0x08000143   Thumb Code     0  libshutdown2.o(.ARM.Collect$$libshutdown$$00000007)
    __rt_lib_shutdown_heap_1                 0x08000143   Thumb Code     0  libshutdown2.o(.ARM.Collect$$libshutdown$$0000000F)
    __rt_lib_shutdown_return                 0x08000143   Thumb Code     0  libshutdown2.o(.ARM.Collect$$libshutdown$$00000010)
    __rt_lib_shutdown_signal_1               0x08000143   Thumb Code     0  libshutdown2.o(.ARM.Collect$$libshutdown$$0000000A)
    __rt_lib_shutdown_stdio_1                0x08000143   Thumb Code     0  libshutdown2.o(.ARM.Collect$$libshutdown$$00000004)
    __rt_lib_shutdown_user_alloc_1           0x08000143   Thumb Code     0  libshutdown2.o(.ARM.Collect$$libshutdown$$0000000C)
    __rt_entry                               0x08000145   Thumb Code     0  __rtentry.o(.ARM.Collect$$rtentry$$00000000)
    __rt_entry_presh_1                       0x08000145   Thumb Code     0  __rtentry2.o(.ARM.Collect$$rtentry$$00000002)
    __rt_entry_sh                            0x08000145   Thumb Code     0  __rtentry4.o(.ARM.Collect$$rtentry$$00000004)
    __rt_entry_li                            0x0800014b   Thumb Code     0  __rtentry2.o(.ARM.Collect$$rtentry$$0000000A)
    __rt_entry_postsh_1                      0x0800014b   Thumb Code     0  __rtentry2.o(.ARM.Collect$$rtentry$$00000009)
    __rt_entry_main                          0x0800014f   Thumb Code     0  __rtentry2.o(.ARM.Collect$$rtentry$$0000000D)
    __rt_entry_postli_1                      0x0800014f   Thumb Code     0  __rtentry2.o(.ARM.Collect$$rtentry$$0000000C)
    __rt_exit                                0x08000157   Thumb Code     0  rtexit.o(.ARM.Collect$$rtexit$$00000000)
    __rt_exit_ls                             0x08000159   Thumb Code     0  rtexit2.o(.ARM.Collect$$rtexit$$00000003)
    __rt_exit_prels_1                        0x08000159   Thumb Code     0  rtexit2.o(.ARM.Collect$$rtexit$$00000002)
    __rt_exit_exit                           0x0800015d   Thumb Code     0  rtexit2.o(.ARM.Collect$$rtexit$$00000004)
    __aeabi_memcpy4                          0x08000165   Thumb Code    56  rt_memcpy.o(.emb_text)
    __aeabi_memcpy8                          0x08000165   Thumb Code     0  rt_memcpy.o(.emb_text)
    main                                     0x0800019d   Thumb Code    28  main.o(.text)
    NMI_Handler                              0x080001bd   Thumb Code     2  stm32f0xx_it.o(.text)
    HardFault_Handler                        0x080001bf   Thumb Code     2  stm32f0xx_it.o(.text)
    SVC_Handler                              0x080001c1   Thumb Code     2  stm32f0xx_it.o(.text)
    PendSV_Handler                           0x080001c3   Thumb Code     2  stm32f0xx_it.o(.text)
    SysTick_Handler                          0x080001c5   Thumb Code     2  stm32f0xx_it.o(.text)
    TIM16_IRQHandler                         0x080001c7   Thumb Code    30  stm32f0xx_it.o(.text)
    SystemInit                               0x080001e9   Thumb Code    84  system_stm32f0xx.o(.text)
    SystemCoreClockUpdate                    0x0800023d   Thumb Code    90  system_stm32f0xx.o(.text)
    init_task                                0x08000325   Thumb Code    84  app.o(.text)
    test_task                                0x08000379   Thumb Code    12  app.o(.text)
    CalcCheckSum                             0x080003a1   Thumb Code    34  comm_task.o(.text)
    TaskDataSend                             0x08000483   Thumb Code    50  comm_task.o(.text)
    PaintPWM                                 0x080004b5   Thumb Code   420  comm_task.o(.text)
    ResetParameter                           0x08000659   Thumb Code    32  comm_task.o(.text)
    CheckFlashData                           0x08000679   Thumb Code    90  comm_task.o(.text)
    FillUpPWMbuffer                          0x080006d3   Thumb Code    52  comm_task.o(.text)
    check_selectedMode_ouputPWM              0x08000707   Thumb Code   514  comm_task.o(.text)
    CMD_ProcessTask                          0x08000909   Thumb Code    22  comm_task.o(.text)
    key_led_task                             0x0800093d   Thumb Code   236  key_led_task.o(.text)
    protocol_module_send_train_data_check_sum 0x08000a35   Thumb Code    58  protocol_module.o(.text)
    get_comm_para_to_buf                     0x08000a6f   Thumb Code    48  protocol_module.o(.text)
    FlashWrite                               0x08000a9f   Thumb Code    80  protocol_module.o(.text)
    get_parameter_to_buf_by_frameId          0x08000aef   Thumb Code   450  protocol_module.o(.text)
    FlashReadWord                            0x08000cb1   Thumb Code     4  protocol_module.o(.text)
    FlashRead                                0x08000cb5   Thumb Code    26  protocol_module.o(.text)
    send_prameter_fram1_to_PC                0x08000ccf   Thumb Code   106  protocol_module.o(.text)
    send_prameter_fram2_to_PC                0x08000d39   Thumb Code    76  protocol_module.o(.text)
    FlashReadByte                            0x08000d85   Thumb Code     4  protocol_module.o(.text)
    GetModeSelected                          0x08000d89   Thumb Code    36  protocol_module.o(.text)
    protocol_module_process                  0x08000dad   Thumb Code    86  protocol_module.o(.text)
    Delay                                    0x08000e21   Thumb Code    10  common.o(.text)
    Delay_us                                 0x08000e2b   Thumb Code     8  common.o(.text)
    Delay_ms                                 0x08000e33   Thumb Code    10  common.o(.text)
    delay_init                               0x08000e41   Thumb Code    36  delay.o(.text)
    delay_us                                 0x08000e65   Thumb Code    46  delay.o(.text)
    delay_ms                                 0x08000e93   Thumb Code    46  delay.o(.text)
    fifoInit                                 0x08000ed1   Thumb Code    14  fifo.o(.text)
    fifoReset                                0x08000edf   Thumb Code    10  fifo.o(.text)
    fifoIsFull                               0x08000ee9   Thumb Code    16  fifo.o(.text)
    fifoCnt                                  0x08000ef9   Thumb Code     4  fifo.o(.text)
    fifoWriteData                            0x08000efd   Thumb Code    64  fifo.o(.text)
    fifoReadData                             0x08000f3d   Thumb Code    58  fifo.o(.text)
    Init_Receive                             0x08000f77   Thumb Code    14  cmd_receive.o(.text)
    Buf2Write                                0x08000f85   Thumb Code    20  cmd_receive.o(.text)
    Buf2Read                                 0x08000f99   Thumb Code    20  cmd_receive.o(.text)
    GetBuf2Length                            0x08000fad   Thumb Code    14  cmd_receive.o(.text)
    ReceiveData                              0x08000fbb   Thumb Code    78  cmd_receive.o(.text)
    UARTInit                                 0x08001009   Thumb Code   240  serial_port.o(.text)
    UartSendNBytes                           0x080010f9   Thumb Code    24  serial_port.o(.text)
    GetUartReceiverResidualCnt               0x08001111   Thumb Code    12  serial_port.o(.text)
    I2C_uConfiguration                       0x08001125   Thumb Code    40  i2c.o(.text)
    I2C_SDA_OUT                              0x0800114d   Thumb Code    34  i2c.o(.text)
    I2C_SDA_IN                               0x0800116f   Thumb Code    34  i2c.o(.text)
    I2C_Start                                0x08001191   Thumb Code    40  i2c.o(.text)
    I2C_Stop                                 0x080011b9   Thumb Code    34  i2c.o(.text)
    I2C_SendAck                              0x080011db   Thumb Code    38  i2c.o(.text)
    I2C_SendNak                              0x08001201   Thumb Code    38  i2c.o(.text)
    I2C_RecAck                               0x08001227   Thumb Code    68  i2c.o(.text)
    I2C_SendByte                             0x0800126b   Thumb Code    66  i2c.o(.text)
    I2C_RecByte                              0x080012ad   Thumb Code    60  i2c.o(.text)
    ADS115_Init                              0x080012e9   Thumb Code    56  i2c.o(.text)
    ADS115_readByte                          0x08001321   Thumb Code    86  i2c.o(.text)
    init_tim                                 0x08001385   Thumb Code    90  hardware.o(.text)
    ADC1_Init                                0x080013df   Thumb Code   228  hardware.o(.text)
    set_led                                  0x080014c3   Thumb Code    60  hardware.o(.text)
    init_hardware                            0x080014ff   Thumb Code   144  hardware.o(.text)
    get_exp_status                           0x0800158f   Thumb Code    16  hardware.o(.text)
    get_key_status                           0x0800159f   Thumb Code    14  hardware.o(.text)
    save_one_page_to_flash                   0x080015ad   Thumb Code     4  hardware.o(.text)
    read_one_page_from_flash                 0x080015b1   Thumb Code     2  hardware.o(.text)
    save_half_word_to_flash                  0x080015b3   Thumb Code     4  hardware.o(.text)
    read_half_word_from_flash                0x080015b7   Thumb Code     2  hardware.o(.text)
    save_half_word_buf_to_eeprom             0x080015b9   Thumb Code     4  hardware.o(.text)
    read_half_word_buf_from_eeprom           0x080015bd   Thumb Code     2  hardware.o(.text)
    Key_WakeUp_Init                          0x080015bf   Thumb Code    30  hardware.o(.text)
    Motor_PWM_Init                           0x080016c3   Thumb Code    12  motor_pwm.o(.text)
    Motor_PWM_Freq_Dudy_Set                  0x080016cf   Thumb Code   126  motor_pwm.o(.text)
    os_start                                 0x080017cd   Thumb Code    54  os_core.o(.text)
    os_create_task                           0x08001803   Thumb Code    26  os_core.o(.text)
    os_resume_task                           0x0800181d   Thumb Code    18  os_core.o(.text)
    os_pend_task                             0x0800182f   Thumb Code    18  os_core.o(.text)
    os_delay_ms                              0x08001841   Thumb Code    38  os_core.o(.text)
    os_isr_ticks                             0x08001867   Thumb Code    32  os_core.o(.text)
    os_init                                  0x08001887   Thumb Code     8  os_core.o(.text)
    Reset_Handler                            0x08001899   Thumb Code     8  startup_stm32f0xx.o(.text)
    ADC1_COMP_IRQHandler                     0x080018ab   Thumb Code     0  startup_stm32f0xx.o(.text)
    CEC_IRQHandler                           0x080018ab   Thumb Code     0  startup_stm32f0xx.o(.text)
    DMA1_Channel1_IRQHandler                 0x080018ab   Thumb Code     0  startup_stm32f0xx.o(.text)
    DMA1_Channel2_3_IRQHandler               0x080018ab   Thumb Code     0  startup_stm32f0xx.o(.text)
    DMA1_Channel4_5_IRQHandler               0x080018ab   Thumb Code     0  startup_stm32f0xx.o(.text)
    EXTI0_1_IRQHandler                       0x080018ab   Thumb Code     0  startup_stm32f0xx.o(.text)
    EXTI2_3_IRQHandler                       0x080018ab   Thumb Code     0  startup_stm32f0xx.o(.text)
    EXTI4_15_IRQHandler                      0x080018ab   Thumb Code     0  startup_stm32f0xx.o(.text)
    FLASH_IRQHandler                         0x080018ab   Thumb Code     0  startup_stm32f0xx.o(.text)
    I2C1_IRQHandler                          0x080018ab   Thumb Code     0  startup_stm32f0xx.o(.text)
    I2C2_IRQHandler                          0x080018ab   Thumb Code     0  startup_stm32f0xx.o(.text)
    PVD_IRQHandler                           0x080018ab   Thumb Code     0  startup_stm32f0xx.o(.text)
    RCC_IRQHandler                           0x080018ab   Thumb Code     0  startup_stm32f0xx.o(.text)
    RTC_IRQHandler                           0x080018ab   Thumb Code     0  startup_stm32f0xx.o(.text)
    SPI1_IRQHandler                          0x080018ab   Thumb Code     0  startup_stm32f0xx.o(.text)
    SPI2_IRQHandler                          0x080018ab   Thumb Code     0  startup_stm32f0xx.o(.text)
    TIM14_IRQHandler                         0x080018ab   Thumb Code     0  startup_stm32f0xx.o(.text)
    TIM15_IRQHandler                         0x080018ab   Thumb Code     0  startup_stm32f0xx.o(.text)
    TIM17_IRQHandler                         0x080018ab   Thumb Code     0  startup_stm32f0xx.o(.text)
    TIM1_BRK_UP_TRG_COM_IRQHandler           0x080018ab   Thumb Code     0  startup_stm32f0xx.o(.text)
    TIM1_CC_IRQHandler                       0x080018ab   Thumb Code     0  startup_stm32f0xx.o(.text)
    TIM2_IRQHandler                          0x080018ab   Thumb Code     0  startup_stm32f0xx.o(.text)
    TIM3_IRQHandler                          0x080018ab   Thumb Code     0  startup_stm32f0xx.o(.text)
    TIM6_DAC_IRQHandler                      0x080018ab   Thumb Code     0  startup_stm32f0xx.o(.text)
    TS_IRQHandler                            0x080018ab   Thumb Code     0  startup_stm32f0xx.o(.text)
    USART1_IRQHandler                        0x080018ab   Thumb Code     0  startup_stm32f0xx.o(.text)
    USART2_IRQHandler                        0x080018ab   Thumb Code     0  startup_stm32f0xx.o(.text)
    WWDG_IRQHandler                          0x080018ab   Thumb Code     0  startup_stm32f0xx.o(.text)
    __user_initial_stackheap                 0x080018ad   Thumb Code     0  startup_stm32f0xx.o(.text)
    GPIO_DeInit                              0x080018d1   Thumb Code    78  stm32f0xx_gpio.o(.text)
    GPIO_Init                                0x0800191f   Thumb Code   112  stm32f0xx_gpio.o(.text)
    GPIO_StructInit                          0x0800198f   Thumb Code    18  stm32f0xx_gpio.o(.text)
    GPIO_PinLockConfig                       0x080019a1   Thumb Code    26  stm32f0xx_gpio.o(.text)
    GPIO_ReadInputDataBit                    0x080019bb   Thumb Code    14  stm32f0xx_gpio.o(.text)
    GPIO_ReadInputData                       0x080019c9   Thumb Code     4  stm32f0xx_gpio.o(.text)
    GPIO_ReadOutputDataBit                   0x080019cd   Thumb Code    14  stm32f0xx_gpio.o(.text)
    GPIO_ReadOutputData                      0x080019db   Thumb Code     4  stm32f0xx_gpio.o(.text)
    GPIO_SetBits                             0x080019df   Thumb Code     4  stm32f0xx_gpio.o(.text)
    GPIO_ResetBits                           0x080019e3   Thumb Code     4  stm32f0xx_gpio.o(.text)
    GPIO_WriteBit                            0x080019e7   Thumb Code    12  stm32f0xx_gpio.o(.text)
    GPIO_Write                               0x080019f3   Thumb Code     4  stm32f0xx_gpio.o(.text)
    GPIO_PinAFConfig                         0x080019f7   Thumb Code    32  stm32f0xx_gpio.o(.text)
    RCC_DeInit                               0x08001a2d   Thumb Code    78  stm32f0xx_rcc.o(.text)
    RCC_HSEConfig                            0x08001a7b   Thumb Code    10  stm32f0xx_rcc.o(.text)
    RCC_GetFlagStatus                        0x08001a85   Thumb Code    48  stm32f0xx_rcc.o(.text)
    RCC_WaitForHSEStartUp                    0x08001ab5   Thumb Code    44  stm32f0xx_rcc.o(.text)
    RCC_AdjustHSICalibrationValue            0x08001ae1   Thumb Code    16  stm32f0xx_rcc.o(.text)
    RCC_HSICmd                               0x08001af1   Thumb Code    22  stm32f0xx_rcc.o(.text)
    RCC_AdjustHSI14CalibrationValue          0x08001b07   Thumb Code    16  stm32f0xx_rcc.o(.text)
    RCC_HSI14Cmd                             0x08001b17   Thumb Code    22  stm32f0xx_rcc.o(.text)
    RCC_HSI14ADCRequestCmd                   0x08001b2d   Thumb Code    20  stm32f0xx_rcc.o(.text)
    RCC_LSEConfig                            0x08001b41   Thumb Code    26  stm32f0xx_rcc.o(.text)
    RCC_LSEDriveConfig                       0x08001b5b   Thumb Code    18  stm32f0xx_rcc.o(.text)
    RCC_LSICmd                               0x08001b6d   Thumb Code    22  stm32f0xx_rcc.o(.text)
    RCC_PLLConfig                            0x08001b83   Thumb Code    24  stm32f0xx_rcc.o(.text)
    RCC_PLLCmd                               0x08001b9b   Thumb Code    22  stm32f0xx_rcc.o(.text)
    RCC_PREDIV1Config                        0x08001bb1   Thumb Code    14  stm32f0xx_rcc.o(.text)
    RCC_ClockSecuritySystemCmd               0x08001bbf   Thumb Code    22  stm32f0xx_rcc.o(.text)
    RCC_MCOConfig                            0x08001bd5   Thumb Code     6  stm32f0xx_rcc.o(.text)
    RCC_SYSCLKConfig                         0x08001bdb   Thumb Code    14  stm32f0xx_rcc.o(.text)
    RCC_GetSYSCLKSource                      0x08001be9   Thumb Code    10  stm32f0xx_rcc.o(.text)
    RCC_HCLKConfig                           0x08001bf3   Thumb Code    14  stm32f0xx_rcc.o(.text)
    RCC_PCLKConfig                           0x08001c01   Thumb Code    16  stm32f0xx_rcc.o(.text)
    RCC_ADCCLKConfig                         0x08001c11   Thumb Code    38  stm32f0xx_rcc.o(.text)
    RCC_CECCLKConfig                         0x08001c37   Thumb Code    18  stm32f0xx_rcc.o(.text)
    RCC_I2CCLKConfig                         0x08001c49   Thumb Code    18  stm32f0xx_rcc.o(.text)
    RCC_USARTCLKConfig                       0x08001c5b   Thumb Code    18  stm32f0xx_rcc.o(.text)
    RCC_GetClocksFreq                        0x08001c6d   Thumb Code   208  stm32f0xx_rcc.o(.text)
    RCC_RTCCLKConfig                         0x08001d3d   Thumb Code    10  stm32f0xx_rcc.o(.text)
    RCC_RTCCLKCmd                            0x08001d47   Thumb Code    20  stm32f0xx_rcc.o(.text)
    RCC_BackupResetCmd                       0x08001d5b   Thumb Code    22  stm32f0xx_rcc.o(.text)
    RCC_AHBPeriphClockCmd                    0x08001d71   Thumb Code    18  stm32f0xx_rcc.o(.text)
    RCC_APB2PeriphClockCmd                   0x08001d83   Thumb Code    18  stm32f0xx_rcc.o(.text)
    RCC_APB1PeriphClockCmd                   0x08001d95   Thumb Code    18  stm32f0xx_rcc.o(.text)
    RCC_AHBPeriphResetCmd                    0x08001da7   Thumb Code    18  stm32f0xx_rcc.o(.text)
    RCC_APB2PeriphResetCmd                   0x08001db9   Thumb Code    18  stm32f0xx_rcc.o(.text)
    RCC_APB1PeriphResetCmd                   0x08001dcb   Thumb Code    18  stm32f0xx_rcc.o(.text)
    RCC_ITConfig                             0x08001ddd   Thumb Code    18  stm32f0xx_rcc.o(.text)
    RCC_ClearFlag                            0x08001def   Thumb Code    14  stm32f0xx_rcc.o(.text)
    RCC_GetITStatus                          0x08001dfd   Thumb Code    48  stm32f0xx_rcc.o(.text)
    RCC_ClearITPendingBit                    0x08001e2d   Thumb Code     6  stm32f0xx_rcc.o(.text)
    NVIC_Init                                0x08001e39   Thumb Code    70  stm32f0xx_misc.o(.text)
    NVIC_SystemLPConfig                      0x08001e7f   Thumb Code    18  stm32f0xx_misc.o(.text)
    SysTick_CLKSourceConfig                  0x08001e91   Thumb Code    20  stm32f0xx_misc.o(.text)
    USART_DeInit                             0x08001eb5   Thumb Code    54  stm32f0xx_usart.o(.text)
    USART_Init                               0x08001eeb   Thumb Code   166  stm32f0xx_usart.o(.text)
    USART_StructInit                         0x08001f91   Thumb Code    22  stm32f0xx_usart.o(.text)
    USART_ClockInit                          0x08001fa7   Thumb Code    28  stm32f0xx_usart.o(.text)
    USART_ClockStructInit                    0x08001fc3   Thumb Code    12  stm32f0xx_usart.o(.text)
    USART_Cmd                                0x08001fcf   Thumb Code    20  stm32f0xx_usart.o(.text)
    USART_DirectionModeCmd                   0x08001fe3   Thumb Code    16  stm32f0xx_usart.o(.text)
    USART_OverSampling8Cmd                   0x08001ff3   Thumb Code    20  stm32f0xx_usart.o(.text)
    USART_OneBitMethodCmd                    0x08002007   Thumb Code    20  stm32f0xx_usart.o(.text)
    USART_MSBFirstCmd                        0x0800201b   Thumb Code    20  stm32f0xx_usart.o(.text)
    USART_DataInvCmd                         0x0800202f   Thumb Code    20  stm32f0xx_usart.o(.text)
    USART_InvPinCmd                          0x08002043   Thumb Code    16  stm32f0xx_usart.o(.text)
    USART_SWAPPinCmd                         0x08002053   Thumb Code    20  stm32f0xx_usart.o(.text)
    USART_ReceiverTimeOutCmd                 0x08002067   Thumb Code    20  stm32f0xx_usart.o(.text)
    USART_SetReceiverTimeOut                 0x0800207b   Thumb Code    16  stm32f0xx_usart.o(.text)
    USART_SetPrescaler                       0x0800208b   Thumb Code    16  stm32f0xx_usart.o(.text)
    USART_STOPModeCmd                        0x0800209b   Thumb Code    18  stm32f0xx_usart.o(.text)
    USART_StopModeWakeUpSourceConfig         0x080020ad   Thumb Code    18  stm32f0xx_usart.o(.text)
    USART_AutoBaudRateCmd                    0x080020bf   Thumb Code    20  stm32f0xx_usart.o(.text)
    USART_AutoBaudRateConfig                 0x080020d3   Thumb Code    18  stm32f0xx_usart.o(.text)
    USART_AutoBaudRateNewRequest             0x080020e5   Thumb Code    12  stm32f0xx_usart.o(.text)
    USART_SendData                           0x080020f1   Thumb Code     8  stm32f0xx_usart.o(.text)
    USART_ReceiveData                        0x080020f9   Thumb Code     8  stm32f0xx_usart.o(.text)
    USART_SetAddress                         0x08002101   Thumb Code    18  stm32f0xx_usart.o(.text)
    USART_MuteModeCmd                        0x08002113   Thumb Code    20  stm32f0xx_usart.o(.text)
    USART_MuteModeWakeUpConfig               0x08002127   Thumb Code    18  stm32f0xx_usart.o(.text)
    USART_AddressDetectionConfig             0x08002139   Thumb Code    16  stm32f0xx_usart.o(.text)
    USART_LINBreakDetectLengthConfig         0x08002149   Thumb Code    16  stm32f0xx_usart.o(.text)
    USART_LINCmd                             0x08002159   Thumb Code    20  stm32f0xx_usart.o(.text)
    USART_HalfDuplexCmd                      0x0800216d   Thumb Code    18  stm32f0xx_usart.o(.text)
    USART_SetGuardTime                       0x0800217f   Thumb Code    16  stm32f0xx_usart.o(.text)
    USART_SmartCardCmd                       0x0800218f   Thumb Code    18  stm32f0xx_usart.o(.text)
    USART_SmartCardNACKCmd                   0x080021a1   Thumb Code    18  stm32f0xx_usart.o(.text)
    USART_SetAutoRetryCount                  0x080021b3   Thumb Code    20  stm32f0xx_usart.o(.text)
    USART_SetBlockLength                     0x080021c7   Thumb Code    18  stm32f0xx_usart.o(.text)
    USART_IrDAConfig                         0x080021d9   Thumb Code    16  stm32f0xx_usart.o(.text)
    USART_IrDACmd                            0x080021e9   Thumb Code    18  stm32f0xx_usart.o(.text)
    USART_DECmd                              0x080021fb   Thumb Code    20  stm32f0xx_usart.o(.text)
    USART_DEPolarityConfig                   0x0800220f   Thumb Code    18  stm32f0xx_usart.o(.text)
    USART_SetDEAssertionTime                 0x08002221   Thumb Code    20  stm32f0xx_usart.o(.text)
    USART_SetDEDeassertionTime               0x08002235   Thumb Code    20  stm32f0xx_usart.o(.text)
    USART_DMACmd                             0x08002249   Thumb Code    16  stm32f0xx_usart.o(.text)
    USART_DMAReceptionErrorConfig            0x08002259   Thumb Code    18  stm32f0xx_usart.o(.text)
    USART_ITConfig                           0x0800226b   Thumb Code    54  stm32f0xx_usart.o(.text)
    USART_RequestCmd                         0x080022a1   Thumb Code    16  stm32f0xx_usart.o(.text)
    USART_OverrunDetectionConfig             0x080022b1   Thumb Code    18  stm32f0xx_usart.o(.text)
    USART_GetFlagStatus                      0x080022c3   Thumb Code    14  stm32f0xx_usart.o(.text)
    USART_ClearFlag                          0x080022d1   Thumb Code     4  stm32f0xx_usart.o(.text)
    USART_GetITStatus                        0x080022d5   Thumb Code    56  stm32f0xx_usart.o(.text)
    USART_ClearITPendingBit                  0x0800230d   Thumb Code    10  stm32f0xx_usart.o(.text)
    TIM_DeInit                               0x08002319   Thumb Code   152  stm32f0xx_tim.o(.text)
    TIM_TimeBaseInit                         0x080023b1   Thumb Code    88  stm32f0xx_tim.o(.text)
    TIM_TimeBaseStructInit                   0x08002409   Thumb Code    18  stm32f0xx_tim.o(.text)
    TIM_PrescalerConfig                      0x0800241b   Thumb Code     6  stm32f0xx_tim.o(.text)
    TIM_CounterModeConfig                    0x08002421   Thumb Code    12  stm32f0xx_tim.o(.text)
    TIM_SetCounter                           0x0800242d   Thumb Code     4  stm32f0xx_tim.o(.text)
    TIM_SetAutoreload                        0x08002431   Thumb Code     4  stm32f0xx_tim.o(.text)
    TIM_GetCounter                           0x08002435   Thumb Code     4  stm32f0xx_tim.o(.text)
    TIM_GetPrescaler                         0x08002439   Thumb Code     4  stm32f0xx_tim.o(.text)
    TIM_UpdateDisableConfig                  0x0800243d   Thumb Code    18  stm32f0xx_tim.o(.text)
    TIM_UpdateRequestConfig                  0x0800244f   Thumb Code    18  stm32f0xx_tim.o(.text)
    TIM_ARRPreloadConfig                     0x08002461   Thumb Code    18  stm32f0xx_tim.o(.text)
    TIM_SelectOnePulseMode                   0x08002473   Thumb Code    16  stm32f0xx_tim.o(.text)
    TIM_SetClockDivision                     0x08002483   Thumb Code    16  stm32f0xx_tim.o(.text)
    TIM_Cmd                                  0x08002493   Thumb Code    20  stm32f0xx_tim.o(.text)
    TIM_BDTRConfig                           0x080024a7   Thumb Code    34  stm32f0xx_tim.o(.text)
    TIM_BDTRStructInit                       0x080024c9   Thumb Code    18  stm32f0xx_tim.o(.text)
    TIM_CtrlPWMOutputs                       0x080024db   Thumb Code    24  stm32f0xx_tim.o(.text)
    TIM_OC1Init                              0x080024f3   Thumb Code   104  stm32f0xx_tim.o(.text)
    TIM_OC2Init                              0x0800255b   Thumb Code   110  stm32f0xx_tim.o(.text)
    TIM_OC3Init                              0x080025c9   Thumb Code   110  stm32f0xx_tim.o(.text)
    TIM_OC4Init                              0x08002637   Thumb Code    78  stm32f0xx_tim.o(.text)
    TIM_OCStructInit                         0x08002685   Thumb Code    20  stm32f0xx_tim.o(.text)
    TIM_SelectOCxM                           0x08002699   Thumb Code    70  stm32f0xx_tim.o(.text)
    TIM_SetCompare1                          0x080026df   Thumb Code     4  stm32f0xx_tim.o(.text)
    TIM_SetCompare2                          0x080026e3   Thumb Code     4  stm32f0xx_tim.o(.text)
    TIM_SetCompare3                          0x080026e7   Thumb Code     4  stm32f0xx_tim.o(.text)
    TIM_SetCompare4                          0x080026eb   Thumb Code     4  stm32f0xx_tim.o(.text)
    TIM_ForcedOC1Config                      0x080026ef   Thumb Code    86  stm32f0xx_tim.o(.text)
    TIM_ForcedOC2Config                      0x08002745   Thumb Code    14  stm32f0xx_tim.o(.text)
    TIM_ForcedOC3Config                      0x08002753   Thumb Code    12  stm32f0xx_tim.o(.text)
    TIM_ForcedOC4Config                      0x0800275f   Thumb Code    14  stm32f0xx_tim.o(.text)
    TIM_CCPreloadControl                     0x0800276d   Thumb Code    20  stm32f0xx_tim.o(.text)
    TIM_OC1PreloadConfig                     0x08002781   Thumb Code    12  stm32f0xx_tim.o(.text)
    TIM_OC2PreloadConfig                     0x0800278d   Thumb Code    14  stm32f0xx_tim.o(.text)
    TIM_OC3PreloadConfig                     0x0800279b   Thumb Code    12  stm32f0xx_tim.o(.text)
    TIM_OC4PreloadConfig                     0x080027a7   Thumb Code    14  stm32f0xx_tim.o(.text)
    TIM_OC1FastConfig                        0x080027b5   Thumb Code    12  stm32f0xx_tim.o(.text)
    TIM_OC2FastConfig                        0x080027c1   Thumb Code    14  stm32f0xx_tim.o(.text)
    TIM_OC3FastConfig                        0x080027cf   Thumb Code    12  stm32f0xx_tim.o(.text)
    TIM_OC4FastConfig                        0x080027db   Thumb Code    14  stm32f0xx_tim.o(.text)
    TIM_ClearOC1Ref                          0x080027e9   Thumb Code    12  stm32f0xx_tim.o(.text)
    TIM_ClearOC2Ref                          0x080027f5   Thumb Code    14  stm32f0xx_tim.o(.text)
    TIM_ClearOC3Ref                          0x08002803   Thumb Code    12  stm32f0xx_tim.o(.text)
    TIM_ClearOC4Ref                          0x0800280f   Thumb Code    14  stm32f0xx_tim.o(.text)
    TIM_OC1PolarityConfig                    0x0800281d   Thumb Code    12  stm32f0xx_tim.o(.text)
    TIM_OC1NPolarityConfig                   0x08002829   Thumb Code    12  stm32f0xx_tim.o(.text)
    TIM_OC2PolarityConfig                    0x08002835   Thumb Code    14  stm32f0xx_tim.o(.text)
    TIM_OC2NPolarityConfig                   0x08002843   Thumb Code    14  stm32f0xx_tim.o(.text)
    TIM_OC3PolarityConfig                    0x08002851   Thumb Code    14  stm32f0xx_tim.o(.text)
    TIM_OC3NPolarityConfig                   0x0800285f   Thumb Code    14  stm32f0xx_tim.o(.text)
    TIM_OC4PolarityConfig                    0x0800286d   Thumb Code    14  stm32f0xx_tim.o(.text)
    TIM_SelectOCREFClear                     0x0800287b   Thumb Code    16  stm32f0xx_tim.o(.text)
    TIM_CCxCmd                               0x0800288b   Thumb Code    22  stm32f0xx_tim.o(.text)
    TIM_CCxNCmd                              0x080028a1   Thumb Code    22  stm32f0xx_tim.o(.text)
    TIM_SelectCOM                            0x080028b7   Thumb Code    18  stm32f0xx_tim.o(.text)
    TIM_SetIC4Prescaler                      0x080028c9   Thumb Code    18  stm32f0xx_tim.o(.text)
    TIM_SetIC3Prescaler                      0x080028db   Thumb Code    16  stm32f0xx_tim.o(.text)
    TIM_SetIC2Prescaler                      0x080028eb   Thumb Code    18  stm32f0xx_tim.o(.text)
    TIM_SetIC1Prescaler                      0x08002927   Thumb Code    16  stm32f0xx_tim.o(.text)
    TIM_ICInit                               0x0800295f   Thumb Code   162  stm32f0xx_tim.o(.text)
    TIM_ICStructInit                         0x08002a01   Thumb Code    16  stm32f0xx_tim.o(.text)
    TIM_PWMIConfig                           0x08002a11   Thumb Code   104  stm32f0xx_tim.o(.text)
    TIM_GetCapture1                          0x08002a79   Thumb Code     4  stm32f0xx_tim.o(.text)
    TIM_GetCapture2                          0x08002a7d   Thumb Code     4  stm32f0xx_tim.o(.text)
    TIM_GetCapture3                          0x08002a81   Thumb Code     4  stm32f0xx_tim.o(.text)
    TIM_GetCapture4                          0x08002a85   Thumb Code     4  stm32f0xx_tim.o(.text)
    TIM_ITConfig                             0x08002a89   Thumb Code    16  stm32f0xx_tim.o(.text)
    TIM_GenerateEvent                        0x08002a99   Thumb Code     4  stm32f0xx_tim.o(.text)
    TIM_GetFlagStatus                        0x08002a9d   Thumb Code    14  stm32f0xx_tim.o(.text)
    TIM_ClearFlag                            0x08002aab   Thumb Code     6  stm32f0xx_tim.o(.text)
    TIM_GetITStatus                          0x08002ab1   Thumb Code    24  stm32f0xx_tim.o(.text)
    TIM_ClearITPendingBit                    0x08002ac9   Thumb Code     6  stm32f0xx_tim.o(.text)
    TIM_DMAConfig                            0x08002acf   Thumb Code     8  stm32f0xx_tim.o(.text)
    TIM_DMACmd                               0x08002ad7   Thumb Code    16  stm32f0xx_tim.o(.text)
    TIM_SelectCCDMA                          0x08002ae7   Thumb Code    18  stm32f0xx_tim.o(.text)
    TIM_InternalClockConfig                  0x08002af9   Thumb Code    10  stm32f0xx_tim.o(.text)
    TIM_SelectInputTrigger                   0x08002b03   Thumb Code    12  stm32f0xx_tim.o(.text)
    TIM_ITRxExternalClockConfig              0x08002b0f   Thumb Code    62  stm32f0xx_tim.o(.text)
    TIM_TIxExternalClockConfig               0x08002b4d   Thumb Code    48  stm32f0xx_tim.o(.text)
    TIM_ETRConfig                            0x08002b7d   Thumb Code    18  stm32f0xx_tim.o(.text)
    TIM_ETRClockMode1Config                  0x08002b8f   Thumb Code    28  stm32f0xx_tim.o(.text)
    TIM_ETRClockMode2Config                  0x08002bab   Thumb Code    20  stm32f0xx_tim.o(.text)
    TIM_SelectOutputTrigger                  0x08002bbf   Thumb Code    16  stm32f0xx_tim.o(.text)
    TIM_SelectSlaveMode                      0x08002bcf   Thumb Code    16  stm32f0xx_tim.o(.text)
    TIM_SelectMasterSlaveMode                0x08002bdf   Thumb Code    16  stm32f0xx_tim.o(.text)
    TIM_EncoderInterfaceConfig               0x08002bef   Thumb Code    42  stm32f0xx_tim.o(.text)
    TIM_SelectHallSensor                     0x08002c19   Thumb Code    18  stm32f0xx_tim.o(.text)
    TIM_RemapConfig                          0x08002c2b   Thumb Code     6  stm32f0xx_tim.o(.text)
    DMA_DeInit                               0x08002c35   Thumb Code   100  stm32f0xx_dma.o(.text)
    DMA_Init                                 0x08002c99   Thumb Code    56  stm32f0xx_dma.o(.text)
    DMA_StructInit                           0x08002cd1   Thumb Code    26  stm32f0xx_dma.o(.text)
    DMA_Cmd                                  0x08002ceb   Thumb Code    20  stm32f0xx_dma.o(.text)
    DMA_SetCurrDataCounter                   0x08002cff   Thumb Code     4  stm32f0xx_dma.o(.text)
    DMA_GetCurrDataCounter                   0x08002d03   Thumb Code     6  stm32f0xx_dma.o(.text)
    DMA_ITConfig                             0x08002d09   Thumb Code    16  stm32f0xx_dma.o(.text)
    DMA_GetFlagStatus                        0x08002d19   Thumb Code    18  stm32f0xx_dma.o(.text)
    DMA_ClearFlag                            0x08002d2b   Thumb Code     8  stm32f0xx_dma.o(.text)
    DMA_GetITStatus                          0x08002d33   Thumb Code    18  stm32f0xx_dma.o(.text)
    DMA_ClearITPendingBit                    0x08002d45   Thumb Code     8  stm32f0xx_dma.o(.text)
    FLASH_SetLatency                         0x08002d59   Thumb Code    14  stm32f0xx_flash.o(.text)
    FLASH_PrefetchBufferCmd                  0x08002d67   Thumb Code    20  stm32f0xx_flash.o(.text)
    FLASH_GetPrefetchBufferStatus            0x08002d7b   Thumb Code    14  stm32f0xx_flash.o(.text)
    FLASH_Unlock                             0x08002d89   Thumb Code    18  stm32f0xx_flash.o(.text)
    FLASH_Lock                               0x08002d9b   Thumb Code    12  stm32f0xx_flash.o(.text)
    FLASH_GetStatus                          0x08002da7   Thumb Code    34  stm32f0xx_flash.o(.text)
    FLASH_WaitForLastOperation               0x08002dc9   Thumb Code    34  stm32f0xx_flash.o(.text)
    FLASH_ErasePage                          0x08002deb   Thumb Code    52  stm32f0xx_flash.o(.text)
    FLASH_EraseAllPages                      0x08002e1f   Thumb Code    48  stm32f0xx_flash.o(.text)
    FLASH_ProgramWord                        0x08002e4f   Thumb Code    70  stm32f0xx_flash.o(.text)
    FLASH_ProgramHalfWord                    0x08002e95   Thumb Code    48  stm32f0xx_flash.o(.text)
    FLASH_OB_Unlock                          0x08002ec5   Thumb Code    18  stm32f0xx_flash.o(.text)
    FLASH_OB_Lock                            0x08002ed7   Thumb Code    12  stm32f0xx_flash.o(.text)
    FLASH_OB_Launch                          0x08002ee3   Thumb Code    14  stm32f0xx_flash.o(.text)
    FLASH_OB_GetRDP                          0x08002ef1   Thumb Code    16  stm32f0xx_flash.o(.text)
    FLASH_OB_Erase                           0x08002f01   Thumb Code   106  stm32f0xx_flash.o(.text)
    FLASH_OB_EnableWRP                       0x08002f6b   Thumb Code    80  stm32f0xx_flash.o(.text)
    FLASH_OB_RDPConfig                       0x08002fbb   Thumb Code    82  stm32f0xx_flash.o(.text)
    FLASH_OB_UserConfig                      0x0800300d   Thumb Code    64  stm32f0xx_flash.o(.text)
    FLASH_OB_BOOTConfig                      0x0800304d   Thumb Code    54  stm32f0xx_flash.o(.text)
    FLASH_OB_VDDAConfig                      0x08003083   Thumb Code    54  stm32f0xx_flash.o(.text)
    FLASH_OB_SRAMParityConfig                0x080030b9   Thumb Code    54  stm32f0xx_flash.o(.text)
    FLASH_OB_WriteUser                       0x080030ef   Thumb Code    54  stm32f0xx_flash.o(.text)
    FLASH_ProgramOptionByteData              0x08003125   Thumb Code    68  stm32f0xx_flash.o(.text)
    FLASH_OB_GetUser                         0x08003169   Thumb Code    10  stm32f0xx_flash.o(.text)
    FLASH_OB_GetWRP                          0x08003173   Thumb Code     6  stm32f0xx_flash.o(.text)
    FLASH_ITConfig                           0x08003179   Thumb Code    18  stm32f0xx_flash.o(.text)
    FLASH_GetFlagStatus                      0x0800318b   Thumb Code    16  stm32f0xx_flash.o(.text)
    FLASH_ClearFlag                          0x0800319b   Thumb Code     6  stm32f0xx_flash.o(.text)
    ADC_DeInit                               0x080031a5   Thumb Code    28  stm32f0xx_adc.o(.text)
    ADC_Init                                 0x080031c1   Thumb Code    38  stm32f0xx_adc.o(.text)
    ADC_StructInit                           0x080031e7   Thumb Code    16  stm32f0xx_adc.o(.text)
    ADC_Cmd                                  0x080031f7   Thumb Code    18  stm32f0xx_adc.o(.text)
    ADC_JitterCmd                            0x08003209   Thumb Code    16  stm32f0xx_adc.o(.text)
    ADC_AutoPowerOffCmd                      0x08003219   Thumb Code    20  stm32f0xx_adc.o(.text)
    ADC_WaitModeCmd                          0x0800322d   Thumb Code    20  stm32f0xx_adc.o(.text)
    ADC_AnalogWatchdogCmd                    0x08003241   Thumb Code    20  stm32f0xx_adc.o(.text)
    ADC_AnalogWatchdogThresholdsConfig       0x08003255   Thumb Code     8  stm32f0xx_adc.o(.text)
    ADC_AnalogWatchdogSingleChannelConfig    0x0800325d   Thumb Code    14  stm32f0xx_adc.o(.text)
    ADC_AnalogWatchdogSingleChannelCmd       0x0800326b   Thumb Code    20  stm32f0xx_adc.o(.text)
    ADC_TempSensorCmd                        0x0800327f   Thumb Code    22  stm32f0xx_adc.o(.text)
    ADC_VrefintCmd                           0x08003295   Thumb Code    22  stm32f0xx_adc.o(.text)
    ADC_VbatCmd                              0x080032ab   Thumb Code    22  stm32f0xx_adc.o(.text)
    ADC_ChannelConfig                        0x080032c1   Thumb Code    10  stm32f0xx_adc.o(.text)
    ADC_ContinuousModeCmd                    0x080032cb   Thumb Code    20  stm32f0xx_adc.o(.text)
    ADC_DiscModeCmd                          0x080032df   Thumb Code    20  stm32f0xx_adc.o(.text)
    ADC_OverrunModeCmd                       0x080032f3   Thumb Code    20  stm32f0xx_adc.o(.text)
    ADC_GetCalibrationFactor                 0x08003307   Thumb Code    46  stm32f0xx_adc.o(.text)
    ADC_StopOfConversion                     0x08003335   Thumb Code    10  stm32f0xx_adc.o(.text)
    ADC_StartOfConversion                    0x0800333f   Thumb Code    10  stm32f0xx_adc.o(.text)
    ADC_GetConversionValue                   0x08003349   Thumb Code     6  stm32f0xx_adc.o(.text)
    ADC_DMACmd                               0x0800334f   Thumb Code    20  stm32f0xx_adc.o(.text)
    ADC_DMARequestModeConfig                 0x08003363   Thumb Code    16  stm32f0xx_adc.o(.text)
    ADC_ITConfig                             0x08003373   Thumb Code    16  stm32f0xx_adc.o(.text)
    ADC_GetFlagStatus                        0x08003383   Thumb Code    28  stm32f0xx_adc.o(.text)
    ADC_ClearFlag                            0x0800339f   Thumb Code     4  stm32f0xx_adc.o(.text)
    ADC_GetITStatus                          0x080033a3   Thumb Code    22  stm32f0xx_adc.o(.text)
    ADC_ClearITPendingBit                    0x080033b9   Thumb Code     4  stm32f0xx_adc.o(.text)
    __aeabi_memcpy                           0x080033c9   Thumb Code   130  rt_memcpy.o(.text)
    __rt_memcpy                              0x080033c9   Thumb Code     0  rt_memcpy.o(.text)
    _memset_w                                0x0800344b   Thumb Code    26  rt_memclr.o(.text)
    _memset                                  0x08003465   Thumb Code    30  rt_memclr.o(.text)
    __aeabi_memclr                           0x08003483   Thumb Code     4  rt_memclr.o(.text)
    __rt_memclr                              0x08003483   Thumb Code     0  rt_memclr.o(.text)
    __aeabi_memclr4                          0x08003487   Thumb Code     0  rt_memclr.o(.text)
    __aeabi_memclr8                          0x08003487   Thumb Code     0  rt_memclr.o(.text)
    __rt_memclr_w                            0x08003487   Thumb Code     4  rt_memclr.o(.text)
    __aeabi_uidiv                            0x0800348b   Thumb Code     0  aeabi_sdiv.o(.text)
    __aeabi_uidivmod                         0x0800348b   Thumb Code    20  aeabi_sdiv.o(.text)
    __aeabi_idiv                             0x0800349f   Thumb Code     0  aeabi_sdiv.o(.text)
    __aeabi_idivmod                          0x0800349f   Thumb Code   326  aeabi_sdiv.o(.text)
    __use_two_region_memory                  0x080035e5   Thumb Code     2  heapauxi.o(.text)
    __rt_heap_escrow$2region                 0x080035e7   Thumb Code     2  heapauxi.o(.text)
    __rt_heap_expand$2region                 0x080035e9   Thumb Code     2  heapauxi.o(.text)
    __user_setup_stackheap                   0x080035eb   Thumb Code    62  sys_stackheap_outer.o(.text)
    exit                                     0x08003629   Thumb Code    16  exit.o(.text)
    __user_libspace                          0x08003639   Thumb Code     8  libspace.o(.text)
    __user_perproc_libspace                  0x08003639   Thumb Code     0  libspace.o(.text)
    __user_perthread_libspace                0x08003639   Thumb Code     0  libspace.o(.text)
    _sys_exit                                0x08003641   Thumb Code     8  sys_exit.o(.text)
    __I$use$semihosting                      0x0800364d   Thumb Code     0  use_no_semi.o(.text)
    __use_no_semihosting_swi                 0x0800364d   Thumb Code     2  use_no_semi.o(.text)
    __semihosting_library_function           0x0800364f   Thumb Code     0  indicate_semi.o(.text)
    default_parameter_buf                    0x0800364e   Data         436  main.o(.constdata)
    Region$$Table$$Base                      0x08003804   Number         0  anon$$obj.o(Region$$Table)
    Region$$Table$$Limit                     0x08003824   Number         0  anon$$obj.o(Region$$Table)
    SystemCoreClock                          0x20000000   Data           4  system_stm32f0xx.o(.data)
    AHBPrescTable                            0x20000004   Data          16  system_stm32f0xx.o(.data)
    PWM1_numOfCycle                          0x20000017   Data           1  comm_task.o(.data)
    PWM2_numOfCycle                          0x20000018   Data           1  comm_task.o(.data)
    PWM3_numOfCycle                          0x20000019   Data           1  comm_task.o(.data)
    PWM1_serial_cnt                          0x2000001a   Data           1  comm_task.o(.data)
    PWM2_serial_cnt                          0x2000001b   Data           1  comm_task.o(.data)
    PWM3_serial_cnt                          0x2000001c   Data           1  comm_task.o(.data)
    state                                    0x2000001d   Data           1  comm_task.o(.data)
    PWM_waitBeforeStart_cnt                  0x20000022   Data           2  comm_task.o(.data)
    PWM1_period_cnt                          0x20000024   Data           2  comm_task.o(.data)
    PWM2_period_cnt                          0x20000026   Data           2  comm_task.o(.data)
    PWM3_period_cnt                          0x20000028   Data           2  comm_task.o(.data)
    PWM1_waitBetween_cnt                     0x2000002a   Data           2  comm_task.o(.data)
    PWM2_waitBetween_cnt                     0x2000002c   Data           2  comm_task.o(.data)
    PWM3_waitBetween_cnt                     0x2000002e   Data           2  comm_task.o(.data)
    PWM1_waitAfter_cnt                       0x20000030   Data           2  comm_task.o(.data)
    PWM2_waitAfter_cnt                       0x20000032   Data           2  comm_task.o(.data)
    PWM3_waitAfter_cnt                       0x20000034   Data           2  comm_task.o(.data)
    checkPressAgain_cnt                      0x20000036   Data           2  comm_task.o(.data)
    mode                                     0x20000038   Data           2  comm_task.o(.data)
    check_sum                                0x20000054   Data           2  comm_task.o(.data)
    mcu_state                                0x20000056   Data           1  key_led_task.o(.data)
    key_state                                0x20000057   Data           1  key_led_task.o(.data)
    g_uwDelayTime_ms                         0x2000005a   Data           2  common.o(.data)
    RegularConvData_Tab                      0x20000062   Data           4  hardware.o(.data)
    tmp_tick                                 0x20000068   Data           1  os_core.o(.data)
    pwm_tick_cnt                             0x2000006a   Data           2  os_core.o(.data)
    os_ticks                                 0x2000006c   Data           4  os_core.o(.data)
    sDataBuff                                0x20000084   Data         300  comm_task.o(.bss)
    sBackBuff                                0x200001b0   Data         300  comm_task.o(.bss)
    g_CmdReceive                             0x200002dc   Data         144  comm_task.o(.bss)
    send_fifo                                0x2000036c   Data          12  comm_task.o(.bss)
    parameter_buf                            0x20000378   Data         436  comm_task.o(.bss)
    send_buf                                 0x200005bf   Data         248  comm_task.o(.bss)
    task_array                               0x200006b8   Data         120  os_core.o(.bss)
    __libspace_start                         0x20000730   Data          96  libspace.o(.bss)
    __temporary_stack_top$libspace           0x20000790   Data           0  libspace.o(.bss)



==============================================================================

Memory Map of the image

  Image Entry point : 0x08001899

  Load Region LR_1 (Base: 0x08000000, Size: 0x000038a8, Max: 0xffffffff, ABSOLUTE)

    Execution Region ER_RO (Base: 0x08000000, Size: 0x00003824, Max: 0xffffffff, ABSOLUTE)

    Base Addr    Size         Type   Attr      Idx    E Section Name        Object

    0x08000000   0x000000c0   Data   RO          456    RESET               startup_stm32f0xx.o
    0x080000c0   0x00000008   Code   RO          623  * !!!main             c_p.l(__main.o)
    0x080000c8   0x0000003c   Code   RO          792    !!!scatter          c_p.l(__scatter.o)
    0x08000104   0x0000001a   Code   RO          794    !!handler_copy      c_p.l(__scatter_copy.o)
    0x0800011e   0x00000002   PAD
    0x08000120   0x0000001c   Code   RO          796    !!handler_zi        c_p.l(__scatter_zi.o)
    0x0800013c   0x00000002   Code   RO          661    .ARM.Collect$$libinit$$00000000  c_p.l(libinit.o)
    0x0800013e   0x00000000   Code   RO          675    .ARM.Collect$$libinit$$00000002  c_p.l(libinit2.o)
    0x0800013e   0x00000000   Code   RO          677    .ARM.Collect$$libinit$$00000004  c_p.l(libinit2.o)
    0x0800013e   0x00000000   Code   RO          680    .ARM.Collect$$libinit$$0000000A  c_p.l(libinit2.o)
    0x0800013e   0x00000000   Code   RO          682    .ARM.Collect$$libinit$$0000000C  c_p.l(libinit2.o)
    0x0800013e   0x00000000   Code   RO          684    .ARM.Collect$$libinit$$0000000E  c_p.l(libinit2.o)
    0x0800013e   0x00000000   Code   RO          687    .ARM.Collect$$libinit$$00000011  c_p.l(libinit2.o)
    0x0800013e   0x00000000   Code   RO          689    .ARM.Collect$$libinit$$00000013  c_p.l(libinit2.o)
    0x0800013e   0x00000000   Code   RO          691    .ARM.Collect$$libinit$$00000015  c_p.l(libinit2.o)
    0x0800013e   0x00000000   Code   RO          693    .ARM.Collect$$libinit$$00000017  c_p.l(libinit2.o)
    0x0800013e   0x00000000   Code   RO          695    .ARM.Collect$$libinit$$00000019  c_p.l(libinit2.o)
    0x0800013e   0x00000000   Code   RO          697    .ARM.Collect$$libinit$$0000001B  c_p.l(libinit2.o)
    0x0800013e   0x00000000   Code   RO          699    .ARM.Collect$$libinit$$0000001D  c_p.l(libinit2.o)
    0x0800013e   0x00000000   Code   RO          701    .ARM.Collect$$libinit$$0000001F  c_p.l(libinit2.o)
    0x0800013e   0x00000000   Code   RO          703    .ARM.Collect$$libinit$$00000021  c_p.l(libinit2.o)
    0x0800013e   0x00000000   Code   RO          705    .ARM.Collect$$libinit$$00000023  c_p.l(libinit2.o)
    0x0800013e   0x00000000   Code   RO          707    .ARM.Collect$$libinit$$00000025  c_p.l(libinit2.o)
    0x0800013e   0x00000000   Code   RO          711    .ARM.Collect$$libinit$$0000002C  c_p.l(libinit2.o)
    0x0800013e   0x00000000   Code   RO          713    .ARM.Collect$$libinit$$0000002E  c_p.l(libinit2.o)
    0x0800013e   0x00000000   Code   RO          715    .ARM.Collect$$libinit$$00000030  c_p.l(libinit2.o)
    0x0800013e   0x00000000   Code   RO          717    .ARM.Collect$$libinit$$00000032  c_p.l(libinit2.o)
    0x0800013e   0x00000002   Code   RO          718    .ARM.Collect$$libinit$$00000033  c_p.l(libinit2.o)
    0x08000140   0x00000002   Code   RO          749    .ARM.Collect$$libshutdown$$00000000  c_p.l(libshutdown.o)
    0x08000142   0x00000000   Code   RO          775    .ARM.Collect$$libshutdown$$00000002  c_p.l(libshutdown2.o)
    0x08000142   0x00000000   Code   RO          777    .ARM.Collect$$libshutdown$$00000004  c_p.l(libshutdown2.o)
    0x08000142   0x00000000   Code   RO          780    .ARM.Collect$$libshutdown$$00000007  c_p.l(libshutdown2.o)
    0x08000142   0x00000000   Code   RO          783    .ARM.Collect$$libshutdown$$0000000A  c_p.l(libshutdown2.o)
    0x08000142   0x00000000   Code   RO          785    .ARM.Collect$$libshutdown$$0000000C  c_p.l(libshutdown2.o)
    0x08000142   0x00000000   Code   RO          788    .ARM.Collect$$libshutdown$$0000000F  c_p.l(libshutdown2.o)
    0x08000142   0x00000002   Code   RO          789    .ARM.Collect$$libshutdown$$00000010  c_p.l(libshutdown2.o)
    0x08000144   0x00000000   Code   RO          625    .ARM.Collect$$rtentry$$00000000  c_p.l(__rtentry.o)
    0x08000144   0x00000000   Code   RO          631    .ARM.Collect$$rtentry$$00000002  c_p.l(__rtentry2.o)
    0x08000144   0x00000006   Code   RO          643    .ARM.Collect$$rtentry$$00000004  c_p.l(__rtentry4.o)
    0x0800014a   0x00000000   Code   RO          633    .ARM.Collect$$rtentry$$00000009  c_p.l(__rtentry2.o)
    0x0800014a   0x00000004   Code   RO          634    .ARM.Collect$$rtentry$$0000000A  c_p.l(__rtentry2.o)
    0x0800014e   0x00000000   Code   RO          636    .ARM.Collect$$rtentry$$0000000C  c_p.l(__rtentry2.o)
    0x0800014e   0x00000008   Code   RO          637    .ARM.Collect$$rtentry$$0000000D  c_p.l(__rtentry2.o)
    0x08000156   0x00000002   Code   RO          666    .ARM.Collect$$rtexit$$00000000  c_p.l(rtexit.o)
    0x08000158   0x00000000   Code   RO          722    .ARM.Collect$$rtexit$$00000002  c_p.l(rtexit2.o)
    0x08000158   0x00000004   Code   RO          723    .ARM.Collect$$rtexit$$00000003  c_p.l(rtexit2.o)
    0x0800015c   0x00000006   Code   RO          724    .ARM.Collect$$rtexit$$00000004  c_p.l(rtexit2.o)
    0x08000162   0x00000002   PAD
    0x08000164   0x00000038   Code   RO          611    .emb_text           c_p.l(rt_memcpy.o)
    0x0800019c   0x00000020   Code   RO            2    .text               main.o
    0x080001bc   0x0000002c   Code   RO           85    .text               stm32f0xx_it.o
    0x080001e8   0x0000013c   Code   RO          104    .text               system_stm32f0xx.o
    0x08000324   0x0000007c   Code   RO          126    .text               app.o
    0x080003a0   0x0000059c   Code   RO          186    .text               comm_task.o
    0x0800093c   0x000000f8   Code   RO          230    .text               key_led_task.o
    0x08000a34   0x000003ec   Code   RO          253    .text               protocol_module.o
    0x08000e20   0x00000020   Code   RO          279    .text               common.o
    0x08000e40   0x00000090   Code   RO          301    .text               delay.o
    0x08000ed0   0x000000a6   Code   RO          318    .text               fifo.o
    0x08000f76   0x00000092   Code   RO          331    .text               cmd_receive.o
    0x08001008   0x0000011c   Code   RO          354    .text               serial_port.o
    0x08001124   0x00000260   Code   RO          373    .text               i2c.o
    0x08001384   0x00000278   Code   RO          391    .text               hardware.o
    0x080015fc   0x000001d0   Code   RO          418    .text               motor_pwm.o
    0x080017cc   0x000000cc   Code   RO          434    .text               os_core.o
    0x08001898   0x00000038   Code   RO          457  * .text               startup_stm32f0xx.o
    0x080018d0   0x0000015c   Code   RO          462    .text               stm32f0xx_gpio.o
    0x08001a2c   0x0000040c   Code   RO          478    .text               stm32f0xx_rcc.o
    0x08001e38   0x0000007c   Code   RO          496    .text               stm32f0xx_misc.o
    0x08001eb4   0x00000462   Code   RO          512    .text               stm32f0xx_usart.o
    0x08002316   0x00000002   PAD
    0x08002318   0x0000091c   Code   RO          528    .text               stm32f0xx_tim.o
    0x08002c34   0x00000124   Code   RO          545    .text               stm32f0xx_dma.o
    0x08002d58   0x0000044c   Code   RO          577    .text               stm32f0xx_flash.o
    0x080031a4   0x00000224   Code   RO          594    .text               stm32f0xx_adc.o
    0x080033c8   0x00000082   Code   RO          612    .text               c_p.l(rt_memcpy.o)
    0x0800344a   0x00000040   Code   RO          615    .text               c_p.l(rt_memclr.o)
    0x0800348a   0x0000015a   Code   RO          617    .text               c_p.l(aeabi_sdiv.o)
    0x080035e4   0x00000006   Code   RO          621    .text               c_p.l(heapauxi.o)
    0x080035ea   0x0000003e   Code   RO          647    .text               c_p.l(sys_stackheap_outer.o)
    0x08003628   0x00000010   Code   RO          650    .text               c_p.l(exit.o)
    0x08003638   0x00000008   Code   RO          662    .text               c_p.l(libspace.o)
    0x08003640   0x0000000c   Code   RO          719    .text               c_p.l(sys_exit.o)
    0x0800364c   0x00000002   Code   RO          738    .text               c_p.l(use_no_semi.o)
    0x0800364e   0x00000000   Code   RO          740    .text               c_p.l(indicate_semi.o)
    0x0800364e   0x000001b4   Data   RO            3    .constdata          main.o
    0x08003802   0x00000002   PAD
    0x08003804   0x00000020   Data   RO          790    Region$$Table       anon$$obj.o


    Execution Region ER_RW (Base: 0x20000000, Size: 0x00000084, Max: 0xffffffff, ABSOLUTE)

    Base Addr    Size         Type   Attr      Idx    E Section Name        Object

    0x20000000   0x00000014   Data   RW          105    .data               system_stm32f0xx.o
    0x20000014   0x00000040   Data   RW          189    .data               comm_task.o
    0x20000054   0x00000002   Data   RW          191    .data               comm_task.o
    0x20000056   0x00000004   Data   RW          231    .data               key_led_task.o
    0x2000005a   0x00000002   Data   RW          280    .data               common.o
    0x2000005c   0x00000004   Data   RW          302    .data               delay.o
    0x20000060   0x00000002   Data   RW          374    .data               i2c.o
    0x20000062   0x00000004   Data   RW          393    .data               hardware.o
    0x20000066   0x00000002   PAD
    0x20000068   0x0000000c   Data   RW          436    .data               os_core.o
    0x20000074   0x00000010   Data   RW          479    .data               stm32f0xx_rcc.o


    Execution Region ER_ZI (Base: 0x20000084, Size: 0x00000d0c, Max: 0xffffffff, ABSOLUTE)

    Base Addr    Size         Type   Attr      Idx    E Section Name        Object

    0x20000084   0x0000053b   Zero   RW          187    .bss                comm_task.o
    0x200005bf   0x000000f8   Zero   RW          188    .bss                comm_task.o
    0x200006b7   0x00000001   PAD
    0x200006b8   0x00000078   Zero   RW          435    .bss                os_core.o
    0x20000730   0x00000060   Zero   RW          663    .bss                c_p.l(libspace.o)
    0x20000790   0x00000200   Zero   RW          455    HEAP                startup_stm32f0xx.o
    0x20000990   0x00000400   Zero   RW          454    STACK               startup_stm32f0xx.o


==============================================================================

Image component sizes


      Code (inc. data)   RO Data    RW Data    ZI Data      Debug   Object Name

       124         28          0          0          0      94482   app.o
       146          0          0          0          0       2862   cmd_receive.o
      1436         62          0         66       1587       8384   comm_task.o
        32          4          0          2          0       1365   common.o
       144         16          0          4          0        971   delay.o
       166          0          0          0          0       2059   fifo.o
       632         32          0          4          0       3916   hardware.o
       608         14          0          2          0       2833   i2c.o
       248         12          0          4          0       1851   key_led_task.o
        32          4        436          0          0      51063   main.o
       464         28          0          0          0       2137   motor_pwm.o
       204         10          0         12        120       2353   os_core.o
      1004         30          0          0          0      10213   protocol_module.o
       284          8          0          0          0       7025   serial_port.o
        56         26        192          0       1536        580   startup_stm32f0xx.o
       548         12          0          0          0       7059   stm32f0xx_adc.o
       292         12          0          0          0       3534   stm32f0xx_dma.o
      1100         20          0          0          0       7966   stm32f0xx_flash.o
       348         22          0          0          0       3765   stm32f0xx_gpio.o
        44          4          0          0          0        916   stm32f0xx_it.o
       124         16          0          0          0       1300   stm32f0xx_misc.o
      1036         38          0         16          0       8646   stm32f0xx_rcc.o
      2332        122          0          0          0      22459   stm32f0xx_tim.o
      1122         12          0          0          0      12471   stm32f0xx_usart.o
       316         28          0         20          0       1491   system_stm32f0xx.o

    ----------------------------------------------------------------------
     12844        560        662        132       3244     261701   Object Totals
         0          0         32          0          0          0   (incl. Generated)
         2          0          2          2          1          0   (incl. Padding)

    ----------------------------------------------------------------------

      Code (inc. data)   RO Data    RW Data    ZI Data      Debug   Library Member Name

         8          0          0          0          0         68   __main.o
         0          0          0          0          0          0   __rtentry.o
        12          0          0          0          0          0   __rtentry2.o
         6          0          0          0          0          0   __rtentry4.o
        60          8          0          0          0          0   __scatter.o
        26          0          0          0          0          0   __scatter_copy.o
        28          0          0          0          0          0   __scatter_zi.o
       346          0          0          0          0         92   aeabi_sdiv.o
        16          0          0          0          0         68   exit.o
         6          0          0          0          0        136   heapauxi.o
         0          0          0          0          0          0   indicate_semi.o
         2          0          0          0          0          0   libinit.o
         2          0          0          0          0          0   libinit2.o
         2          0          0          0          0          0   libshutdown.o
         2          0          0          0          0          0   libshutdown2.o
         8          4          0          0         96         68   libspace.o
        64          0          0          0          0        108   rt_memclr.o
       186          0          0          0          0        144   rt_memcpy.o
         2          0          0          0          0          0   rtexit.o
        10          0          0          0          0          0   rtexit2.o
        12          4          0          0          0         60   sys_exit.o
        62          0          0          0          0         80   sys_stackheap_outer.o
         2          0          0          0          0         68   use_no_semi.o

    ----------------------------------------------------------------------
       866         16          0          0         96        892   Library Totals
         4          0          0          0          0          0   (incl. Padding)

    ----------------------------------------------------------------------

      Code (inc. data)   RO Data    RW Data    ZI Data      Debug   Library Name

       862         16          0          0         96        892   c_p.l

    ----------------------------------------------------------------------
       866         16          0          0         96        892   Library Totals

    ----------------------------------------------------------------------

==============================================================================


      Code (inc. data)   RO Data    RW Data    ZI Data      Debug   

     13710        576        662        132       3340     259493   Grand Totals
     13710        576        662        132       3340     259493   ELF Image Totals
     13710        576        662        132          0          0   ROM Totals

==============================================================================

    Total RO  Size (Code + RO Data)                14372 (  14.04kB)
    Total RW  Size (RW Data + ZI Data)              3472 (   3.39kB)
    Total ROM Size (Code + RO Data + RW Data)      14504 (  14.16kB)

==============================================================================

